Component: ARM Compiler 5.06 update 6 (build 750) Tool: armlink [4d35ed]

==============================================================================

Section Cross References

    startup_stm32f407xx.o(STACK) refers (Special) to heapauxi.o(.text) for __use_two_region_memory
    startup_stm32f407xx.o(HEAP) refers (Special) to heapauxi.o(.text) for __use_two_region_memory
    startup_stm32f407xx.o(RESET) refers (Special) to heapauxi.o(.text) for __use_two_region_memory
    startup_stm32f407xx.o(RESET) refers to startup_stm32f407xx.o(STACK) for __initial_sp
    startup_stm32f407xx.o(RESET) refers to startup_stm32f407xx.o(.text) for Reset_Handler
    startup_stm32f407xx.o(RESET) refers to stm32f4xx_it.o(i.NMI_Handler) for NMI_Handler
    startup_stm32f407xx.o(RESET) refers to stm32f4xx_it.o(i.HardFault_Handler) for HardFault_Handler
    startup_stm32f407xx.o(RESET) refers to stm32f4xx_it.o(i.MemManage_Handler) for MemManage_Handler
    startup_stm32f407xx.o(RESET) refers to stm32f4xx_it.o(i.BusFault_Handler) for BusFault_Handler
    startup_stm32f407xx.o(RESET) refers to stm32f4xx_it.o(i.UsageFault_Handler) for UsageFault_Handler
    startup_stm32f407xx.o(RESET) refers to port.o(.emb_text) for SVC_Handler
    startup_stm32f407xx.o(RESET) refers to stm32f4xx_it.o(i.DebugMon_Handler) for DebugMon_Handler
    startup_stm32f407xx.o(RESET) refers to port.o(i.SysTick_Handler) for SysTick_Handler
    startup_stm32f407xx.o(RESET) refers to stm32f4xx_it.o(i.DMA1_Stream0_IRQHandler) for DMA1_Stream0_IRQHandler
    startup_stm32f407xx.o(RESET) refers to stm32f4xx_it.o(i.DMA1_Stream1_IRQHandler) for DMA1_Stream1_IRQHandler
    startup_stm32f407xx.o(RESET) refers to stm32f4xx_it.o(i.DMA1_Stream2_IRQHandler) for DMA1_Stream2_IRQHandler
    startup_stm32f407xx.o(RESET) refers to stm32f4xx_it.o(i.DMA1_Stream3_IRQHandler) for DMA1_Stream3_IRQHandler
    startup_stm32f407xx.o(RESET) refers to stm32f4xx_it.o(i.DMA1_Stream4_IRQHandler) for DMA1_Stream4_IRQHandler
    startup_stm32f407xx.o(RESET) refers to stm32f4xx_it.o(i.DMA1_Stream5_IRQHandler) for DMA1_Stream5_IRQHandler
    startup_stm32f407xx.o(RESET) refers to stm32f4xx_it.o(i.DMA1_Stream6_IRQHandler) for DMA1_Stream6_IRQHandler
    startup_stm32f407xx.o(RESET) refers to stm32f4xx_it.o(i.CAN1_TX_IRQHandler) for CAN1_TX_IRQHandler
    startup_stm32f407xx.o(RESET) refers to stm32f4xx_it.o(i.CAN1_RX0_IRQHandler) for CAN1_RX0_IRQHandler
    startup_stm32f407xx.o(RESET) refers to stm32f4xx_it.o(i.CAN1_RX1_IRQHandler) for CAN1_RX1_IRQHandler
    startup_stm32f407xx.o(RESET) refers to stm32f4xx_it.o(i.CAN1_SCE_IRQHandler) for CAN1_SCE_IRQHandler
    startup_stm32f407xx.o(RESET) refers to stm32f4xx_it.o(i.TIM1_UP_TIM10_IRQHandler) for TIM1_UP_TIM10_IRQHandler
    startup_stm32f407xx.o(RESET) refers to stm32f4xx_it.o(i.USART1_IRQHandler) for USART1_IRQHandler
    startup_stm32f407xx.o(RESET) refers to stm32f4xx_it.o(i.USART2_IRQHandler) for USART2_IRQHandler
    startup_stm32f407xx.o(RESET) refers to stm32f4xx_it.o(i.USART3_IRQHandler) for USART3_IRQHandler
    startup_stm32f407xx.o(RESET) refers to stm32f4xx_it.o(i.DMA1_Stream7_IRQHandler) for DMA1_Stream7_IRQHandler
    startup_stm32f407xx.o(RESET) refers to stm32f4xx_it.o(i.UART4_IRQHandler) for UART4_IRQHandler
    startup_stm32f407xx.o(RESET) refers to stm32f4xx_it.o(i.UART5_IRQHandler) for UART5_IRQHandler
    startup_stm32f407xx.o(RESET) refers to stm32f4xx_it.o(i.DMA2_Stream1_IRQHandler) for DMA2_Stream1_IRQHandler
    startup_stm32f407xx.o(RESET) refers to stm32f4xx_it.o(i.DMA2_Stream2_IRQHandler) for DMA2_Stream2_IRQHandler
    startup_stm32f407xx.o(RESET) refers to stm32f4xx_it.o(i.CAN2_TX_IRQHandler) for CAN2_TX_IRQHandler
    startup_stm32f407xx.o(RESET) refers to stm32f4xx_it.o(i.CAN2_RX0_IRQHandler) for CAN2_RX0_IRQHandler
    startup_stm32f407xx.o(RESET) refers to stm32f4xx_it.o(i.CAN2_RX1_IRQHandler) for CAN2_RX1_IRQHandler
    startup_stm32f407xx.o(RESET) refers to stm32f4xx_it.o(i.CAN2_SCE_IRQHandler) for CAN2_SCE_IRQHandler
    startup_stm32f407xx.o(RESET) refers to stm32f4xx_it.o(i.OTG_FS_IRQHandler) for OTG_FS_IRQHandler
    startup_stm32f407xx.o(RESET) refers to stm32f4xx_it.o(i.DMA2_Stream6_IRQHandler) for DMA2_Stream6_IRQHandler
    startup_stm32f407xx.o(RESET) refers to stm32f4xx_it.o(i.DMA2_Stream7_IRQHandler) for DMA2_Stream7_IRQHandler
    startup_stm32f407xx.o(RESET) refers to stm32f4xx_it.o(i.USART6_IRQHandler) for USART6_IRQHandler
    startup_stm32f407xx.o(.text) refers (Special) to heapauxi.o(.text) for __use_two_region_memory
    startup_stm32f407xx.o(.text) refers to system_stm32f4xx.o(i.SystemInit) for SystemInit
    startup_stm32f407xx.o(.text) refers to __main.o(!!!main) for __main
    startup_stm32f407xx.o(.text) refers to startup_stm32f407xx.o(HEAP) for Heap_Mem
    startup_stm32f407xx.o(.text) refers to startup_stm32f407xx.o(STACK) for Stack_Mem
[...]
    TIM_OC2_SetConfig                        0x08004291   Thumb Code   112  stm32f4xx_hal_tim.o(i.TIM_OC2_SetConfig)
    UART4_IRQHandler                         0x080043d9   Thumb Code    18  stm32f4xx_it.o(i.UART4_IRQHandler)
    UART5_IRQHandler                         0x080043f1   Thumb Code     6  stm32f4xx_it.o(i.UART5_IRQHandler)
    UART_Start_Receive_DMA                   0x0800473d   Thumb Code   134  stm32f4xx_hal_uart.o(i.UART_Start_Receive_DMA)
    USART1_IRQHandler                        0x08004831   Thumb Code    18  stm32f4xx_it.o(i.USART1_IRQHandler)
    USART2_IRQHandler                        0x08004849   Thumb Code    18  stm32f4xx_it.o(i.USART2_IRQHandler)
    USART3_IRQHandler                        0x08004861   Thumb Code     6  stm32f4xx_it.o(i.USART3_IRQHandler)
    USART6_IRQHandler                        0x0800486d   Thumb Code    18  stm32f4xx_it.o(i.USART6_IRQHandler)
    USER_UART_IDLECallback                   0x08004885   Thumb Code   100  bsp_usart.o(i.USER_UART_IDLECallback)
    USER_UART_IRQHandler                     0x080048fd   Thumb Code    38  bsp_usart.o(i.USER_UART_IRQHandler)
    USER_UART_Init                           0x08004925   Thumb Code    94  bsp_usart.o(i.USER_UART_Init)
    UsageFault_Handler                       0x08004995   Thumb Code     2  stm32f4xx_it.o(i.UsageFault_Handler)
    __ARM_fpclassify                         0x08004ac1   Thumb Code    48  fpclassify.o(i.__ARM_fpclassify)
    __ARM_fpclassifyf                        0x08004af1   Thumb Code    38  fpclassifyf.o(i.__ARM_fpclassifyf)
    __hardfp_atan                            0x08004b19   Thumb Code   622  atan.o(i.__hardfp_atan)
    __hardfp_atan2                           0x08004df1   Thumb Code   432  atan2.o(i.__hardfp_atan2)
    __hardfp_cosf                            0x08004fe1   Thumb Code   280  cosf.o(i.__hardfp_cosf)
    __hardfp_pow                             0x08005131   Thumb Code  3072  pow.o(i.__hardfp_pow)
    __hardfp_sinf                            0x08005d81   Thumb Code   344  sinf.o(i.__hardfp_sinf)
    __hardfp_sqrt                            0x08005f11   Thumb Code   122  sqrt_full.o(i.__hardfp_sqrt)
    __kernel_poly                            0x08005f8b   Thumb Code   248  poly.o(i.__kernel_poly)
    __mathlib_dbl_divzero                    0x08006089   Thumb Code    28  dunder.o(i.__mathlib_dbl_divzero)
    __mathlib_dbl_infnan                     0x080060b9   Thumb Code    20  dunder.o(i.__mathlib_dbl_infnan)
    __mathlib_dbl_infnan2                    0x080060cd   Thumb Code    20  dunder.o(i.__mathlib_dbl_infnan2)
    __mathlib_dbl_invalid                    0x080060e1   Thumb Code    24  dunder.o(i.__mathlib_dbl_invalid)
    __mathlib_dbl_overflow                   0x08006101   Thumb Code    24  dunder.o(i.__mathlib_dbl_overflow)
    __mathlib_dbl_underflow                  0x08006121   Thumb Code    24  dunder.o(i.__mathlib_dbl_underflow)
    __mathlib_flt_infnan                     0x08006141   Thumb Code     6  funder.o(i.__mathlib_flt_infnan)
    __mathlib_flt_invalid                    0x08006149   Thumb Code    10  funder.o(i.__mathlib_flt_invalid)
    __mathlib_flt_underflow                  0x08006159   Thumb Code    10  funder.o(i.__mathlib_flt_underflow)
    __mathlib_rredf2                         0x08006169   Thumb Code   316  rredf.o(i.__mathlib_rredf2)
    abs_limit                                0x080062bd   Thumb Code    48  pid.o(i.abs_limit)
    atan                                     0x080062ed   Thumb Code    16  atan.o(i.atan)
    can1_send_chassis_message                0x080062fd   Thumb Code   130  bsp_can.o(i.can1_send_chassis_message)
    can1_send_game_msg                       0x0800638d   Thumb Code   314  bsp_can.o(i.can1_send_game_msg)
    can1_send_message                        0x080064d5   Thumb Code   126  bsp_can.o(i.can1_send_message)
    can1_send_spd_msg                        0x08006561   Thumb Code    82  bsp_can.o(i.can1_send_spd_msg)
    can1_send_supercap                       0x080065c5   Thumb Code    60  bsp_can.o(i.can1_send_supercap)
    can2_send_message                        0x0800660d   Thumb Code   126  bsp_can.o(i.can2_send_message)
    can_device_init                          0x08006699   Thumb Code    50  bsp_can.o(i.can_device_init)
    can_msg_chassis_to_gimbal                0x080066e1   Thumb Code    24  comm_task.o(i.can_msg_chassis_to_gimbal)
    can_msg_read                             0x080066f9   Thumb Code    24  chassis_task.o(i.can_msg_read)
    can_msg_send_task                        0x08006715   Thumb Code   268  comm_task.o(i.can_msg_send_task)
    canx_init                                0x08006831   Thumb Code   112  bsp_can.o(i.canx_init)
    chassis_init                             0x080068ad   Thumb Code   234  chassis_task.o(i.chassis_init)
    chassis_pid_calcu                        0x08006a55   Thumb Code   282  chassis_task.o(i.chassis_pid_calcu)
    chassis_spd_distribution                 0x08006b95   Thumb Code   986  chassis_task.o(i.chassis_spd_distribution)
    chassis_task                             0x08006f9d   Thumb Code   248  chassis_task.o(i.chassis_task)
    circle_error                             0x080070b1   Thumb Code    76  math_calcu.o(i.circle_error)
    data_limit                               0x08007101   Thumb Code    32  math_calcu.o(i.data_limit)
    encoder_data_handler                     0x08007121   Thumb Code    58  bsp_can.o(i.encoder_data_handler)
    fabs                                     0x0800715b   Thumb Code    24  fabs.o(i.fabs)
    get_CRC16_check_sum                      0x08007175   Thumb Code    38  crc8_crc16.o(i.get_CRC16_check_sum)
    get_CRC8_check_sum                       0x080071a1   Thumb Code    24  crc8_crc16.o(i.get_CRC8_check_sum)
    judge_data_handler                       0x080071cd   Thumb Code   626  bsp_judge.o(i.judge_data_handler)
    judge_msg_get                            0x0800744d   Thumb Code    38  bsp_can.o(i.judge_msg_get)
    main                                     0x08007479   Thumb Code   118  main.o(i.main)
    osDelay                                  0x080074fb   Thumb Code    16  cmsis_os.o(i.osDelay)
    osDelayUntil                             0x0800750b   Thumb Code    16  cmsis_os.o(i.osDelayUntil)
    osKernelStart                            0x0800751b   Thumb Code    10  cmsis_os.o(i.osKernelStart)
    osKernelSysTick                          0x08007525   Thumb Code    24  cmsis_os.o(i.osKernelSysTick)
    osSignalSet                              0x0800753d   Thumb Code   100  cmsis_os.o(i.osSignalSet)
    osThreadCreate                           0x080075a5   Thumb Code    92  cmsis_os.o(i.osThreadCreate)
    pid_calc                                 0x08007601   Thumb Code   482  pid.o(i.pid_calc)
    pvPortMalloc                             0x08008029   Thumb Code   224  heap_4.o(i.pvPortMalloc)
    pxPortInitialiseStack                    0x08008111   Thumb Code    38  port.o(i.pxPortInitialiseStack)
    rc_FSM                                   0x0800813d   Thumb Code   182  remote_msg.o(i.rc_FSM)
    rc_callback_handler                      0x08008201   Thumb Code   186  remote_msg.o(i.rc_callback_handler)
    rudder_odom_cal                          0x080082c1   Thumb Code   768  chassis_task.o(i.rudder_odom_cal)
    sqrt                                     0x080085e1   Thumb Code   110  sqrt_full.o(i.sqrt)
    status_init                              0x08008651   Thumb Code    48  status_task.o(i.status_init)
    status_task                              0x08008685   Thumb Code   262  status_task.o(i.status_task)
    steering_calc                            0x080087a5   Thumb Code   990  chassis_task.o(i.steering_calc)
    supercap_control                         0x08008bb5   Thumb Code   150  bsp_powerlimit.o(i.supercap_control)
    supercap_mode_update                     0x08008c59   Thumb Code    56  bsp_powerlimit.o(i.supercap_mode_update)
    uxListRemove                             0x08008ca5   Thumb Code    38  list.o(i.uxListRemove)
    vApplicationGetIdleTaskMemory            0x08008ccd   Thumb Code    16  freertos.o(i.vApplicationGetIdleTaskMemory)
    vApplicationGetTimerTaskMemory           0x08008ce1   Thumb Code    18  freertos.o(i.vApplicationGetTimerTaskMemory)
    vListInitialise                          0x08008cf9   Thumb Code    22  list.o(i.vListInitialise)
    vListInitialiseItem                      0x08008d0f   Thumb Code     6  list.o(i.vListInitialiseItem)
    vListInsert                              0x08008d15   Thumb Code    54  list.o(i.vListInsert)
    vListInsertEnd                           0x08008d4b   Thumb Code    24  list.o(i.vListInsertEnd)
    vPortEnterCritical                       0x08008d65   Thumb Code    54  port.o(i.vPortEnterCritical)
    vPortExitCritical                        0x08008da5   Thumb Code    38  port.o(i.vPortExitCritical)
    vPortFree                                0x08008dd1   Thumb Code    94  heap_4.o(i.vPortFree)
    vPortSetupTimerInterrupt                 0x08008e35   Thumb Code    32  port.o(i.vPortSetupTimerInterrupt)
    vPortValidateInterruptPriority           0x08008e59   Thumb Code    74  port.o(i.vPortValidateInterruptPriority)
    vQueueAddToRegistry                      0x08008ead   Thumb Code    34  queue.o(i.vQueueAddToRegistry)
    vQueueWaitForMessageRestricted           0x08008ed5   Thumb Code    74  queue.o(i.vQueueWaitForMessageRestricted)
    vTaskDelay                               0x08008f21   Thumb Code    70  tasks.o(i.vTaskDelay)
    vTaskDelayUntil                          0x08008f71   Thumb Code   146  tasks.o(i.vTaskDelayUntil)
    vTaskInternalSetTimeOutState             0x0800900d   Thumb Code    12  tasks.o(i.vTaskInternalSetTimeOutState)
    vTaskMissedYield                         0x0800901d   Thumb Code     8  tasks.o(i.vTaskMissedYield)
    vTaskPlaceOnEventList                    0x08009029   Thumb Code    48  tasks.o(i.vTaskPlaceOnEventList)
    vTaskPlaceOnEventListRestricted          0x0800905d   Thumb Code    54  tasks.o(i.vTaskPlaceOnEventListRestricted)
    vTaskStartScheduler                      0x08009099   Thumb Code   128  tasks.o(i.vTaskStartScheduler)
    vTaskSuspendAll                          0x08009129   Thumb Code    10  tasks.o(i.vTaskSuspendAll)
    vTaskSwitchContext                       0x08009139   Thumb Code    86  tasks.o(i.vTaskSwitchContext)
    verify_CRC16_check_sum                   0x08009199   Thumb Code    54  crc8_crc16.o(i.verify_CRC16_check_sum)
    verify_CRC8_check_sum                    0x080091d5   Thumb Code    38  crc8_crc16.o(i.verify_CRC8_check_sum)
    xPortGetFreeHeapSize                     0x080091fd   Thumb Code     6  heap_4.o(i.xPortGetFreeHeapSize)
    xPortStartScheduler                      0x08009209   Thumb Code   232  port.o(i.xPortStartScheduler)
    xQueueGenericCreateStatic                0x0800930d   Thumb Code   112  queue.o(i.xQueueGenericCreateStatic)
    xQueueGenericReset                       0x0800937d   Thumb Code   138  queue.o(i.xQueueGenericReset)
    xQueueGenericSend                        0x0800940d   Thumb Code   362  queue.o(i.xQueueGenericSend)
    xQueueGenericSendFromISR                 0x0800957d   Thumb Code   190  queue.o(i.xQueueGenericSendFromISR)
    xQueueReceive                            0x0800963d   Thumb Code   322  queue.o(i.xQueueReceive)
    xTaskCheckForTimeOut                     0x08009785   Thumb Code   122  tasks.o(i.xTaskCheckForTimeOut)
    xTaskCreate                              0x08009805   Thumb Code   108  tasks.o(i.xTaskCreate)
    xTaskCreateStatic                        0x08009871   Thumb Code    96  tasks.o(i.xTaskCreateStatic)
    xTaskGenericNotify                       0x080098d1   Thumb Code   222  tasks.o(i.xTaskGenericNotify)
    xTaskGenericNotifyFromISR                0x080099bd   Thumb Code   262  tasks.o(i.xTaskGenericNotifyFromISR)
    xTaskGetSchedulerState                   0x08009ad1   Thumb Code    24  tasks.o(i.xTaskGetSchedulerState)
    xTaskGetTickCount                        0x08009aed   Thumb Code     6  tasks.o(i.xTaskGetTickCount)
    xTaskGetTickCountFromISR                 0x08009af9   Thumb Code    12  tasks.o(i.xTaskGetTickCountFromISR)
    xTaskIncrementTick                       0x08009b09   Thumb Code   202  tasks.o(i.xTaskIncrementTick)
    xTaskPriorityDisinherit                  0x08009bdd   Thumb Code   146  tasks.o(i.xTaskPriorityDisinherit)
    xTaskRemoveFromEventList                 0x08009c79   Thumb Code   108  tasks.o(i.xTaskRemoveFromEventList)
    xTaskResumeAll                           0x08009cf1   Thumb Code   190  tasks.o(i.xTaskResumeAll)
    xTimerCreateTimerTask                    0x08009dbd   Thumb Code    86  timers.o(i.xTimerCreateTimerTask)
    xTimerGenericCommand                     0x08009e25   Thumb Code   112  timers.o(i.xTimerGenericCommand)
    __aeabi_dneg                             0x08009e99   Thumb Code     0  basic.o(x$fpl$basic)
    _dneg                                    0x08009e99   Thumb Code     6  basic.o(x$fpl$basic)
    __aeabi_fneg                             0x08009e9f   Thumb Code     0  basic.o(x$fpl$basic)
    _fneg                                    0x08009e9f   Thumb Code     6  basic.o(x$fpl$basic)
    _dabs                                    0x08009ea5   Thumb Code     6  basic.o(x$fpl$basic)
    _fabs                                    0x08009eab   Thumb Code     6  basic.o(x$fpl$basic)
    __aeabi_dadd                             0x08009eb1   Thumb Code     0  daddsub_clz.o(x$fpl$dadd)
    _dadd                                    0x08009eb1   Thumb Code   580  daddsub_clz.o(x$fpl$dadd)
    __fpl_dcheck_NaN1                        0x0800a0fd   Thumb Code    28  dcheck1.o(x$fpl$dcheck1)
    __fpl_dcmp_Inf                           0x0800a119   Thumb Code    24  dcmpi.o(x$fpl$dcmpinf)
    __aeabi_ddiv                             0x0800a131   Thumb Code     0  ddiv_clz.o(x$fpl$ddiv)
    _ddiv                                    0x0800a131   Thumb Code   748  ddiv_clz.o(x$fpl$ddiv)
    __aeabi_d2iz                             0x0800a4ad   Thumb Code     0  dfix.o(x$fpl$dfix)
    _dfix                                    0x0800a4ad   Thumb Code   192  dfix.o(x$fpl$dfix)
    __aeabi_i2d                              0x0800a575   Thumb Code     0  dflt_clz.o(x$fpl$dflt)
    _dflt                                    0x0800a575   Thumb Code    46  dflt_clz.o(x$fpl$dflt)
    __dflt_normalise                         0x0800a5a3   Thumb Code    26  dflt_clz.o(x$fpl$dfltn)
    __aeabi_cdcmple                          0x0800a5bd   Thumb Code     0  dleqf.o(x$fpl$dleqf)
    _dcmple                                  0x0800a5bd   Thumb Code   120  dleqf.o(x$fpl$dleqf)
    __fpl_dcmple_InfNaN                      0x0800a615   Thumb Code     0  dleqf.o(x$fpl$dleqf)
    __aeabi_dmul                             0x0800a635   Thumb Code     0  dmul_clz.o(x$fpl$dmul)
    _dmul                                    0x0800a635   Thumb Code   440  dmul_clz.o(x$fpl$dmul)
    __fpl_dnaninf                            0x0800a7f5   Thumb Code   258  dnaninf.o(x$fpl$dnaninf)
    __fpl_drenorm2                           0x0800a8f7   Thumb Code   106  drenorm_clz.o(x$fpl$drenorm)
    __fpl_drenorm1                           0x0800a961   Thumb Code     6  drenorm_clz.o(x$fpl$drenorm)
    __fpl_dretinf                            0x0800a967   Thumb Code    12  dretinf.o(x$fpl$dretinf)
    __aeabi_cdrcmple                         0x0800a973   Thumb Code     0  drleqf.o(x$fpl$drleqf)
    _drcmple                                 0x0800a973   Thumb Code    98  drleqf.o(x$fpl$drleqf)
    __aeabi_drsub                            0x0800a9d5   Thumb Code     0  daddsub_clz.o(x$fpl$drsb)
    _drsb                                    0x0800a9d5   Thumb Code    74  daddsub_clz.o(x$fpl$drsb)
    _dsqrt                                   0x0800aa25   Thumb Code   520  dsqrt_umaalclz.o(x$fpl$dsqrt)
    __aeabi_dsub                             0x0800ac2d   Thumb Code     0  daddsub_clz.o(x$fpl$dsub)
    _dsub                                    0x0800ac2d   Thumb Code   664  daddsub_clz.o(x$fpl$dsub)
    __dunder                                 0x0800aec9   Thumb Code   314  dunder_clz.o(x$fpl$dunder)
    __dunder_d                               0x0800b003   Thumb Code    64  dunder_clz.o(x$fpl$dunder)
    __fpl_exception                          0x0800b045   Thumb Code   454  except.o(x$fpl$exception)
    __aeabi_f2d                              0x0800b231   Thumb Code     0  f2d.o(x$fpl$f2d)
    _f2d                                     0x0800b231   Thumb Code   122  f2d.o(x$fpl$f2d)
    __fpl_fnaninf                            0x0800b2ab   Thumb Code   242  fnaninf.o(x$fpl$fnaninf)
    _fp_init                                 0x0800b39d   Thumb Code    10  fpinit.o(x$fpl$fpinit)
    __fplib_config_fpu_vfp                   0x0800b3a5   Thumb Code     0  fpinit.o(x$fpl$fpinit)
    __fplib_config_pureend_doubles           0x0800b3a5   Thumb Code     0  fpinit.o(x$fpl$fpinit)
    __funder                                 0x0800b3a7   Thumb Code   254  funder_clz.o(x$fpl$funder)
    __funder_d                               0x0800b4a5   Thumb Code    62  funder_clz.o(x$fpl$funder)
    __fpl_return_NaN                         0x0800b4e3   Thumb Code   178  retnan.o(x$fpl$retnan)
    __ARM_scalbn                             0x0800b595   Thumb Code   270  scalbn_clz.o(x$fpl$scalbn)
    _fp_trapveneer                           0x0800b6a9   Thumb Code    36  trapv.o(x$fpl$trapveneer)
    __fpl_cmpreturn                          0x0800b6cd   Thumb Code    90  trapv.o(x$fpl$trapveneer)
    AHBPrescTable                            0x0800b726   Data          16  system_stm32f4xx.o(.constdata)
    __I$use$fp                               0x0800b726   Number         0  usenofp.o(x$fpl$usenofp)
    APBPrescTable                            0x0800b736   Data           8  system_stm32f4xx.o(.constdata)
    CRC8_table                               0x0800b800   Data         256  crc8_crc16.o(.constdata)
    wCRC_table                               0x0800b900   Data         512  crc8_crc16.o(.constdata)
    __mathlib_zero                           0x0800bc28   Data           8  qnan.o(.constdata)
    Region$$Table$$Base                      0x0800bc90   Number         0  anon$$obj.o(Region$$Table)
    Region$$Table$$Limit                     0x0800bcb0   Number         0  anon$$obj.o(Region$$Table)
    SystemCoreClock                          0x20000000   Data           4  system_stm32f4xx.o(.data)
    chassis_task_t                           0x20000004   Data           4  freertos.o(.data)
    can_msg_send_task_t                      0x20000008   Data           4  freertos.o(.data)
    status_task_t                            0x2000000c   Data           4  freertos.o(.data)
    msg_to_gimbalTask_t                      0x20000010   Data           4  freertos.o(.data)
    defaultTaskHandle                        0x20000014   Data           4  freertos.o(.data)
    hcrc                                     0x2000001c   Data           8  crc.o(.data)
    lock_flag                                0x20000024   Data           1  modeswitch_task.o(.data)
    ctrl_mode                                0x20000026   Data           1  modeswitch_task.o(.data)
    vision_mode                              0x20000027   Data           1  modeswitch_task.o(.data)
    led_task_size                            0x2000002c   Data           4  status_task.o(.data)
    MAX_POWER_JUDGE                          0x20000050   Data           1  bsp_powerlimit.o(.data)
    supercap_status_flag                     0x20000051   Data           1  bsp_powerlimit.o(.data)
    test_run_period                          0x20000054   Data           4  bsp_powerlimit.o(.data)
    gimbal_status                            0x20000063   Data           1  bsp_can.o(.data)
    CAN1_Tx_data                             0x20000080   Data           8  bsp_can.o(.data)
    CAN2_Tx_data                             0x20000088   Data           8  bsp_can.o(.data)
    Game_Result                              0x20000090   Data           1  bsp_judge.o(.data)
    Dart_Remaining_Time                      0x20000091   Data           1  bsp_judge.o(.data)
    Buff                                     0x20000092   Data           1  bsp_judge.o(.data)
    Aerial_Robot_Energy                      0x20000093   Data           1  bsp_judge.o(.data)
    Robot_Hurt                               0x20000094   Data           1  bsp_judge.o(.data)
    Referee_Warning                          0x20000095   Data           2  bsp_judge.o(.data)
    Dart_Status                              0x20000097   Data           3  bsp_judge.o(.data)
    Event_Data                               0x2000009a   Data           4  bsp_judge.o(.data)
    Supply_Projectile_Action                 0x2000009e   Data           4  bsp_judge.o(.data)
    RFID_Status                              0x200000a2   Data           4  bsp_judge.o(.data)
    FrameHeader                              0x200000a6   Data           5  bsp_judge.o(.data)
    Bullet_Remaining                         0x200000ab   Data           6  bsp_judge.o(.data)
    Shoot_Data                               0x200000b1   Data           7  bsp_judge.o(.data)
    kalman2_pit_param                        0x200000b8   Data         180  kalmanfilter.o(.data)
    kalman2_yaw_param                        0x2000016c   Data         180  kalmanfilter.o(.data)
    rc_normal_flag                           0x20000220   Data           1  remote_msg.o(.data)
    CRC16_INIT                               0x20000224   Data           2  crc8_crc16.o(.data)
    uwTickFreq                               0x20000228   Data           1  stm32f4xx_hal.o(.data)
    uwTickPrio                               0x2000022c   Data           4  stm32f4xx_hal.o(.data)
    uwTick                                   0x20000230   Data           4  stm32f4xx_hal.o(.data)
    pxCurrentTCB                             0x20000234   Data           4  tasks.o(.data)
    hcan1                                    0x20000958   Data          40  can.o(.bss)
    hcan2                                    0x20000980   Data          40  can.o(.bss)
    htim2                                    0x200009a8   Data          72  tim.o(.bss)
    htim3                                    0x200009f0   Data          72  tim.o(.bss)
    htim4                                    0x20000a38   Data          72  tim.o(.bss)
    htim12                                   0x20000a80   Data          72  tim.o(.bss)
    htim13                                   0x20000ac8   Data          72  tim.o(.bss)
    huart4                                   0x20000b10   Data          68  usart.o(.bss)
    huart5                                   0x20000b54   Data          68  usart.o(.bss)
    huart1                                   0x20000b98   Data          68  usart.o(.bss)
    huart2                                   0x20000bdc   Data          68  usart.o(.bss)
    huart3                                   0x20000c20   Data          68  usart.o(.bss)
    huart6                                   0x20000c64   Data          68  usart.o(.bss)
    hdma_uart4_rx                            0x20000ca8   Data          96  usart.o(.bss)
    hdma_uart4_tx                            0x20000d08   Data          96  usart.o(.bss)
    hdma_uart5_rx                            0x20000d68   Data          96  usart.o(.bss)
    hdma_uart5_tx                            0x20000dc8   Data          96  usart.o(.bss)
    hdma_usart1_rx                           0x20000e28   Data          96  usart.o(.bss)
    hdma_usart1_tx                           0x20000e88   Data          96  usart.o(.bss)
    hdma_usart2_rx                           0x20000ee8   Data          96  usart.o(.bss)
    hdma_usart2_tx                           0x20000f48   Data          96  usart.o(.bss)
    hdma_usart3_rx                           0x20000fa8   Data          96  usart.o(.bss)
    hdma_usart3_tx                           0x20001008   Data          96  usart.o(.bss)
    hdma_usart6_rx                           0x20001068   Data          96  usart.o(.bss)
    hdma_usart6_tx                           0x200010c8   Data          96  usart.o(.bss)
    htim10                                   0x20001128   Data          72  stm32f4xx_hal_timebase_tim.o(.bss)
    status                                   0x20001170   Data          13  status_task.o(.bss)
    chassis                                  0x20001180   Data         272  chassis_task.o(.bss)
    motor_cur                                0x20001290   Data          22  comm_task.o(.bss)
    powercontrol                             0x200012a8   Data          40  bsp_powerlimit.o(.bss)
    supercap                                 0x200012d0   Data          40  bsp_powerlimit.o(.bss)
    moto_chassis                             0x200012f8   Data          96  bsp_can.o(.bss)
    moto_chassis_6020                        0x20001358   Data          96  bsp_can.o(.bss)
    Tx1Message                               0x200013b8   Data          24  bsp_can.o(.bss)
    Tx2Message                               0x200013d0   Data          24  bsp_can.o(.bss)
    Game_Status                              0x200013e8   Data          48  bsp_can.o(.bss)
    can_rx_data                              0x20001418   Data          36  bsp_can.o(.bss)
    dma_judge_buf                            0x2000143c   Data         100  bsp_usart.o(.bss)
    dma_dbus_buf                             0x200014a0   Data          18  bsp_usart.o(.bss)
    dma_vision_buf                           0x200014b2   Data          20  bsp_usart.o(.bss)
    Game_State                               0x200014c6   Data          11  bsp_judge.o(.bss)
    RobotHP                                  0x200014d1   Data          32  bsp_judge.o(.bss)
    Game_Robot_Status                        0x200014f1   Data          27  bsp_judge.o(.bss)
    Power_Heat_Data                          0x2000150c   Data          16  bsp_judge.o(.bss)
    Robot_Position                           0x2000151c   Data          16  bsp_judge.o(.bss)
    Dart_Client                              0x2000152c   Data          12  bsp_judge.o(.bss)
    Radar_Client                             0x20001538   Data          30  bsp_judge.o(.bss)
    robot_judge_msg                          0x20001556   Data         179  bsp_judge.o(.bss)
    pid_chassis_spd                          0x2000160c   Data         448  pid.o(.bss)
    pid_chassis_6020_ecd                     0x200017cc   Data         448  pid.o(.bss)
    pid_chassis_6020_spd                     0x2000198c   Data         448  pid.o(.bss)
    kalman_yaw_angle_error                   0x20001b4c   Data          48  kalmanfilter.o(.bss)
    kalman_yaw_aim_speed                     0x20001b7c   Data          48  kalmanfilter.o(.bss)
    kalman_yaw_abs_speed                     0x20001bac   Data          48  kalmanfilter.o(.bss)
    kalman_yaw_imu_speed                     0x20001bdc   Data          48  kalmanfilter.o(.bss)
    kalman_bullet_time                       0x20001c0c   Data          48  kalmanfilter.o(.bss)
    kalman_pit_angle_error                   0x20001c3c   Data          48  kalmanfilter.o(.bss)
    kalman_yaw_energy                        0x20001c6c   Data          48  kalmanfilter.o(.bss)
    kalman_pit_energy                        0x20001c9c   Data          48  kalmanfilter.o(.bss)
    kalman2_pit_filter                       0x20001ccc   Data         108  kalmanfilter.o(.bss)
    kalman2_yaw_filter                       0x20001d38   Data         108  kalmanfilter.o(.bss)
    kb_status                                0x20001da4   Data          11  remote_msg.o(.bss)
    rc                                       0x20001dba   Data          23  remote_msg.o(.bss)
    scale                                    0x20001dd4   Data          20  remote_msg.o(.bss)
    test_sin                                 0x20001de8   Data          36  func_generator.o(.bss)
    test_cos                                 0x20001e0c   Data          36  func_generator.o(.bss)
    test_sqr                                 0x20001e30   Data          40  func_generator.o(.bss)
    test_agl                                 0x20001e58   Data          40  func_generator.o(.bss)
    test_npz_101                             0x20001e80   Data          24  func_generator.o(.bss)
    test_npz_10                              0x20001e98   Data          24  func_generator.o(.bss)
    test_pit                                 0x20001eb0   Data          40  func_generator.o(.bss)
    xQueueRegistry                           0x20001ed8   Data          64  queue.o(.bss)
    __libspace_start                         0x20005cf0   Data          96  libspace.o(.bss)
    __temporary_stack_top$libspace           0x20005d50   Data           0  libspace.o(.bss)



==============================================================================

Memory Map of the image

  Image Entry point : 0x08000189

  Load Region LR_IROM1 (Base: 0x08000000, Size: 0x0000bf60, Max: 0x00080000, ABSOLUTE, COMPRESSED[0x0000bce8])

    Execution Region ER_IROM1 (Exec base: 0x08000000, Load base: 0x08000000, Size: 0x0000bcb0, Max: 0x00080000, ABSOLUTE)

    Exec Addr    Load Addr    Size         Type   Attr      Idx    E Section Name        Object

    0x08000000   0x08000000   0x00000188   Data   RO            3    RESET               startup_stm32f407xx.o
    0x08000188   0x08000188   0x00000008   Code   RO         7660  * !!!main             c_w.l(__main.o)
    0x08000190   0x08000190   0x00000034   Code   RO         8131    !!!scatter          c_w.l(__scatter.o)
    0x080001c4   0x080001c4   0x0000005a   Code   RO         8129    !!dczerorl2         c_w.l(__dczerorl2.o)
    0x0800021e   0x0800021e   0x00000002   PAD
    0x08000220   0x08000220   0x0000001c   Code   RO         8133    !!handler_zi        c_w.l(__scatter_zi.o)
    0x0800023c   0x0800023c   0x00000002   Code   RO         8068    .ARM.Collect$$libinit$$00000000  c_w.l(libinit.o)
    0x0800023e   0x0800023e   0x00000004   Code   RO         7832    .ARM.Collect$$libinit$$00000001  c_w.l(libinit2.o)
    0x08000242   0x08000242   0x00000000   Code   RO         7835    .ARM.Collect$$libinit$$00000004  c_w.l(libinit2.o)
    0x08000242   0x08000242   0x00000000   Code   RO         7838    .ARM.Collect$$libinit$$0000000A  c_w.l(libinit2.o)
    0x08000242   0x08000242   0x00000000   Code   RO         7840    .ARM.Collect$$libinit$$0000000C  c_w.l(libinit2.o)
    0x08000242   0x08000242   0x00000000   Code   RO         7842    .ARM.Collect$$libinit$$0000000E  c_w.l(libinit2.o)
    0x08000242   0x08000242   0x00000000   Code   RO         7845    .ARM.Collect$$libinit$$00000011  c_w.l(libinit2.o)
    0x08000242   0x08000242   0x00000000   Code   RO         7847    .ARM.Collect$$libinit$$00000013  c_w.l(libinit2.o)
    0x08000242   0x08000242   0x00000000   Code   RO         7849    .ARM.Collect$$libinit$$00000015  c_w.l(libinit2.o)
    0x08000242   0x08000242   0x00000000   Code   RO         7851    .ARM.Collect$$libinit$$00000017  c_w.l(libinit2.o)
    0x08000242   0x08000242   0x00000000   Code   RO         7853    .ARM.Collect$$libinit$$00000019  c_w.l(libinit2.o)
    0x08000242   0x08000242   0x00000000   Code   RO         7855    .ARM.Collect$$libinit$$0000001B  c_w.l(libinit2.o)
    0x08000242   0x08000242   0x00000000   Code   RO         7857    .ARM.Collect$$libinit$$0000001D  c_w.l(libinit2.o)
    0x08000242   0x08000242   0x00000000   Code   RO         7859    .ARM.Collect$$libinit$$0000001F  c_w.l(libinit2.o)
    0x08000242   0x08000242   0x00000000   Code   RO         7861    .ARM.Collect$$libinit$$00000021  c_w.l(libinit2.o)
    0x08000242   0x08000242   0x00000000   Code   RO         7863    .ARM.Collect$$libinit$$00000023  c_w.l(libinit2.o)
    0x08000242   0x08000242   0x00000000   Code   RO         7865    .ARM.Collect$$libinit$$00000025  c_w.l(libinit2.o)
    0x08000242   0x08000242   0x00000000   Code   RO         7869    .ARM.Collect$$libinit$$0000002C  c_w.l(libinit2.o)
    0x08000242   0x08000242   0x00000000   Code   RO         7871    .ARM.Collect$$libinit$$0000002E  c_w.l(libinit2.o)
    0x08000242   0x08000242   0x00000000   Code   RO         7873    .ARM.Collect$$libinit$$00000030  c_w.l(libinit2.o)
    0x08000242   0x08000242   0x00000000   Code   RO         7875    .ARM.Collect$$libinit$$00000032  c_w.l(libinit2.o)
    0x08000242   0x08000242   0x00000002   Code   RO         7876    .ARM.Collect$$libinit$$00000033  c_w.l(libinit2.o)
    0x08000244   0x08000244   0x00000002   Code   RO         8126    .ARM.Collect$$libshutdown$$00000000  c_w.l(libshutdown.o)
    0x08000246   0x08000246   0x00000000   Code   RO         8084    .ARM.Collect$$libshutdown$$00000002  c_w.l(libshutdown2.o)
    0x08000246   0x08000246   0x00000000   Code   RO         8086    .ARM.Collect$$libshutdown$$00000004  c_w.l(libshutdown2.o)
    0x08000246   0x08000246   0x00000000   Code   RO         8089    .ARM.Collect$$libshutdown$$00000007  c_w.l(libshutdown2.o)
    0x08000246   0x08000246   0x00000000   Code   RO         8092    .ARM.Collect$$libshutdown$$0000000A  c_w.l(libshutdown2.o)
    0x08000246   0x08000246   0x00000000   Code   RO         8094    .ARM.Collect$$libshutdown$$0000000C  c_w.l(libshutdown2.o)
    0x08000246   0x08000246   0x00000000   Code   RO         8097    .ARM.Collect$$libshutdown$$0000000F  c_w.l(libshutdown2.o)
    0x08000246   0x08000246   0x00000002   Code   RO         8098    .ARM.Collect$$libshutdown$$00000010  c_w.l(libshutdown2.o)
    0x08000248   0x08000248   0x00000000   Code   RO         7798    .ARM.Collect$$rtentry$$00000000  c_w.l(__rtentry.o)
    0x08000248   0x08000248   0x00000000   Code   RO         7990    .ARM.Collect$$rtentry$$00000002  c_w.l(__rtentry2.o)
    0x08000248   0x08000248   0x00000006   Code   RO         8002    .ARM.Collect$$rtentry$$00000004  c_w.l(__rtentry4.o)
    0x0800024e   0x0800024e   0x00000000   Code   RO         7992    .ARM.Collect$$rtentry$$00000009  c_w.l(__rtentry2.o)
    0x0800024e   0x0800024e   0x00000004   Code   RO         7993    .ARM.Collect$$rtentry$$0000000A  c_w.l(__rtentry2.o)
    0x08000252   0x08000252   0x00000000   Code   RO         7995    .ARM.Collect$$rtentry$$0000000C  c_w.l(__rtentry2.o)
    0x08000252   0x08000252   0x00000008   Code   RO         7996    .ARM.Collect$$rtentry$$0000000D  c_w.l(__rtentry2.o)
    0x0800025a   0x0800025a   0x00000002   Code   RO         8071    .ARM.Collect$$rtexit$$00000000  c_w.l(rtexit.o)
    0x0800025c   0x0800025c   0x00000000   Code   RO         8102    .ARM.Collect$$rtexit$$00000002  c_w.l(rtexit2.o)
    0x0800025c   0x0800025c   0x00000004   Code   RO         8103    .ARM.Collect$$rtexit$$00000003  c_w.l(rtexit2.o)
    0x08000260   0x08000260   0x00000006   Code   RO         8104    .ARM.Collect$$rtexit$$00000004  c_w.l(rtexit2.o)
    0x08000266   0x08000266   0x00000002   PAD
    0x08000268   0x08000268   0x000000be   Code   RO         7334    .emb_text           port.o
    0x08000326   0x08000326   0x00000002   PAD
    0x08000328   0x08000328   0x00000040   Code   RO            4    .text               startup_stm32f407xx.o
    0x08000368   0x08000368   0x00000008   Code   RO         7460    .text               arm_cortexM4lf_math.lib(arm_mat_init_f32.o)
    0x08000370   0x08000370   0x00000114   Code   RO         7556    .text               arm_cortexM4lf_math.lib(arm_mat_trans_f32.o)
    0x08000484   0x08000484   0x000000ee   Code   RO         7641    .text               c_w.l(lludivv7m.o)
    0x08000572   0x08000572   0x0000008a   Code   RO         7648    .text               c_w.l(rt_memcpy_v6.o)
    0x080005fc   0x080005fc   0x00000064   Code   RO         7650    .text               c_w.l(rt_memcpy_w.o)
    0x08000660   0x08000660   0x00000044   Code   RO         7654    .text               c_w.l(rt_memclr.o)
    0x080006a4   0x080006a4   0x0000004e   Code   RO         7656    .text               c_w.l(rt_memclr_w.o)
    0x080006f2   0x080006f2   0x00000006   Code   RO         7658    .text               c_w.l(heapauxi.o)
    0x080006f8   0x080006f8   0x00000016   Code   RO         7828    .text               c_w.l(_rserrno.o)
    0x0800070e   0x0800070e   0x00000002   PAD
    0x08000710   0x08000710   0x00000008   Code   RO         7986    .text               c_w.l(libspace.o)
    0x08000718   0x08000718   0x00000008   Code   RO         8009    .text               c_w.l(rt_errno_addr_intlibspace.o)
    0x08000720   0x08000720   0x00000030   Code   RO         8019    .text               c_w.l(_fptrap.o)
    0x08000750   0x08000750   0x00000002   Code   RO         8040    .text               c_w.l(use_no_semi.o)
    0x08000752   0x08000752   0x00000000   Code   RO         8042    .text               c_w.l(indicate_semi.o)
    0x08000752   0x08000752   0x0000004a   Code   RO         8043    .text               c_w.l(sys_stackheap_outer.o)
    0x0800079c   0x0800079c   0x00000012   Code   RO         8049    .text               c_w.l(exit.o)
    0x080007ae   0x080007ae   0x0000000a   Code   RO         8051    .text               c_w.l(defsig_exit.o)
    0x080007b8   0x080007b8   0x0000000e   Code   RO         8053    .text               c_w.l(defsig_fpe_outer.o)
    0x080007c6   0x080007c6   0x00000002   PAD
    0x080007c8   0x080007c8   0x0000000c   Code   RO         8069    .text               c_w.l(sys_exit.o)
    0x080007d4   0x080007d4   0x00000032   Code   RO         8079    .text               c_w.l(defsig_general.o)
    0x08000806   0x08000806   0x00000002   PAD
    0x08000808   0x08000808   0x000000ac   Code   RO         8081    .text               c_w.l(defsig_fpe_inner.o)
    0x080008b4   0x080008b4   0x0000000e   Code   RO         8099    .text               c_w.l(sys_wrch.o)
    0x080008c2   0x080008c2   0x00000002   Code   RO          775    i.BusFault_Handler  stm32f4xx_it.o
    0x080008c4   0x080008c4   0x00000010   Code   RO         1562    i.CAN1_FilterEnd_Config  bsp_can.o
    0x080008d4   0x080008d4   0x0000006c   Code   RO         1563    i.CAN1_IDList_Config  bsp_can.o
    0x08000940   0x08000940   0x0000000c   Code   RO          776    i.CAN1_RX0_IRQHandler  stm32f4xx_it.o
    0x0800094c   0x0800094c   0x0000000c   Code   RO          777    i.CAN1_RX1_IRQHandler  stm32f4xx_it.o
    0x08000958   0x08000958   0x0000000c   Code   RO          778    i.CAN1_SCE_IRQHandler  stm32f4xx_it.o
    0x08000964   0x08000964   0x0000000c   Code   RO          779    i.CAN1_TX_IRQHandler  stm32f4xx_it.o
    0x08000970   0x08000970   0x00000012   Code   RO         1564    i.CAN2_FilterEnd_Config  bsp_can.o
    0x08000982   0x08000982   0x00000002   PAD
    0x08000984   0x08000984   0x0000006c   Code   RO         1565    i.CAN2_IDList_Config  bsp_can.o
    0x080009f0   0x080009f0   0x0000000c   Code   RO          780    i.CAN2_RX0_IRQHandler  stm32f4xx_it.o
    0x080009fc   0x080009fc   0x0000000c   Code   RO          781    i.CAN2_RX1_IRQHandler  stm32f4xx_it.o
    0x08000a08   0x08000a08   0x0000000c   Code   RO          782    i.CAN2_SCE_IRQHandler  stm32f4xx_it.o
    0x08000a14   0x08000a14   0x0000000c   Code   RO          783    i.CAN2_TX_IRQHandler  stm32f4xx_it.o
    0x08000a20   0x08000a20   0x00000030   Code   RO         1870    i.CreateKalman1Filter  kalmanfilter.o
    0x08000a50   0x08000a50   0x000000e2   Code   RO         1871    i.CreateKalman2Filter  kalmanfilter.o
    0x08000b32   0x08000b32   0x00000002   PAD
    0x08000b34   0x08000b34   0x0000000c   Code   RO          784    i.DMA1_Stream0_IRQHandler  stm32f4xx_it.o
    0x08000b40   0x08000b40   0x0000000c   Code   RO          785    i.DMA1_Stream1_IRQHandler  stm32f4xx_it.o
    0x08000b4c   0x08000b4c   0x0000000c   Code   RO          786    i.DMA1_Stream2_IRQHandler  stm32f4xx_it.o
    0x08000b58   0x08000b58   0x0000000c   Code   RO          787    i.DMA1_Stream3_IRQHandler  stm32f4xx_it.o
    0x08000b64   0x08000b64   0x0000000c   Code   RO          788    i.DMA1_Stream4_IRQHandler  stm32f4xx_it.o
    0x08000b70   0x08000b70   0x0000000c   Code   RO          789    i.DMA1_Stream5_IRQHandler  stm32f4xx_it.o
    0x08000b7c   0x08000b7c   0x0000000c   Code   RO          790    i.DMA1_Stream6_IRQHandler  stm32f4xx_it.o
    0x08000b88   0x08000b88   0x0000000c   Code   RO          791    i.DMA1_Stream7_IRQHandler  stm32f4xx_it.o
    0x08000b94   0x08000b94   0x0000000c   Code   RO          792    i.DMA2_Stream1_IRQHandler  stm32f4xx_it.o
    0x08000ba0   0x08000ba0   0x0000000c   Code   RO          793    i.DMA2_Stream2_IRQHandler  stm32f4xx_it.o
    0x08000bac   0x08000bac   0x0000000c   Code   RO          794    i.DMA2_Stream6_IRQHandler  stm32f4xx_it.o
    0x08000bb8   0x08000bb8   0x0000000c   Code   RO          795    i.DMA2_Stream7_IRQHandler  stm32f4xx_it.o
    0x08000bc4   0x08000bc4   0x00000034   Code   RO         3625    i.DMA_CalcBaseAndBitshift  stm32f4xx_hal_dma.o
    0x08000bf8   0x08000bf8   0x0000007e   Code   RO         3626    i.DMA_CheckFifoParam  stm32f4xx_hal_dma.o
    0x08000c76   0x08000c76   0x00000038   Code   RO         3627    i.DMA_SetConfig     stm32f4xx_hal_dma.o
    0x08000cae   0x08000cae   0x00000002   Code   RO          796    i.DebugMon_Handler  stm32f4xx_it.o
    0x08000cb0   0x08000cb0   0x00000002   Code   RO          159    i.Error_Handler     main.o
    0x08000cb2   0x08000cb2   0x00000002   PAD
    0x08000cb4   0x08000cb4   0x0000001c   Code   RO         2137    i.FGT_agl_init      func_generator.o
    0x08000cd0   0x08000cd0   0x00000154   Code   RO         2139    i.FGT_init          func_generator.o
    0x08000e24   0x08000e24   0x0000001c   Code   RO         2141    i.FGT_npz_init      func_generator.o
    0x08000e40   0x08000e40   0x0000001c   Code   RO         2143    i.FGT_sin_init      func_generator.o
    0x08000e5c   0x08000e5c   0x0000001c   Code   RO         2146    i.FGT_sqr_init      func_generator.o
    0x08000e78   0x08000e78   0x00000014   Code   RO         2025    i.Float2Byte        datascope_dp.o
    0x08000e8c   0x08000e8c   0x00000024   Code   RO         4294    i.HAL_CAN_ActivateNotification  stm32f4xx_hal_can.o
    0x08000eb0   0x08000eb0   0x00000104   Code   RO         4295    i.HAL_CAN_AddTxMessage  stm32f4xx_hal_can.o
    0x08000fb4   0x08000fb4   0x00000128   Code   RO         4296    i.HAL_CAN_ConfigFilter  stm32f4xx_hal_can.o
    0x080010dc   0x080010dc   0x00000002   Code   RO         4299    i.HAL_CAN_ErrorCallback  stm32f4xx_hal_can.o
    0x080010de   0x080010de   0x0000016c   Code   RO         4302    i.HAL_CAN_GetRxMessage  stm32f4xx_hal_can.o
    0x0800124a   0x0800124a   0x00000032   Code   RO         4304    i.HAL_CAN_GetTxMailboxesFreeLevel  stm32f4xx_hal_can.o
    0x0800127c   0x0800127c   0x00000234   Code   RO         4306    i.HAL_CAN_IRQHandler  stm32f4xx_hal_can.o
    0x080014b0   0x080014b0   0x00000168   Code   RO         4307    i.HAL_CAN_Init      stm32f4xx_hal_can.o
    0x08001618   0x08001618   0x0000015c   Code   RO          475    i.HAL_CAN_MspInit   can.o
    0x08001774   0x08001774   0x00000002   Code   RO         4314    i.HAL_CAN_RxFifo0FullCallback  stm32f4xx_hal_can.o
    0x08001776   0x08001776   0x00000002   PAD
    0x08001778   0x08001778   0x00000038   Code   RO         1566    i.HAL_CAN_RxFifo0MsgPendingCallback  bsp_can.o
    0x080017b0   0x080017b0   0x00000002   Code   RO         4316    i.HAL_CAN_RxFifo1FullCallback  stm32f4xx_hal_can.o
    0x080017b2   0x080017b2   0x00000002   PAD
    0x080017b4   0x080017b4   0x00000038   Code   RO         1567    i.HAL_CAN_RxFifo1MsgPendingCallback  bsp_can.o
    0x080017ec   0x080017ec   0x00000002   Code   RO         4318    i.HAL_CAN_SleepCallback  stm32f4xx_hal_can.o
    0x080017ee   0x080017ee   0x00000064   Code   RO         4319    i.HAL_CAN_Start     stm32f4xx_hal_can.o
    0x08001852   0x08001852   0x00000002   Code   RO         4321    i.HAL_CAN_TxMailbox0AbortCallback  stm32f4xx_hal_can.o
    0x08001854   0x08001854   0x00000002   Code   RO         4322    i.HAL_CAN_TxMailbox0CompleteCallback  stm32f4xx_hal_can.o
    0x08001856   0x08001856   0x00000002   Code   RO         4323    i.HAL_CAN_TxMailbox1AbortCallback  stm32f4xx_hal_can.o
    0x08001858   0x08001858   0x00000002   Code   RO         4324    i.HAL_CAN_TxMailbox1CompleteCallback  stm32f4xx_hal_can.o
    0x0800185a   0x0800185a   0x00000002   Code   RO         4325    i.HAL_CAN_TxMailbox2AbortCallback  stm32f4xx_hal_can.o
    0x0800185c   0x0800185c   0x00000002   Code   RO         4326    i.HAL_CAN_TxMailbox2CompleteCallback  stm32f4xx_hal_can.o
    0x0800185e   0x0800185e   0x00000002   Code   RO         4328    i.HAL_CAN_WakeUpFromRxMsgCallback  stm32f4xx_hal_can.o
    0x08001860   0x08001860   0x00000024   Code   RO         4531    i.HAL_CRC_Init      stm32f4xx_hal_crc.o
    0x08001884   0x08001884   0x00000028   Code   RO          524    i.HAL_CRC_MspInit   crc.o
    0x080018ac   0x080018ac   0x000000a2   Code   RO         3628    i.HAL_DMA_Abort     stm32f4xx_hal_dma.o
    0x0800194e   0x0800194e   0x00000024   Code   RO         3629    i.HAL_DMA_Abort_IT  stm32f4xx_hal_dma.o
    0x08001972   0x08001972   0x00000002   PAD
    0x08001974   0x08001974   0x000001ec   Code   RO         3633    i.HAL_DMA_IRQHandler  stm32f4xx_hal_dma.o
    0x08001b60   0x08001b60   0x000000ec   Code   RO         3634    i.HAL_DMA_Init      stm32f4xx_hal_dma.o
    0x08001c4c   0x08001c4c   0x00000070   Code   RO         3638    i.HAL_DMA_Start_IT  stm32f4xx_hal_dma.o
    0x08001cbc   0x08001cbc   0x00000028   Code   RO         4042    i.HAL_Delay         stm32f4xx_hal.o
    0x08001ce4   0x08001ce4   0x00000230   Code   RO         3521    i.HAL_GPIO_Init     stm32f4xx_hal_gpio.o
    0x08001f14   0x08001f14   0x0000000e   Code   RO         3525    i.HAL_GPIO_WritePin  stm32f4xx_hal_gpio.o
    0x08001f22   0x08001f22   0x00000002   PAD
    0x08001f24   0x08001f24   0x0000000c   Code   RO         4048    i.HAL_GetTick       stm32f4xx_hal.o
    0x08001f30   0x08001f30   0x00000010   Code   RO         4054    i.HAL_IncTick       stm32f4xx_hal.o
    0x08001f40   0x08001f40   0x00000034   Code   RO         4055    i.HAL_Init          stm32f4xx_hal.o
    0x08001f74   0x08001f74   0x00000074   Code   RO         1025    i.HAL_InitTick      stm32f4xx_hal_timebase_tim.o
    0x08001fe8   0x08001fe8   0x00000038   Code   RO         1001    i.HAL_MspInit       stm32f4xx_hal_msp.o
    0x08002020   0x08002020   0x0000001c   Code   RO         3910    i.HAL_NVIC_EnableIRQ  stm32f4xx_hal_cortex.o
    0x0800203c   0x0800203c   0x00000068   Code   RO         3916    i.HAL_NVIC_SetPriority  stm32f4xx_hal_cortex.o
    0x080020a4   0x080020a4   0x00000024   Code   RO         3917    i.HAL_NVIC_SetPriorityGrouping  stm32f4xx_hal_cortex.o
    0x080020c8   0x080020c8   0x0000017c   Code   RO         3122    i.HAL_RCC_ClockConfig  stm32f4xx_hal_rcc.o
    0x08002244   0x08002244   0x0000003c   Code   RO         3126    i.HAL_RCC_GetClockConfig  stm32f4xx_hal_rcc.o
    0x08002280   0x08002280   0x0000000c   Code   RO         3127    i.HAL_RCC_GetHCLKFreq  stm32f4xx_hal_rcc.o
    0x0800228c   0x0800228c   0x00000020   Code   RO         3129    i.HAL_RCC_GetPCLK1Freq  stm32f4xx_hal_rcc.o
    0x080022ac   0x080022ac   0x00000020   Code   RO         3130    i.HAL_RCC_GetPCLK2Freq  stm32f4xx_hal_rcc.o
    0x080022cc   0x080022cc   0x00000064   Code   RO         3131    i.HAL_RCC_GetSysClockFreq  stm32f4xx_hal_rcc.o
    0x08002330   0x08002330   0x00000482   Code   RO         3134    i.HAL_RCC_OscConfig  stm32f4xx_hal_rcc.o
    0x080027b2   0x080027b2   0x00000002   Code   RO         5334    i.HAL_TIMEx_BreakCallback  stm32f4xx_hal_tim_ex.o
    0x080027b4   0x080027b4   0x00000002   Code   RO         5335    i.HAL_TIMEx_CommutCallback  stm32f4xx_hal_tim_ex.o
    0x080027b6   0x080027b6   0x0000009a   Code   RO         5353    i.HAL_TIMEx_MasterConfigSynchronization  stm32f4xx_hal_tim_ex.o
    0x08002850   0x08002850   0x0000005c   Code   RO         4619    i.HAL_TIM_Base_Init  stm32f4xx_hal_tim.o
    0x080028ac   0x080028ac   0x00000028   Code   RO          620    i.HAL_TIM_Base_MspInit  tim.o
    0x080028d4   0x080028d4   0x0000008a   Code   RO         4624    i.HAL_TIM_Base_Start_IT  stm32f4xx_hal_tim.o
    0x0800295e   0x0800295e   0x00000002   Code   RO         4653    i.HAL_TIM_IC_CaptureCallback  stm32f4xx_hal_tim.o
    0x08002960   0x08002960   0x00000174   Code   RO         4667    i.HAL_TIM_IRQHandler  stm32f4xx_hal_tim.o
    0x08002ad4   0x08002ad4   0x000000d4   Code   RO          621    i.HAL_TIM_MspPostInit  tim.o
    0x08002ba8   0x08002ba8   0x00000002   Code   RO         4670    i.HAL_TIM_OC_DelayElapsedCallback  stm32f4xx_hal_tim.o
    0x08002baa   0x08002baa   0x000000d8   Code   RO         4691    i.HAL_TIM_PWM_ConfigChannel  stm32f4xx_hal_tim.o
    0x08002c82   0x08002c82   0x0000005c   Code   RO         4694    i.HAL_TIM_PWM_Init  stm32f4xx_hal_tim.o
    0x08002cde   0x08002cde   0x00000002   PAD
    0x08002ce0   0x08002ce0   0x00000070   Code   RO          623    i.HAL_TIM_PWM_MspInit  tim.o
    0x08002d50   0x08002d50   0x00000002   Code   RO         4697    i.HAL_TIM_PWM_PulseFinishedCallback  stm32f4xx_hal_tim.o
    0x08002d52   0x08002d52   0x00000002   PAD
    0x08002d54   0x08002d54   0x00000014   Code   RO          160    i.HAL_TIM_PeriodElapsedCallback  main.o
    0x08002d68   0x08002d68   0x00000002   Code   RO         4710    i.HAL_TIM_TriggerCallback  stm32f4xx_hal_tim.o
    0x08002d6a   0x08002d6a   0x00000002   Code   RO         5612    i.HAL_UARTEx_RxEventCallback  stm32f4xx_hal_uart.o
    0x08002d6c   0x08002d6c   0x00000070   Code   RO         5624    i.HAL_UART_DMAStop  stm32f4xx_hal_uart.o
    0x08002ddc   0x08002ddc   0x00000002   Code   RO         5626    i.HAL_UART_ErrorCallback  stm32f4xx_hal_uart.o
    0x08002dde   0x08002dde   0x00000002   PAD
    0x08002de0   0x08002de0   0x00000260   Code   RO         5629    i.HAL_UART_IRQHandler  stm32f4xx_hal_uart.o
    0x08003040   0x08003040   0x00000064   Code   RO         5630    i.HAL_UART_Init     stm32f4xx_hal_uart.o
    0x080030a4   0x080030a4   0x000004b4   Code   RO          704    i.HAL_UART_MspInit  usart.o
    0x08003558   0x08003558   0x0000002e   Code   RO         5634    i.HAL_UART_Receive_DMA  stm32f4xx_hal_uart.o
    0x08003586   0x08003586   0x00000002   Code   RO         5636    i.HAL_UART_RxCpltCallback  stm32f4xx_hal_uart.o
    0x08003588   0x08003588   0x00000002   Code   RO         5637    i.HAL_UART_RxHalfCpltCallback  stm32f4xx_hal_uart.o
    0x0800358a   0x0800358a   0x00000002   Code   RO         5641    i.HAL_UART_TxCpltCallback  stm32f4xx_hal_uart.o
    0x0800358c   0x0800358c   0x00000002   Code   RO          797    i.HardFault_Handler  stm32f4xx_it.o
    0x0800358e   0x0800358e   0x00000002   PAD
    0x08003590   0x08003590   0x000000c0   Code   RO         1875    i.Kalman_init       kalmanfilter.o
    0x08003650   0x08003650   0x00000044   Code   RO          476    i.MX_CAN1_Init      can.o
    0x08003694   0x08003694   0x00000044   Code   RO          477    i.MX_CAN2_Init      can.o
    0x080036d8   0x080036d8   0x00000024   Code   RO          525    i.MX_CRC_Init       crc.o
    0x080036fc   0x080036fc   0x000000ec   Code   RO          565    i.MX_DMA_Init       dma.o
    0x080037e8   0x080037e8   0x00000088   Code   RO          393    i.MX_FREERTOS_Init  freertos.o
    0x08003870   0x08003870   0x00000114   Code   RO          369    i.MX_GPIO_Init      gpio.o
    0x08003984   0x08003984   0x0000006c   Code   RO          624    i.MX_TIM12_Init     tim.o
    0x080039f0   0x080039f0   0x00000034   Code   RO          625    i.MX_TIM13_Init     tim.o
    0x08003a24   0x08003a24   0x00000070   Code   RO          626    i.MX_TIM2_Init      tim.o
    0x08003a94   0x08003a94   0x00000084   Code   RO          627    i.MX_TIM3_Init      tim.o
    0x08003b18   0x08003b18   0x00000074   Code   RO          628    i.MX_TIM4_Init      tim.o
    0x08003b8c   0x08003b8c   0x00000038   Code   RO          705    i.MX_UART4_Init     usart.o
    0x08003bc4   0x08003bc4   0x00000038   Code   RO          706    i.MX_UART5_Init     usart.o
    0x08003bfc   0x08003bfc   0x00000040   Code   RO          707    i.MX_USART1_UART_Init  usart.o
    0x08003c3c   0x08003c3c   0x00000038   Code   RO          708    i.MX_USART2_UART_Init  usart.o
    0x08003c74   0x08003c74   0x00000038   Code   RO          709    i.MX_USART3_UART_Init  usart.o
    0x08003cac   0x08003cac   0x00000038   Code   RO          710    i.MX_USART6_UART_Init  usart.o
    0x08003ce4   0x08003ce4   0x00000002   Code   RO          798    i.MemManage_Handler  stm32f4xx_it.o
    0x08003ce6   0x08003ce6   0x00000002   Code   RO          799    i.NMI_Handler       stm32f4xx_it.o
    0x08003ce8   0x08003ce8   0x00000002   Code   RO          800    i.OTG_FS_IRQHandler  stm32f4xx_it.o
    0x08003cea   0x08003cea   0x00000002   PAD
    0x08003cec   0x08003cec   0x00000018   Code   RO         1786    i.PID_struct_init   pid.o
    0x08003d04   0x08003d04   0x0000004c   Code   RO         1438    i.PowerControl_Init  bsp_powerlimit.o
    0x08003d50   0x08003d50   0x00000148   Code   RO         1439    i.PowerParam_Update  bsp_powerlimit.o
    0x08003e98   0x08003e98   0x000000f4   Code   RO         1440    i.Power_Control     bsp_powerlimit.o
    0x08003f8c   0x08003f8c   0x000000ac   Code   RO         1441    i.Power_data_handler  bsp_powerlimit.o
    0x08004038   0x08004038   0x00000008   Code   RO          394    i.StartDefaultTask  freertos.o
    0x08004040   0x08004040   0x0000002c   Code   RO         7335    i.SysTick_Handler   port.o
    0x0800406c   0x0800406c   0x00000088   Code   RO          161    i.SystemClock_Config  main.o
    0x080040f4   0x080040f4   0x00000054   Code   RO           14    i.SystemInit        system_stm32f4xx.o
    0x08004148   0x08004148   0x0000000c   Code   RO          801    i.TIM1_UP_TIM10_IRQHandler  stm32f4xx_it.o
    0x08004154   0x08004154   0x000000cc   Code   RO         4712    i.TIM_Base_SetConfig  stm32f4xx_hal_tim.o
    0x08004220   0x08004220   0x00000070   Code   RO         4725    i.TIM_OC1_SetConfig  stm32f4xx_hal_tim.o
    0x08004290   0x08004290   0x00000078   Code   RO         4726    i.TIM_OC2_SetConfig  stm32f4xx_hal_tim.o
    0x08004308   0x08004308   0x00000078   Code   RO         4727    i.TIM_OC3_SetConfig  stm32f4xx_hal_tim.o
    0x08004380   0x08004380   0x00000058   Code   RO         4728    i.TIM_OC4_SetConfig  stm32f4xx_hal_tim.o
    0x080043d8   0x080043d8   0x00000018   Code   RO          802    i.UART4_IRQHandler  stm32f4xx_it.o
    0x080043f0   0x080043f0   0x0000000c   Code   RO          803    i.UART5_IRQHandler  stm32f4xx_it.o
    0x080043fc   0x080043fc   0x00000010   Code   RO         5643    i.UART_DMAAbortOnError  stm32f4xx_hal_uart.o
    0x0800440c   0x0800440c   0x0000004a   Code   RO         5644    i.UART_DMAError     stm32f4xx_hal_uart.o
    0x08004456   0x08004456   0x00000084   Code   RO         5645    i.UART_DMAReceiveCplt  stm32f4xx_hal_uart.o
    0x080044da   0x080044da   0x0000001a   Code   RO         5647    i.UART_DMARxHalfCplt  stm32f4xx_hal_uart.o
    0x080044f4   0x080044f4   0x0000004e   Code   RO         5653    i.UART_EndRxTransfer  stm32f4xx_hal_uart.o
    0x08004542   0x08004542   0x0000001a   Code   RO         5654    i.UART_EndTransmit_IT  stm32f4xx_hal_uart.o
    0x0800455c   0x0800455c   0x0000001c   Code   RO         5655    i.UART_EndTxTransfer  stm32f4xx_hal_uart.o
    0x08004578   0x08004578   0x000000c8   Code   RO         5656    i.UART_Receive_IT   stm32f4xx_hal_uart.o
    0x08004640   0x08004640   0x000000fc   Code   RO         5657    i.UART_SetConfig    stm32f4xx_hal_uart.o
    0x0800473c   0x0800473c   0x00000094   Code   RO         5658    i.UART_Start_Receive_DMA  stm32f4xx_hal_uart.o
    0x080047d0   0x080047d0   0x0000005e   Code   RO         5660    i.UART_Transmit_IT  stm32f4xx_hal_uart.o
    0x0800482e   0x0800482e   0x00000002   PAD
    0x08004830   0x08004830   0x00000018   Code   RO          804    i.USART1_IRQHandler  stm32f4xx_it.o
    0x08004848   0x08004848   0x00000018   Code   RO          805    i.USART2_IRQHandler  stm32f4xx_it.o
    0x08004860   0x08004860   0x0000000c   Code   RO          806    i.USART3_IRQHandler  stm32f4xx_it.o
    0x0800486c   0x0800486c   0x00000018   Code   RO          807    i.USART6_IRQHandler  stm32f4xx_it.o
    0x08004884   0x08004884   0x00000078   Code   RO         1710    i.USER_UART_IDLECallback  bsp_usart.o
    0x080048fc   0x080048fc   0x00000026   Code   RO         1711    i.USER_UART_IRQHandler  bsp_usart.o
    0x08004922   0x08004922   0x00000002   PAD
    0x08004924   0x08004924   0x00000070   Code   RO         1712    i.USER_UART_Init    bsp_usart.o
    0x08004994   0x08004994   0x00000002   Code   RO          808    i.UsageFault_Handler  stm32f4xx_it.o
    0x08004996   0x08004996   0x00000002   PAD
    0x08004998   0x08004998   0x000000c0   Code   RO         1568    i.User_can1_callback  bsp_can.o
    0x08004a58   0x08004a58   0x00000068   Code   RO         1569    i.User_can2_callback  bsp_can.o
    0x08004ac0   0x08004ac0   0x00000030   Code   RO         7949    i.__ARM_fpclassify  m_wm.l(fpclassify.o)
    0x08004af0   0x08004af0   0x00000026   Code   RO         7951    i.__ARM_fpclassifyf  m_wm.l(fpclassifyf.o)
    0x08004b16   0x08004b16   0x00000002   PAD
    0x08004b18   0x08004b18   0x000002d8   Code   RO         7912    i.__hardfp_atan     m_wm.l(atan.o)
    0x08004df0   0x08004df0   0x000001f0   Code   RO         7684    i.__hardfp_atan2    m_wm.l(atan2.o)
    0x08004fe0   0x08004fe0   0x00000150   Code   RO         7708    i.__hardfp_cosf     m_wm.l(cosf.o)
    0x08005130   0x08005130   0x00000c50   Code   RO         7746    i.__hardfp_pow      m_wm.l(pow.o)
    0x08005d80   0x08005d80   0x00000190   Code   RO         7772    i.__hardfp_sinf     m_wm.l(sinf.o)
    0x08005f10   0x08005f10   0x0000007a   Code   RO         7784    i.__hardfp_sqrt     m_wm.l(sqrt_full.o)
    0x08005f8a   0x08005f8a   0x000000f8   Code   RO         7967    i.__kernel_poly     m_wm.l(poly.o)
    0x08006082   0x08006082   0x00000006   PAD
    0x08006088   0x08006088   0x00000030   Code   RO         7929    i.__mathlib_dbl_divzero  m_wm.l(dunder.o)
    0x080060b8   0x080060b8   0x00000014   Code   RO         7930    i.__mathlib_dbl_infnan  m_wm.l(dunder.o)
    0x080060cc   0x080060cc   0x00000014   Code   RO         7931    i.__mathlib_dbl_infnan2  m_wm.l(dunder.o)
    0x080060e0   0x080060e0   0x00000020   Code   RO         7932    i.__mathlib_dbl_invalid  m_wm.l(dunder.o)
    0x08006100   0x08006100   0x00000020   Code   RO         7933    i.__mathlib_dbl_overflow  m_wm.l(dunder.o)
    0x08006120   0x08006120   0x00000020   Code   RO         7935    i.__mathlib_dbl_underflow  m_wm.l(dunder.o)
    0x08006140   0x08006140   0x00000006   Code   RO         7954    i.__mathlib_flt_infnan  m_wm.l(funder.o)
    0x08006146   0x08006146   0x00000002   PAD
    0x08006148   0x08006148   0x00000010   Code   RO         7956    i.__mathlib_flt_invalid  m_wm.l(funder.o)
    0x08006158   0x08006158   0x00000010   Code   RO         7959    i.__mathlib_flt_underflow  m_wm.l(funder.o)
    0x08006168   0x08006168   0x00000154   Code   RO         7975    i.__mathlib_rredf2  m_wm.l(rredf.o)
    0x080062bc   0x080062bc   0x00000030   Code   RO         1787    i.abs_limit         pid.o
    0x080062ec   0x080062ec   0x00000010   Code   RO         7914    i.atan              m_wm.l(atan.o)
    0x080062fc   0x080062fc   0x00000090   Code   RO         1570    i.can1_send_chassis_message  bsp_can.o
    0x0800638c   0x0800638c   0x00000148   Code   RO         1571    i.can1_send_game_msg  bsp_can.o
    0x080064d4   0x080064d4   0x0000008c   Code   RO         1572    i.can1_send_message  bsp_can.o
    0x08006560   0x08006560   0x00000064   Code   RO         1573    i.can1_send_spd_msg  bsp_can.o
    0x080065c4   0x080065c4   0x00000048   Code   RO         1574    i.can1_send_supercap  bsp_can.o
    0x0800660c   0x0800660c   0x0000008c   Code   RO         1575    i.can2_send_message  bsp_can.o
    0x08006698   0x08006698   0x00000048   Code   RO         1576    i.can_device_init   bsp_can.o
    0x080066e0   0x080066e0   0x00000018   Code   RO         1283    i.can_msg_chassis_to_gimbal  comm_task.o
    0x080066f8   0x080066f8   0x0000001c   Code   RO         1186    i.can_msg_read      chassis_task.o
    0x08006714   0x08006714   0x0000011c   Code   RO         1284    i.can_msg_send_task  comm_task.o
    0x08006830   0x08006830   0x0000007c   Code   RO         1577    i.canx_init         bsp_can.o
    0x080068ac   0x080068ac   0x00000134   Code   RO         1187    i.chassis_init      chassis_task.o
    0x080069e0   0x080069e0   0x00000074   Code   RO         1188    i.chassis_mode_switch  chassis_task.o
    0x08006a54   0x08006a54   0x00000140   Code   RO         1189    i.chassis_pid_calcu  chassis_task.o
    0x08006b94   0x08006b94   0x00000408   Code   RO         1192    i.chassis_spd_distribution  chassis_task.o
    0x08006f9c   0x08006f9c   0x00000114   Code   RO         1193    i.chassis_task      chassis_task.o
    0x080070b0   0x080070b0   0x00000050   Code   RO         2070    i.circle_error      math_calcu.o
    0x08007100   0x08007100   0x00000020   Code   RO         2071    i.data_limit        math_calcu.o
    0x08007120   0x08007120   0x0000003a   Code   RO         1578    i.encoder_data_handler  bsp_can.o
    0x0800715a   0x0800715a   0x00000018   Code   RO         7945    i.fabs              m_wm.l(fabs.o)
    0x08007172   0x08007172   0x00000002   PAD
    0x08007174   0x08007174   0x0000002c   Code   RO         2271    i.get_CRC16_check_sum  crc8_crc16.o
    0x080071a0   0x080071a0   0x0000001c   Code   RO         2272    i.get_CRC8_check_sum  crc8_crc16.o
    0x080071bc   0x080071bc   0x00000010   Code   RO         6910    i.inHandlerMode     cmsis_os.o
    0x080071cc   0x080071cc   0x00000280   Code   RO         1755    i.judge_data_handler  bsp_judge.o
    0x0800744c   0x0800744c   0x0000002c   Code   RO         1580    i.judge_msg_get     bsp_can.o
    0x08007478   0x08007478   0x00000076   Code   RO          162    i.main              main.o
    0x080074ee   0x080074ee   0x0000000c   Code   RO         6912    i.makeFreeRtosPriority  cmsis_os.o
    0x080074fa   0x080074fa   0x00000010   Code   RO         6914    i.osDelay           cmsis_os.o
    0x0800750a   0x0800750a   0x00000010   Code   RO         6915    i.osDelayUntil      cmsis_os.o
    0x0800751a   0x0800751a   0x0000000a   Code   RO         6917    i.osKernelStart     cmsis_os.o
    0x08007524   0x08007524   0x00000018   Code   RO         6918    i.osKernelSysTick   cmsis_os.o
    0x0800753c   0x0800753c   0x00000068   Code   RO         6948    i.osSignalSet       cmsis_os.o
    0x080075a4   0x080075a4   0x0000005c   Code   RO         6951    i.osThreadCreate    cmsis_os.o
    0x08007600   0x08007600   0x000001e8   Code   RO         1788    i.pid_calc          pid.o
    0x080077e8   0x080077e8   0x0000000e   Code   RO         1789    i.pid_param_init    pid.o
    0x080077f6   0x080077f6   0x00000006   Code   RO         1790    i.pid_reset         pid.o
    0x080077fc   0x080077fc   0x00000078   Code   RO         6425    i.prvAddCurrentTaskToDelayedList  tasks.o
    0x08007874   0x08007874   0x00000088   Code   RO         6426    i.prvAddNewTaskToReadyList  tasks.o
    0x080078fc   0x080078fc   0x0000005c   Code   RO         6756    i.prvCheckForValidListAndQueue  timers.o
    0x08007958   0x08007958   0x00000040   Code   RO         6427    i.prvCheckTasksWaitingTermination  tasks.o
    0x08007998   0x08007998   0x00000024   Code   RO         6097    i.prvCopyDataFromQueue  queue.o
    0x080079bc   0x080079bc   0x0000006e   Code   RO         6098    i.prvCopyDataToQueue  queue.o
    0x08007a2a   0x08007a2a   0x00000040   Code   RO         6428    i.prvDeleteTCB      tasks.o
    0x08007a6a   0x08007a6a   0x00000002   PAD
    0x08007a6c   0x08007a6c   0x00000024   Code   RO         6757    i.prvGetNextExpireTime  timers.o
    0x08007a90   0x08007a90   0x00000050   Code   RO         7279    i.prvHeapInit       heap_4.o
    0x08007ae0   0x08007ae0   0x00000028   Code   RO         6429    i.prvIdleTask       tasks.o
    0x08007b08   0x08007b08   0x00000018   Code   RO         6101    i.prvInitialiseNewQueue  queue.o
    0x08007b20   0x08007b20   0x0000007e   Code   RO         6430    i.prvInitialiseNewTask  tasks.o
    0x08007b9e   0x08007b9e   0x00000002   PAD
    0x08007ba0   0x08007ba0   0x00000060   Code   RO         6431    i.prvInitialiseTaskLists  tasks.o
    0x08007c00   0x08007c00   0x0000005c   Code   RO         7280    i.prvInsertBlockIntoFreeList  heap_4.o
    0x08007c5c   0x08007c5c   0x00000048   Code   RO         6759    i.prvInsertTimerInActiveList  timers.o
    0x08007ca4   0x08007ca4   0x0000001a   Code   RO         6102    i.prvIsQueueEmpty   queue.o
    0x08007cbe   0x08007cbe   0x0000001e   Code   RO         6103    i.prvIsQueueFull    queue.o
    0x08007cdc   0x08007cdc   0x00000068   Code   RO         6760    i.prvProcessExpiredTimer  timers.o
    0x08007d44   0x08007d44   0x00000104   Code   RO         6761    i.prvProcessReceivedCommands  timers.o
    0x08007e48   0x08007e48   0x0000006c   Code   RO         6762    i.prvProcessTimerOrBlockTask  timers.o
    0x08007eb4   0x08007eb4   0x00000024   Code   RO         6432    i.prvResetNextTaskUnblockTime  tasks.o
    0x08007ed8   0x08007ed8   0x0000002c   Code   RO         6763    i.prvSampleTimeNow  timers.o
    0x08007f04   0x08007f04   0x00000078   Code   RO         6764    i.prvSwitchTimerLists  timers.o
    0x08007f7c   0x08007f7c   0x00000030   Code   RO         7336    i.prvTaskExitError  port.o
    0x08007fac   0x08007fac   0x00000014   Code   RO         6765    i.prvTimerTask      timers.o
    0x08007fc0   0x08007fc0   0x00000068   Code   RO         6104    i.prvUnlockQueue    queue.o
    0x08008028   0x08008028   0x000000e8   Code   RO         7281    i.pvPortMalloc      heap_4.o
    0x08008110   0x08008110   0x0000002c   Code   RO         7337    i.pxPortInitialiseStack  port.o
    0x0800813c   0x0800813c   0x000000c4   Code   RO         1959    i.rc_FSM            remote_msg.o
    0x08008200   0x08008200   0x000000c0   Code   RO         1961    i.rc_callback_handler  remote_msg.o
    0x080082c0   0x080082c0   0x00000320   Code   RO         1195    i.rudder_odom_cal   chassis_task.o
    0x080085e0   0x080085e0   0x0000006e   Code   RO         7786    i.sqrt              m_wm.l(sqrt_full.o)
    0x0800864e   0x0800864e   0x00000002   PAD
    0x08008650   0x08008650   0x00000034   Code   RO         1143    i.status_init       status_task.o
    0x08008684   0x08008684   0x00000120   Code   RO         1144    i.status_task       status_task.o
    0x080087a4   0x080087a4   0x00000410   Code   RO         1196    i.steering_calc     chassis_task.o
    0x08008bb4   0x08008bb4   0x000000a4   Code   RO         1442    i.supercap_control  bsp_powerlimit.o
    0x08008c58   0x08008c58   0x0000004c   Code   RO         1443    i.supercap_mode_update  bsp_powerlimit.o
    0x08008ca4   0x08008ca4   0x00000026   Code   RO         6060    i.uxListRemove      list.o
    0x08008cca   0x08008cca   0x00000002   PAD
    0x08008ccc   0x08008ccc   0x00000014   Code   RO          395    i.vApplicationGetIdleTaskMemory  freertos.o
    0x08008ce0   0x08008ce0   0x00000018   Code   RO          396    i.vApplicationGetTimerTaskMemory  freertos.o
    0x08008cf8   0x08008cf8   0x00000016   Code   RO         6061    i.vListInitialise   list.o
    0x08008d0e   0x08008d0e   0x00000006   Code   RO         6062    i.vListInitialiseItem  list.o
    0x08008d14   0x08008d14   0x00000036   Code   RO         6063    i.vListInsert       list.o
    0x08008d4a   0x08008d4a   0x00000018   Code   RO         6064    i.vListInsertEnd    list.o
    0x08008d62   0x08008d62   0x00000002   PAD
    0x08008d64   0x08008d64   0x00000040   Code   RO         7339    i.vPortEnterCritical  port.o
    0x08008da4   0x08008da4   0x0000002c   Code   RO         7340    i.vPortExitCritical  port.o
    0x08008dd0   0x08008dd0   0x00000064   Code   RO         7282    i.vPortFree         heap_4.o
    0x08008e34   0x08008e34   0x00000024   Code   RO         7341    i.vPortSetupTimerInterrupt  port.o
    0x08008e58   0x08008e58   0x00000054   Code   RO         7342    i.vPortValidateInterruptPriority  port.o
    0x08008eac   0x08008eac   0x00000028   Code   RO         6108    i.vQueueAddToRegistry  queue.o
    0x08008ed4   0x08008ed4   0x0000004a   Code   RO         6111    i.vQueueWaitForMessageRestricted  queue.o
    0x08008f1e   0x08008f1e   0x00000002   PAD
    0x08008f20   0x08008f20   0x00000050   Code   RO         6441    i.vTaskDelay        tasks.o
    0x08008f70   0x08008f70   0x0000009c   Code   RO         6442    i.vTaskDelayUntil   tasks.o
    0x0800900c   0x0800900c   0x00000010   Code   RO         6445    i.vTaskInternalSetTimeOutState  tasks.o
    0x0800901c   0x0800901c   0x0000000c   Code   RO         6446    i.vTaskMissedYield  tasks.o
    0x08009028   0x08009028   0x00000034   Code   RO         6448    i.vTaskPlaceOnEventList  tasks.o
    0x0800905c   0x0800905c   0x0000003c   Code   RO         6449    i.vTaskPlaceOnEventListRestricted  tasks.o
    0x08009098   0x08009098   0x00000090   Code   RO         6456    i.vTaskStartScheduler  tasks.o
    0x08009128   0x08009128   0x00000010   Code   RO         6458    i.vTaskSuspendAll   tasks.o
    0x08009138   0x08009138   0x00000060   Code   RO         6459    i.vTaskSwitchContext  tasks.o
    0x08009198   0x08009198   0x0000003c   Code   RO         2273    i.verify_CRC16_check_sum  crc8_crc16.o
    0x080091d4   0x080091d4   0x00000026   Code   RO         2274    i.verify_CRC8_check_sum  crc8_crc16.o
    0x080091fa   0x080091fa   0x00000002   PAD
    0x080091fc   0x080091fc   0x0000000c   Code   RO         7285    i.xPortGetFreeHeapSize  heap_4.o
    0x08009208   0x08009208   0x00000104   Code   RO         7343    i.xPortStartScheduler  port.o
    0x0800930c   0x0800930c   0x00000070   Code   RO         6115    i.xQueueGenericCreateStatic  queue.o
    0x0800937c   0x0800937c   0x00000090   Code   RO         6116    i.xQueueGenericReset  queue.o
    0x0800940c   0x0800940c   0x00000170   Code   RO         6117    i.xQueueGenericSend  queue.o
    0x0800957c   0x0800957c   0x000000be   Code   RO         6118    i.xQueueGenericSendFromISR  queue.o
    0x0800963a   0x0800963a   0x00000002   PAD
    0x0800963c   0x0800963c   0x00000148   Code   RO         6124    i.xQueueReceive     queue.o
    0x08009784   0x08009784   0x00000080   Code   RO         6461    i.xTaskCheckForTimeOut  tasks.o
    0x08009804   0x08009804   0x0000006c   Code   RO         6462    i.xTaskCreate       tasks.o
    0x08009870   0x08009870   0x00000060   Code   RO         6463    i.xTaskCreateStatic  tasks.o
    0x080098d0   0x080098d0   0x000000ec   Code   RO         6464    i.xTaskGenericNotify  tasks.o
    0x080099bc   0x080099bc   0x00000114   Code   RO         6465    i.xTaskGenericNotifyFromISR  tasks.o
    0x08009ad0   0x08009ad0   0x0000001c   Code   RO         6467    i.xTaskGetSchedulerState  tasks.o
    0x08009aec   0x08009aec   0x0000000c   Code   RO         6468    i.xTaskGetTickCount  tasks.o
    0x08009af8   0x08009af8   0x00000010   Code   RO         6469    i.xTaskGetTickCountFromISR  tasks.o
    0x08009b08   0x08009b08   0x000000d4   Code   RO         6470    i.xTaskIncrementTick  tasks.o
    0x08009bdc   0x08009bdc   0x0000009c   Code   RO         6473    i.xTaskPriorityDisinherit  tasks.o
    0x08009c78   0x08009c78   0x00000078   Code   RO         6475    i.xTaskRemoveFromEventList  tasks.o
    0x08009cf0   0x08009cf0   0x000000cc   Code   RO         6476    i.xTaskResumeAll    tasks.o
    0x08009dbc   0x08009dbc   0x00000068   Code   RO         6772    i.xTimerCreateTimerTask  timers.o
    0x08009e24   0x08009e24   0x00000074   Code   RO         6773    i.xTimerGenericCommand  timers.o
    0x08009e98   0x08009e98   0x00000018   Code   RO         7662    x$fpl$basic         g_wm.l(basic.o)
    0x08009eb0   0x08009eb0   0x0000024c   Code   RO         7666    x$fpl$dadd          g_wm.l(daddsub_clz.o)
    0x0800a0fc   0x0800a0fc   0x0000001c   Code   RO         8030    x$fpl$dcheck1       g_wm.l(dcheck1.o)
    0x0800a118   0x0800a118   0x00000018   Code   RO         8032    x$fpl$dcmpinf       g_wm.l(dcmpi.o)
    0x0800a130   0x0800a130   0x0000037c   Code   RO         7673    x$fpl$ddiv          g_wm.l(ddiv_clz.o)
    0x0800a4ac   0x0800a4ac   0x000000c8   Code   RO         7676    x$fpl$dfix          g_wm.l(dfix.o)
    0x0800a574   0x0800a574   0x0000002e   Code   RO         7878    x$fpl$dflt          g_wm.l(dflt_clz.o)
    0x0800a5a2   0x0800a5a2   0x0000001a   Code   RO         7879    x$fpl$dfltn         g_wm.l(dflt_clz.o)
    0x0800a5bc   0x0800a5bc   0x00000078   Code   RO         7883    x$fpl$dleqf         g_wm.l(dleqf.o)
    0x0800a634   0x0800a634   0x000001c0   Code   RO         7680    x$fpl$dmul          g_wm.l(dmul_clz.o)
    0x0800a7f4   0x0800a7f4   0x00000102   Code   RO         7885    x$fpl$dnaninf       g_wm.l(dnaninf.o)
    0x0800a8f6   0x0800a8f6   0x00000070   Code   RO         7887    x$fpl$drenorm       g_wm.l(drenorm_clz.o)
    0x0800a966   0x0800a966   0x0000000c   Code   RO         7889    x$fpl$dretinf       g_wm.l(dretinf.o)
    0x0800a972   0x0800a972   0x00000062   Code   RO         7891    x$fpl$drleqf        g_wm.l(drleqf.o)
    0x0800a9d4   0x0800a9d4   0x00000050   Code   RO         7667    x$fpl$drsb          g_wm.l(daddsub_clz.o)
    0x0800aa24   0x0800aa24   0x00000208   Code   RO         7893    x$fpl$dsqrt         g_wm.l(dsqrt_umaalclz.o)
    0x0800ac2c   0x0800ac2c   0x0000029c   Code   RO         7668    x$fpl$dsub          g_wm.l(daddsub_clz.o)
    0x0800aec8   0x0800aec8   0x0000017a   Code   RO         7895    x$fpl$dunder        g_wm.l(dunder_clz.o)
    0x0800b042   0x0800b042   0x00000002   PAD
    0x0800b044   0x0800b044   0x000001ec   Code   RO         7897    x$fpl$exception     g_wm.l(except.o)
    0x0800b230   0x0800b230   0x0000007a   Code   RO         7682    x$fpl$f2d           g_wm.l(f2d.o)
    0x0800b2aa   0x0800b2aa   0x000000f2   Code   RO         7899    x$fpl$fnaninf       g_wm.l(fnaninf.o)
    0x0800b39c   0x0800b39c   0x0000000a   Code   RO         8036    x$fpl$fpinit        g_wm.l(fpinit.o)
    0x0800b3a6   0x0800b3a6   0x0000013c   Code   RO         7905    x$fpl$funder        g_wm.l(funder_clz.o)
    0x0800b4e2   0x0800b4e2   0x000000b2   Code   RO         8038    x$fpl$retnan        g_wm.l(retnan.o)
    0x0800b594   0x0800b594   0x00000114   Code   RO         7907    x$fpl$scalbn        g_wm.l(scalbn_clz.o)
    0x0800b6a8   0x0800b6a8   0x0000007e   Code   RO         7909    x$fpl$trapveneer    g_wm.l(trapv.o)
    0x0800b726   0x0800b726   0x00000000   Code   RO         7911    x$fpl$usenofp       g_wm.l(usenofp.o)
    0x0800b726   0x0800b726   0x00000010   Data   RO           15    .constdata          system_stm32f4xx.o
    0x0800b736   0x0800b736   0x00000008   Data   RO           16    .constdata          system_stm32f4xx.o
    0x0800b73e   0x0800b73e   0x00000002   PAD
    0x0800b740   0x0800b740   0x0000008c   Data   RO          398    .constdata          freertos.o
    0x0800b7cc   0x0800b7cc   0x00000034   Data   RO         1588    .constdata          bsp_can.o
    0x0800b800   0x0800b800   0x00000300   Data   RO         2276    .constdata          crc8_crc16.o
    0x0800bb00   0x0800bb00   0x00000008   Data   RO         3640    .constdata          stm32f4xx_hal_dma.o
    0x0800bb08   0x0800bb08   0x00000088   Data   RO         7749    .constdata          m_wm.l(pow.o)
    0x0800bb90   0x0800bb90   0x00000098   Data   RO         7915    .constdata          m_wm.l(atan.o)
    0x0800bc28   0x0800bc28   0x00000008   Data   RO         7969    .constdata          m_wm.l(qnan.o)
    0x0800bc30   0x0800bc30   0x00000020   Data   RO         7976    .constdata          m_wm.l(rredf.o)
    0x0800bc50   0x0800bc50   0x00000040   Data   RO          399    .conststring        freertos.o
    0x0800bc90   0x0800bc90   0x00000020   Data   RO         8127    Region$$Table       anon$$obj.o


    Execution Region RW_IRAM1 (Exec base: 0x20000000, Load base: 0x0800bcb0, Size: 0x00007350, Max: 0x00020000, ABSOLUTE, COMPRESSED[0x00000038])

    Exec Addr    Load Addr    Size         Type   Attr      Idx    E Section Name        Object

    0x20000000   COMPRESSED   0x00000004   Data   RW           17    .data               system_stm32f4xx.o
    0x20000004   COMPRESSED   0x00000014   Data   RW          401    .data               freertos.o
    0x20000018   COMPRESSED   0x00000004   Data   RW          479    .data               can.o
    0x2000001c   COMPRESSED   0x00000008   Data   RW          526    .data               crc.o
    0x20000024   COMPRESSED   0x00000004   Data   RW         1104    .data               modeswitch_task.o
    0x20000028   COMPRESSED   0x00000008   Data   RW         1146    .data               status_task.o
    0x20000030   COMPRESSED   0x0000001c   Data   RW         1201    .data               chassis_task.o
    0x2000004c   COMPRESSED   0x00000002   Data   RW         1290    .data               comm_task.o
    0x2000004e   COMPRESSED   0x00000002   PAD
    0x20000050   COMPRESSED   0x00000010   Data   RW         1445    .data               bsp_powerlimit.o
    0x20000060   COMPRESSED   0x00000030   Data   RW         1589    .data               bsp_can.o
    0x20000090   COMPRESSED   0x00000028   Data   RW         1757    .data               bsp_judge.o
    0x200000b8   COMPRESSED   0x00000168   Data   RW         1878    .data               kalmanfilter.o
    0x20000220   COMPRESSED   0x00000003   Data   RW         1964    .data               remote_msg.o
    0x20000223   COMPRESSED   0x00000001   PAD
    0x20000224   COMPRESSED   0x00000002   Data   RW         2277    .data               crc8_crc16.o
    0x20000226   COMPRESSED   0x00000002   PAD
    0x20000228   COMPRESSED   0x0000000c   Data   RW         4062    .data               stm32f4xx_hal.o
    0x20000234   COMPRESSED   0x0000003c   Data   RW         6479    .data               tasks.o
    0x20000270   COMPRESSED   0x00000014   Data   RW         6779    .data               timers.o
    0x20000284   COMPRESSED   0x00000020   Data   RW         7288    .data               heap_4.o
    0x200002a4   COMPRESSED   0x0000000c   Data   RW         7344    .data               port.o
    0x200002b0        -       0x000006a8   Zero   RW          397    .bss                freertos.o
    0x20000958        -       0x00000050   Zero   RW          478    .bss                can.o
    0x200009a8        -       0x00000168   Zero   RW          629    .bss                tim.o
    0x20000b10        -       0x00000618   Zero   RW          711    .bss                usart.o
    0x20001128        -       0x00000048   Zero   RW         1028    .bss                stm32f4xx_hal_timebase_tim.o
    0x20001170        -       0x0000000d   Zero   RW         1145    .bss                status_task.o
    0x2000117d   COMPRESSED   0x00000003   PAD
    0x20001180        -       0x00000110   Zero   RW         1200    .bss                chassis_task.o
    0x20001290        -       0x00000016   Zero   RW         1286    .bss                comm_task.o
    0x200012a6   COMPRESSED   0x00000002   PAD
    0x200012a8        -       0x00000050   Zero   RW         1444    .bss                bsp_powerlimit.o
    0x200012f8        -       0x00000144   Zero   RW         1582    .bss                bsp_can.o
    0x2000143c        -       0x0000008a   Zero   RW         1713    .bss                bsp_usart.o
    0x200014c6        -       0x00000143   Zero   RW         1756    .bss                bsp_judge.o
    0x20001609   COMPRESSED   0x00000003   PAD
    0x2000160c        -       0x000001c0   Zero   RW         1807    .bss                pid.o
    0x200017cc        -       0x000001c0   Zero   RW         1808    .bss                pid.o
    0x2000198c        -       0x000001c0   Zero   RW         1809    .bss                pid.o
    0x20001b4c        -       0x00000258   Zero   RW         1877    .bss                kalmanfilter.o
    0x20001da4        -       0x0000002d   Zero   RW         1962    .bss                remote_msg.o
    0x20001dd1   COMPRESSED   0x00000003   PAD
    0x20001dd4        -       0x00000014   Zero   RW         1963    .bss                remote_msg.o
    0x20001de8        -       0x000000f0   Zero   RW         2151    .bss                func_generator.o
    0x20001ed8        -       0x00000040   Zero   RW         6127    .bss                queue.o
    0x20001f18        -       0x000000f0   Zero   RW         6478    .bss                tasks.o
    0x20002008        -       0x000000e8   Zero   RW         6778    .bss                timers.o
    0x200020f0        -       0x00003c00   Zero   RW         7287    .bss                heap_4.o
    0x20005cf0        -       0x00000060   Zero   RW         7987    .bss                c_w.l(libspace.o)
    0x20005d50        -       0x00001000   Zero   RW            2    HEAP                startup_stm32f407xx.o
    0x20006d50        -       0x00000600   Zero   RW            1    STACK               startup_stm32f407xx.o


==============================================================================

Image component sizes


      Code (inc. data)   RO Data    RW Data    ZI Data      Debug   Object Name

      1880        200         52         48        324      14893   bsp_can.o
       640         14          0         40        323       9072   bsp_judge.o
      1060        206          0         16         80       6056   bsp_powerlimit.o
       270         38          0          0        138       2661   bsp_usart.o
       484         40          0          4         80       2454   can.o
      3920        288          0         28        272      10602   chassis_task.o
       290          4          0          0          0      31010   cmsis_os.o
       308         16          0          2         22       2746   comm_task.o
        76         18          0          8          0       1463   crc.o
       170         16        768          2          0       3567   crc8_crc16.o
        20          0          0          0          0       1530   datascope_dp.o
       236          4          0          0          0        866   dma.o
         0          0          0          0          0      17496   event_groups.o
       188         20        204         20       1704       8644   freertos.o
       452        106          0          0        240       7911   func_generator.o
       276         22          0          0          0       1039   gpio.o
       516         38          0         32      15360       5578   heap_4.o
       466         38          0        360        600       5274   kalmanfilter.o
       144          0          0          0          0       3554   list.o
       276         16          0          0          0      50685   main.o
       112          4          0          0          0       1396   math_calcu.o
         0          0          0          4          0       1318   modeswitch_task.o
       580         14          0          0       1344       5743   pid.o
       814         92          0         12          0      11937   port.o
      1586         24          0          0         64      17556   queue.o
       388         20          0          3         65       4535   remote_msg.o
        64         26        392          0       5632        840   startup_stm32f407xx.o
       340         30          0          8         13       2843   status_task.o
       120         20          0         12          0       8670   stm32f4xx_hal.o
      2052          6          0          0          0      15033   stm32f4xx_hal_can.o
       168         12          0          0          0      32826   stm32f4xx_hal_cortex.o
        36          0          0          0          0       1043   stm32f4xx_hal_crc.o
      1272         18          8          0          0       7454   stm32f4xx_hal_dma.o
       574         22          0          0          0       2352   stm32f4xx_hal_gpio.o
        56          4          0          0          0        826   stm32f4xx_hal_msp.o
      1770        106          0          0          0       7045   stm32f4xx_hal_rcc.o
      1562         46          0          0          0      10678   stm32f4xx_hal_tim.o
       158          0          0          0          0       2541   stm32f4xx_hal_tim_ex.o
       116         18          0          0         72       1380   stm32f4xx_hal_timebase_tim.o
      1950         22          0          0          0      15349   stm32f4xx_hal_uart.o
       386        162          0          0          0      15780   stm32f4xx_it.o
        84         18         24          4          0     702631   system_stm32f4xx.o
      2906        252          0         60        240      32676   tasks.o
         0          0          0          0          0       1872   test_task.o
       884         94          0          0        360       5558   tim.o
      1076         96          0         20        232      30963   timers.o
      1548        130          0          0       1560       6183   usart.o

    ----------------------------------------------------------------------
     32320       2320       1482        688      28736    1134129   Object Totals
         0          0         32          0          0          0   (incl. Generated)
        46          0          2          5         11          0   (incl. Padding)

    ----------------------------------------------------------------------

      Code (inc. data)   RO Data    RW Data    ZI Data      Debug   Library Member Name

         0          0          0          0          0      16424   arm_mat_add_f32.o
         8          0          0          0          0        999   arm_mat_init_f32.o
       276          0          0          0          0       2240   arm_mat_trans_f32.o
        90          0          0          0          0          0   __dczerorl2.o
         8          0          0          0          0         68   __main.o
         0          0          0          0          0          0   __rtentry.o
        12          0          0          0          0          0   __rtentry2.o
         6          0          0          0          0          0   __rtentry4.o
        52          8          0          0          0          0   __scatter.o
        28          0          0          0          0          0   __scatter_zi.o
        48          4          0          0          0         84   _fptrap.o
        22          0          0          0          0        100   _rserrno.o
        10          0          0          0          0         68   defsig_exit.o
       172        110          0          0          0         76   defsig_fpe_inner.o
        14          0          0          0          0         80   defsig_fpe_outer.o
        50          0          0          0          0         88   defsig_general.o
        18          0          0          0          0         80   exit.o
         6          0          0          0          0        152   heapauxi.o
         0          0          0          0          0          0   indicate_semi.o
         2          0          0          0          0          0   libinit.o
         6          0          0          0          0          0   libinit2.o
         2          0          0          0          0          0   libshutdown.o
         2          0          0          0          0          0   libshutdown2.o
         8          4          0          0         96         68   libspace.o
       238          0          0          0          0        100   lludivv7m.o
         8          4          0          0          0         68   rt_errno_addr_intlibspace.o
        68          0          0          0          0         68   rt_memclr.o
        78          0          0          0          0         80   rt_memclr_w.o
       138          0          0          0          0         68   rt_memcpy_v6.o
       100          0          0          0          0         80   rt_memcpy_w.o
         2          0          0          0          0          0   rtexit.o
        10          0          0          0          0          0   rtexit2.o
        12          4          0          0          0         68   sys_exit.o
        74          0          0          0          0         80   sys_stackheap_outer.o
        14          0          0          0          0         76   sys_wrch.o
         2          0          0          0          0         68   use_no_semi.o
        24          0          0          0          0        164   basic.o
      1336         32          0          0          0        532   daddsub_clz.o
        28          0          0          0          0        116   dcheck1.o
        24          0          0          0          0        116   dcmpi.o
       892        152          0          0          0        292   ddiv_clz.o
       200         16          0          0          0        184   dfix.o
        72          0          0          0          0        232   dflt_clz.o
       120          8          0          0          0        140   dleqf.o
       448         16          0          0          0        164   dmul_clz.o
       258          4          0          0          0        156   dnaninf.o
       112          0          0          0          0        160   drenorm_clz.o
        12          0          0          0          0        116   dretinf.o
        98          0          0          0          0        128   drleqf.o
       520         56          0          0          0        180   dsqrt_umaalclz.o
       378          0          0          0          0        168   dunder_clz.o
       492         36          0          0          0        148   except.o
       122          8          0          0          0        132   f2d.o
       242          4          0          0          0        144   fnaninf.o
        10          0          0          0          0        116   fpinit.o
       316          0          0          0          0        132   funder_clz.o
       178          0          0          0          0        116   retnan.o
       276          4          0          0          0        124   scalbn_clz.o
       126          0          0          0          0        148   trapv.o
         0          0          0          0          0          0   usenofp.o
       744        106        152          0          0        352   atan.o
       496         64          0          0          0        192   atan2.o
       336         56          0          0          0        136   cosf.o
       184         44          0          0          0        744   dunder.o
        24          0          0          0          0        124   fabs.o
        48          0          0          0          0        124   fpclassify.o
        38          0          0          0          0        116   fpclassifyf.o
        38         12          0          0          0        348   funder.o
       248          0          0          0          0        152   poly.o
      3152        296        136          0          0        352   pow.o
         0          0          8          0          0          0   qnan.o
       340         24         32          0          0        160   rredf.o
       400         56          0          0          0        212   sinf.o
       232          0          0          0          0        296   sqrt_full.o

    ----------------------------------------------------------------------
     14174       1128        328          0         96      28499   Library Totals
        26          0          0          0          0          0   (incl. Padding)

    ----------------------------------------------------------------------

      Code (inc. data)   RO Data    RW Data    ZI Data      Debug   Library Name

       284          0          0          0          0      19663   arm_cortexM4lf_math.lib
      1300        134          0          0         96       1620   c_w.l
      6284        336          0          0          0       3908   g_wm.l
      6280        658        328          0          0       3308   m_wm.l

    ----------------------------------------------------------------------
     14174       1128        328          0         96      28499   Library Totals

    ----------------------------------------------------------------------

==============================================================================


      Code (inc. data)   RO Data    RW Data    ZI Data      Debug   

     46494       3448       1810        688      28832    1129896   Grand Totals
     46494       3448       1810         56      28832    1129896   ELF Image Totals (compressed)
     46494       3448       1810         56          0          0   ROM Totals

==============================================================================

    Total RO  Size (Code + RO Data)                48304 (  47.17kB)
    Total RW  Size (RW Data + ZI Data)             29520 (  28.83kB)
    Total ROM Size (Code + RO Data + RW Data)      48360 (  47.23kB)

==============================================================================

