<html>
<body>
<pre>
<h1>�Vision Build Log</h1>
<h2>Tool Versions:</h2>
IDE-Version: ��Vision V5.25.2.0
Copyright (C) 2018 ARM Ltd and ARM Germany GmbH. All rights reserved.
License Information: 1 3105902829@qq.com, 1, LIC=HN0UH-WZKXN-8RUXR-KBEQR-L92MR-04GXG
 
Tool Versions:
Toolchain:       MDK-ARM Plus  Version: 5.25.2.0
Toolchain Path:  D:\ZGH\Keil5\ARM\ARMCC\Bin
C Compiler:      Armcc.exe V5.06 update 6 (build 750)
Assembler:       Armasm.exe V5.06 update 6 (build 750)
Linker/Locator:  ArmLink.exe V5.06 update 6 (build 750)
Library Manager: ArmAr.exe V5.06 update 6 (build 750)
Hex Converter:   FromElf.exe V5.06 update 6 (build 750)
CPU DLL:         SARMCM3.DLL V5.25.2.0
Dialog DLL:      DCM.DLL V1.17.1.0
Target DLL:      CMSIS_AGDI.dll V1.29.10.0
Dialog DLL:      TCM.DLL V1.35.1.0
 
<h2>Project:</h2>
D:\Github\Sentry\chassis+rudder\MDK-ARM\rm_main.uvprojx
Project File Date:  03/14/2024

<h2>Output:</h2>
*** Using Compiler 'V5.06 update 6 (build 750)', folder: 'D:\ZGH\Keil5\ARM\ARMCC\Bin'
Build target 'rm_main'
compiling main.c...
compiling gpio.c...
compiling can.c...
compiling crc.c...
compiling dma.c...
compiling iwdg.c...
compiling system_stm32f4xx.c...
compiling freertos.c...
compiling stm32f4xx_it.c...
compiling usart.c...
compiling stm32f4xx_hal_msp.c...
compiling stm32f4xx_hal_timebase_tim.c...
compiling test_task.c...
compiling modeswitch_task.c...
compiling tim.c...
compiling comm_task.c...
..\app\comm_task.c(32): warning:  #177-D: variable "event"  was declared but never referenced
      osEvent event;
..\app\comm_task.c: 1 warning, 0 errors
compiling judgesend_task.c...
compiling chassis_task.c...
compiling bsp_powerlimit.c...
..\bsp\bsp_powerlimit.c(146): warning:  #1035-D: single-precision operand implicitly converted to double-precision
          if (supercap.volage >= 14.0) {  /* 电容能量足够 */
..\bsp\bsp_powerlimit.c: 1 warning, 0 errors
compiling bsp_vision.c...
compiling status_task.c...
compiling bsp_can.c...
compiling bsp_T_imu.c...
compiling bsp_usart.c...
compiling bsp_judge.c...
compiling KalmanFilter.c...
compiling remote_msg.c...
compiling math_calcu.c...
compiling pid.c...
compiling CRC8_CRC16.c...
compiling DataScope_DP.C...
compiling fifo.c...
compiling func_generator.c...
compiling stm32f4xx_ll_usb.c...
compiling stm32f4xx_hal_rcc.c...
compiling stm32f4xx_hal_rcc_ex.c...
compiling stm32f4xx_hal_flash.c...
compiling stm32f4xx_hal_flash_ex.c...
compiling stm32f4xx_hal_pcd.c...
compiling stm32f4xx_hal_flash_ramfunc.c...
compiling stm32f4xx_hal_gpio.c...
compiling stm32f4xx_hal_dma.c...
compiling stm32f4xx_hal_pcd_ex.c...
compiling stm32f4xx_hal_dma_ex.c...
compiling stm32f4xx_hal_pwr_ex.c...
compiling stm32f4xx_hal_cortex.c...
compiling stm32f4xx_hal_pwr.c...
compiling stm32f4xx_hal.c...
compiling stm32f4xx_hal_exti.c...
compiling stm32f4xx_hal_iwdg.c...
compiling stm32f4xx_hal_tim.c...
compiling stm32f4xx_hal_can.c...
compiling stm32f4xx_hal_uart.c...
compiling croutine.c...
compiling stm32f4xx_hal_tim_ex.c...
compiling list.c...
compiling event_groups.c...
compiling queue.c...
compiling stm32f4xx_hal_crc.c...
compiling timers.c...
compiling stream_buffer.c...
compiling heap_4.c...
compiling cmsis_os.c...
compiling tasks.c...
compiling port.c...
linking...
Program Size: Code=45878 RO-data=1762 RW-data=696 ZI-data=28880  
FromELF: creating hex file...
".\rm_main\rm_main.axf" - 0 Error(s), 2 Warning(s).

<h2>Software Packages used:</h2>

Package Vendor: ARM
                http://www.keil.com/pack/ARM.CMSIS.5.5.1.pack
                ARM.CMSIS.5.5.1
                CMSIS (Cortex Microcontroller Software Interface Standard)
   * Component: CORE Version: 5.2.0

Package Vendor: Keil
                http://www.keil.com/pack/Keil.STM32F4xx_DFP.2.13.0.pack
                Keil.STM32F4xx_DFP.2.13.0
                STMicroelectronics STM32F4 Series Device Support, Drivers and Examples

<h2>Collection of Component include folders:</h2>
  .\RTE\_rm_main
  D:\ZGH\Keil5\ARM\PACK\ARM\CMSIS\5.5.1\CMSIS\Core\Include
  D:\ZGH\Keil5\ARM\PACK\Keil\STM32F4xx_DFP\2.13.0\Drivers\CMSIS\Device\ST\STM32F4xx\Include

<h2>Collection of Component Files used:</h2>

   * Component: ARM::CMSIS:CORE:5.2.0
Build Time Elapsed:  00:01:35
</pre>
</body>
</html>
