<html>
<body>
<pre>
<h1>�Vision Build Log</h1>
<h2>Tool Versions:</h2>
IDE-Version: ��Vision V5.24.2.0
Copyright (C) 2017 ARM Ltd and ARM Germany GmbH. All rights reserved.
License Information: 1 6657, 1, LIC=WHYH9-49QE7-TG97T-RQ5GL-NW0Z1-B02PI
 
Tool Versions:
Toolchain:       MDK-ARM Plus  Version: 5.24.1
Toolchain Path:  B:\Keil5\ARM\ARMCC\Bin
C Compiler:      Armcc.exe V5.06 update 5 (build 528)
Assembler:       Armasm.exe V5.06 update 5 (build 528)
Linker/Locator:  ArmLink.exe V5.06 update 5 (build 528)
Library Manager: ArmAr.exe V5.06 update 5 (build 528)
Hex Converter:   FromElf.exe V5.06 update 5 (build 528)
CPU DLL:         SARMCM3.DLL V5.24.1
Dialog DLL:      DCM.DLL V1.16.0.0
Target DLL:      CMSIS_AGDI.dll V1.28.3.0
Dialog DLL:      TCM.DLL V1.32.0.0
 
<h2>Project:</h2>
B:\GitHub\Sentry\chassis+rudder\MDK-ARM\rm_main.uvprojx
Project File Date:  03/11/2024

<h2>Output:</h2>
*** Using Compiler 'V5.06 update 5 (build 528)', folder: 'B:\Keil5\ARM\ARMCC\Bin'
Build target 'rm_main'
assembling startup_stm32f407xx.s...
compiling system_stm32f4xx.c...
compiling can.c...
compiling stm32f4xx_hal_timebase_tim.c...
compiling usart.c...
compiling stm32f4xx_it.c...
compiling iwdg.c...
compiling dma.c...
compiling gpio.c...
compiling tim.c...
compiling stm32f4xx_hal_msp.c...
compiling crc.c...
compiling freertos.c...
compiling modeswitch_task.c...
compiling test_task.c...
compiling main.c...
compiling pid.c...
compiling KalmanFilter.c...
compiling bsp_judge.c...
compiling bsp_can.c...
compiling bsp_vision.c...
compiling bsp_usart.c...
compiling bsp_powerlimit.c...
..\bsp\bsp_powerlimit.c(146): warning:  #1035-D: single-precision operand implicitly converted to double-precision
          if (supercap.volage >= 14.0) {  /* 电容能量足够 */
..\bsp\bsp_powerlimit.c: 1 warning, 0 errors
compiling bsp_T_imu.c...
compiling remote_msg.c...
compiling status_task.c...
compiling judgesend_task.c...
compiling chassis_task.c...
compiling comm_task.c...
..\app\comm_task.c(32): warning:  #177-D: variable "event"  was declared but never referenced
      osEvent event;
..\app\comm_task.c: 1 warning, 0 errors
compiling math_calcu.c...
compiling DataScope_DP.C...
compiling stm32f4xx_hal_dma.c...
compiling stm32f4xx_hal_dma_ex.c...
compiling stm32f4xx_hal_flash_ramfunc.c...
compiling stm32f4xx_hal_pcd.c...
compiling stm32f4xx_hal_pwr.c...
compiling stm32f4xx_hal_flash_ex.c...
compiling stm32f4xx_hal_rcc.c...
compiling stm32f4xx_hal_flash.c...
compiling func_generator.c...
compiling CRC8_CRC16.c...
compiling stm32f4xx_hal_crc.c...
compiling stm32f4xx_hal_gpio.c...
compiling stm32f4xx_hal_pcd_ex.c...
compiling croutine.c...
compiling event_groups.c...
compiling list.c...
compiling queue.c...
compiling stm32f4xx_hal_rcc_ex.c...
compiling stream_buffer.c...
compiling stm32f4xx_hal_can.c...
compiling timers.c...
compiling tasks.c...
compiling heap_4.c...
compiling fifo.c...
compiling port.c...
compiling cmsis_os.c...
compiling stm32f4xx_ll_usb.c...
compiling stm32f4xx_hal_cortex.c...
compiling stm32f4xx_hal_pwr_ex.c...
compiling stm32f4xx_hal.c...
compiling stm32f4xx_hal_exti.c...
compiling stm32f4xx_hal_tim.c...
compiling stm32f4xx_hal_iwdg.c...
compiling stm32f4xx_hal_tim_ex.c...
compiling stm32f4xx_hal_uart.c...
linking...
Program Size: Code=46098 RO-data=1814 RW-data=668 ZI-data=28836  
FromELF: creating hex file...
".\rm_main\rm_main.axf" - 0 Error(s), 2 Warning(s).

<h2>Software Packages used:</h2>

Package Vendor: ARM
                http://www.keil.com/pack/ARM.CMSIS.5.0.1.pack
                ARM.CMSIS.5.0.1
                CMSIS (Cortex Microcontroller Software Interface Standard)
   * Component: CORE Version: 5.0.1

Package Vendor: Keil
                https://www.keil.com/pack/Keil.STM32F4xx_DFP.2.17.1.pack
                Keil.STM32F4xx_DFP.2.17.1
                STMicroelectronics STM32F4 Series Device Support, Drivers and Examples

<h2>Collection of Component include folders:</h2>
  .\RTE\_rm_main
  B:\Keil5\ARM\PACK\ARM\CMSIS\5.0.1\CMSIS\Include
  B:\Keil5\ARM\PACK\Keil\STM32F4xx_DFP\2.17.1\Drivers\CMSIS\Device\ST\STM32F4xx\Include

<h2>Collection of Component Files used:</h2>

   * Component: ARM::CMSIS:CORE:5.0.1
Build Time Elapsed:  00:00:24
</pre>
</body>
</html>
