Component: ARM Compiler 5.06 update 6 (build 750) Tool: armlink [4d35ed]

==============================================================================

Section Cross References

    startup_stm32f407xx.o(RESET) refers to startup_stm32f407xx.o(STACK) for __initial_sp
    startup_stm32f407xx.o(RESET) refers to startup_stm32f407xx.o(.text) for Reset_Handler
    startup_stm32f407xx.o(RESET) refers to stm32f4xx_it.o(i.NMI_Handler) for NMI_Handler
    startup_stm32f407xx.o(RESET) refers to stm32f4xx_it.o(i.HardFault_Handler) for HardFault_Handler
    startup_stm32f407xx.o(RESET) refers to stm32f4xx_it.o(i.MemManage_Handler) for MemManage_Handler
    startup_stm32f407xx.o(RESET) refers to stm32f4xx_it.o(i.BusFault_Handler) for BusFault_Handler
    startup_stm32f407xx.o(RESET) refers to stm32f4xx_it.o(i.UsageFault_Handler) for UsageFault_Handler
    startup_stm32f407xx.o(RESET) refers to port.o(.emb_text) for SVC_Handler
    startup_stm32f407xx.o(RESET) refers to stm32f4xx_it.o(i.DebugMon_Handler) for DebugMon_Handler
    startup_stm32f407xx.o(RESET) refers to port.o(i.SysTick_Handler) for SysTick_Handler
    startup_stm32f407xx.o(RESET) refers to stm32f4xx_it.o(i.DMA1_Stream0_IRQHandler) for DMA1_Stream0_IRQHandler
    startup_stm32f407xx.o(RESET) refers to stm32f4xx_it.o(i.DMA1_Stream1_IRQHandler) for DMA1_Stream1_IRQHandler
    startup_stm32f407xx.o(RESET) refers to stm32f4xx_it.o(i.DMA1_Stream3_IRQHandler) for DMA1_Stream3_IRQHandler
    startup_stm32f407xx.o(RESET) refers to stm32f4xx_it.o(i.DMA1_Stream5_IRQHandler) for DMA1_Stream5_IRQHandler
    startup_stm32f407xx.o(RESET) refers to stm32f4xx_it.o(i.DMA1_Stream6_IRQHandler) for DMA1_Stream6_IRQHandler
    startup_stm32f407xx.o(RESET) refers to stm32f4xx_it.o(i.CAN1_TX_IRQHandler) for CAN1_TX_IRQHandler
    startup_stm32f407xx.o(RESET) refers to stm32f4xx_it.o(i.CAN1_RX0_IRQHandler) for CAN1_RX0_IRQHandler
    startup_stm32f407xx.o(RESET) refers to stm32f4xx_it.o(i.CAN1_RX1_IRQHandler) for CAN1_RX1_IRQHandler
    startup_stm32f407xx.o(RESET) refers to stm32f4xx_it.o(i.CAN1_SCE_IRQHandler) for CAN1_SCE_IRQHandler
    startup_stm32f407xx.o(RESET) refers to stm32f4xx_it.o(i.TIM1_UP_TIM10_IRQHandler) for TIM1_UP_TIM10_IRQHandler
    startup_stm32f407xx.o(RESET) refers to stm32f4xx_it.o(i.TIM3_IRQHandler) for TIM3_IRQHandler
    startup_stm32f407xx.o(RESET) refers to stm32f4xx_it.o(i.USART1_IRQHandler) for USART1_IRQHandler
    startup_stm32f407xx.o(RESET) refers to stm32f4xx_it.o(i.USART2_IRQHandler) for USART2_IRQHandler
    startup_stm32f407xx.o(RESET) refers to stm32f4xx_it.o(i.USART3_IRQHandler) for USART3_IRQHandler
    startup_stm32f407xx.o(RESET) refers to stm32f4xx_it.o(i.DMA1_Stream7_IRQHandler) for DMA1_Stream7_IRQHandler
    startup_stm32f407xx.o(RESET) refers to stm32f4xx_it.o(i.TIM5_IRQHandler) for TIM5_IRQHandler
    startup_stm32f407xx.o(RESET) refers to stm32f4xx_it.o(i.UART5_IRQHandler) for UART5_IRQHandler
    startup_stm32f407xx.o(RESET) refers to stm32f4xx_it.o(i.DMA2_Stream2_IRQHandler) for DMA2_Stream2_IRQHandler
    startup_stm32f407xx.o(RESET) refers to stm32f4xx_it.o(i.CAN2_TX_IRQHandler) for CAN2_TX_IRQHandler
    startup_stm32f407xx.o(RESET) refers to stm32f4xx_it.o(i.CAN2_RX0_IRQHandler) for CAN2_RX0_IRQHandler
    startup_stm32f407xx.o(RESET) refers to stm32f4xx_it.o(i.CAN2_RX1_IRQHandler) for CAN2_RX1_IRQHandler
    startup_stm32f407xx.o(RESET) refers to stm32f4xx_it.o(i.CAN2_SCE_IRQHandler) for CAN2_SCE_IRQHandler
    startup_stm32f407xx.o(RESET) refers to stm32f4xx_it.o(i.OTG_FS_IRQHandler) for OTG_FS_IRQHandler
    startup_stm32f407xx.o(.text) refers to system_stm32f4xx.o(i.SystemInit) for SystemInit
    startup_stm32f407xx.o(.text) refers to entry.o(.ARM.Collect$$$$00000000) for __main
    system_stm32f4xx.o(i.SystemCoreClockUpdate) refers to system_stm32f4xx.o(.data) for SystemCoreClock
    system_stm32f4xx.o(i.SystemCoreClockUpdate) refers to system_stm32f4xx.o(.constdata) for AHBPrescTable
    main.o(i.HAL_TIM_PeriodElapsedCallback) refers to stm32f4xx_hal.o(i.HAL_IncTick) for HAL_IncTick
    main.o(i.SystemClock_Config) refers to memseta.o(.text) for __aeabi_memclr4
    main.o(i.SystemClock_Config) refers to stm32f4xx_hal_rcc.o(i.HAL_RCC_OscConfig) for HAL_RCC_OscConfig
    main.o(i.SystemClock_Config) refers to main.o(i.Error_Handler) for Error_Handler
    main.o(i.SystemClock_Config) refers to stm32f4xx_hal_rcc.o(i.HAL_RCC_ClockConfig) for HAL_RCC_ClockConfig
    main.o(i.USB_Reset) refers to memseta.o(.text) for __aeabi_memclr4
    main.o(i.USB_Reset) refers to stm32f4xx_hal_gpio.o(i.HAL_GPIO_Init) for HAL_GPIO_Init
    main.o(i.USB_Reset) refers to stm32f4xx_hal_gpio.o(i.HAL_GPIO_WritePin) for HAL_GPIO_WritePin
    main.o(i.USB_Reset) refers to stm32f4xx_hal.o(i.HAL_Delay) for HAL_Delay
    main.o(i.main) refers to stm32f4xx_hal.o(i.HAL_Init) for HAL_Init
    main.o(i.main) refers to main.o(i.SystemClock_Config) for SystemClock_Config
    main.o(i.main) refers to main.o(i.USB_Reset) for USB_Reset
[...]
    Robot_Hurt                               0x200002ea   Data           1  bsp_judge.o(.data)
    Shoot_Data                               0x200002eb   Data           7  bsp_judge.o(.data)
    Bullet_Remaining                         0x200002f2   Data           6  bsp_judge.o(.data)
    RFID_Status                              0x200002f8   Data           4  bsp_judge.o(.data)
    Dart_Client                              0x200002fc   Data           6  bsp_judge.o(.data)
    wspeed_n                                 0x20000304   Data           1  bsp_mf_motor.o(.data)
    PROTECT_choice                           0x2000030c   Data          16  bsp_shoot_class.o(.data)
    RC_UP_choice                             0x2000031c   Data          16  bsp_shoot_class.o(.data)
    RC_MI_choice                             0x2000032c   Data          16  bsp_shoot_class.o(.data)
    RC_DN_choice                             0x2000033c   Data          16  bsp_shoot_class.o(.data)
    rc_normal_flag                           0x2000034c   Data           1  remote_msg.o(.data)
    CRC16_INIT                               0x20000350   Data           2  crc8_crc16.o(.data)
    decode_receive_header                    0x20000352   Data           5  decode.o(.data)
    taurus_end                               0x20000357   Data           2  packet.o(.data)
    uwTickFreq                               0x2000035c   Data           1  stm32f4xx_hal.o(.data)
    uwTickPrio                               0x20000360   Data           4  stm32f4xx_hal.o(.data)
    uwTick                                   0x20000364   Data           4  stm32f4xx_hal.o(.data)
    pxCurrentTCB                             0x20000368   Data           4  tasks.o(.data)
    USBD_CDC                                 0x20000444   Data          56  usbd_cdc.o(.data)
    __microlib_freelist                      0x2000047c   Data           4  mvars.o(.data)
    __microlib_freelist_initialised          0x20000480   Data           4  mvars.o(.data)
    hcan1                                    0x20000b48   Data          40  can.o(.bss)
    hcan2                                    0x20000b70   Data          40  can.o(.bss)
    htim3                                    0x20000b98   Data          72  tim.o(.bss)
    htim5                                    0x20000be0   Data          72  tim.o(.bss)
    huart5                                   0x20000c28   Data          68  usart.o(.bss)
    huart1                                   0x20000c6c   Data          68  usart.o(.bss)
    huart2                                   0x20000cb0   Data          68  usart.o(.bss)
    huart3                                   0x20000cf4   Data          68  usart.o(.bss)
    hdma_uart5_rx                            0x20000d38   Data          96  usart.o(.bss)
    hdma_uart5_tx                            0x20000d98   Data          96  usart.o(.bss)
    hdma_usart1_rx                           0x20000df8   Data          96  usart.o(.bss)
    hdma_usart2_rx                           0x20000e58   Data          96  usart.o(.bss)
    hdma_usart2_tx                           0x20000eb8   Data          96  usart.o(.bss)
    hdma_usart3_rx                           0x20000f18   Data          96  usart.o(.bss)
    hdma_usart3_tx                           0x20000f78   Data          96  usart.o(.bss)
    hUsbDeviceFS                             0x20000fd8   Data         732  usb_device.o(.bss)
    hpcd_USB_OTG_FS                          0x200012b4   Data        1292  usbd_conf.o(.bss)
    USBD_StrDesc                             0x200019e0   Data         512  usbd_desc.o(.bss)
    UserRxBufferFS                           0x20001be0   Data        2048  usbd_cdc_if.o(.bss)
    UserTxBufferFS                           0x200023e0   Data        2048  usbd_cdc_if.o(.bss)
    htim10                                   0x20002be0   Data          72  stm32f4xx_hal_timebase_tim.o(.bss)
    status                                   0x20002c28   Data          11  status_task.o(.bss)
    chassis                                  0x20002c34   Data         116  chassis_task.o(.bss)
    car_1                                    0x20002ca8   Data          12  chassis_task.o(.bss)
    car_2                                    0x20002cb4   Data          12  chassis_task.o(.bss)
    gimbal                                   0x20002cc0   Data         128  gimbal_task.o(.bss)
    fric                                     0x20002d40   Data          60  shoot_task .o(.bss)
    shoot                                    0x20002d7c   Data          68  shoot_task .o(.bss)
    usb_buf                                  0x20002dc0   Data         128  usb_task.o(.bss)
    vsn_drive                                0x20002e40   Data          52  vision_predict.o(.bss)
    vision                                   0x20002e74   Data          36  vision_predict.o(.bss)
    vd                                       0x20003078   Data         248  vision_predict.o(.bss)
    vision_predict                           0x20003170   Data          36  vision_predict.o(.bss)
    DBUS_de_buf                              0x20003194   Data          36  uart_decode.o(.bss)
    JUDGE_de_buf                             0x200031b8   Data         150  uart_decode.o(.bss)
    DBUS_fifo                                0x20003250   Data          24  sys_init.o(.bss)
    DBUS_fifo_buf                            0x20003268   Data         108  sys_init.o(.bss)
    JUDGE_fifo                               0x200032d4   Data          24  sys_init.o(.bss)
    JUDGE_fifo_buf                           0x200032ec   Data         300  sys_init.o(.bss)
    InfoBuffer                               0x20003418   Data        1000  sys_init.o(.bss)
    motor_cur                                0x20003800   Data          20  comm_task.o(.bss)
    CliendTxBuffer                           0x20003814   Data         150  judgesend_task.o(.bss)
    Judgesend_Data                           0x200038aa   Data         322  judgesend_task.o(.bss)
    Judgesend_strings_Data                   0x200039ec   Data          45  judgesend_task.o(.bss)
    Comm_senddata                            0x20003a19   Data          20  judgesend_task.o(.bss)
    CliendTxBuffer_message                   0x20003a2d   Data         112  judgesend_task.o(.bss)
    Fric_Speed_Target_Ramp                   0x20003aa0   Data          20  bsp_fricmotor.o(.bss)
    fric_motor_l                             0x20003ab4   Data          24  bsp_fricmotor.o(.bss)
    fric_motor_r                             0x20003acc   Data          24  bsp_fricmotor.o(.bss)
    l_pid_spd                                0x20003ae4   Data         112  bsp_fricmotor.o(.bss)
    r_pid_spd                                0x20003b54   Data         112  bsp_fricmotor.o(.bss)
    powercontrol                             0x20003bc4   Data          36  bsp_powerlimit.o(.bss)
    supercap                                 0x20003be8   Data          28  bsp_powerlimit.o(.bss)
    imu9025_array                            0x20003c04   Data          20  bsp_t_imu.o(.bss)
    imu_data                                 0x20003c18   Data          24  bsp_t_imu.o(.bss)
    imu_9025                                 0x20003c30   Data          24  bsp_t_imu.o(.bss)
    moto_fric                                0x20003c48   Data          48  bsp_can.o(.bss)
    moto_pit                                 0x20003c78   Data          24  bsp_can.o(.bss)
    moto_yaw                                 0x20003c90   Data          24  bsp_can.o(.bss)
    motor_trigger                            0x20003ca8   Data          24  bsp_can.o(.bss)
    Tx1Message                               0x20003cc0   Data          24  bsp_can.o(.bss)
    Rx1Message                               0x20003cd8   Data          28  bsp_can.o(.bss)
    Tx2Message                               0x20003cf4   Data          24  bsp_can.o(.bss)
    Rx2Message                               0x20003d0c   Data          28  bsp_can.o(.bss)
    RM6020_array                             0x20003d28   Data          20  bsp_can.o(.bss)
    YAW_9025                                 0x20003d40   Data          72  bsp_can.o(.bss)
    can_rx_data                              0x20003d88   Data          36  bsp_can.o(.bss)
    USART_DBUS_Conf                          0x20003dac   Data          20  bsp_usart.o(.bss)
    USART_JUDGE_Conf                         0x20003dc0   Data          20  bsp_usart.o(.bss)
    Game_State                               0x20003f48   Data          11  bsp_judge.o(.bss)
    RobotHP                                  0x20003f53   Data          32  bsp_judge.o(.bss)
    Game_Robot_Status                        0x20003f73   Data          13  bsp_judge.o(.bss)
    Power_Heat_Data                          0x20003f80   Data          16  bsp_judge.o(.bss)
    Robot_Position                           0x20003f90   Data          16  bsp_judge.o(.bss)
    Radar_Client                             0x20003fa0   Data          30  bsp_judge.o(.bss)
    Robot_command                            0x20003fbe   Data          15  bsp_judge.o(.bss)
    Sentry_map                               0x20003fcd   Data         103  bsp_judge.o(.bss)
    Sentry_Control                           0x20004034   Data          14  bsp_judge.o(.bss)
    robot_judge_msg                          0x20004042   Data         174  bsp_judge.o(.bss)
    wspeed                                   0x200040f0   Data          28  bsp_mf_motor.o(.bss)
    pid_pit_ecd                              0x2000410c   Data         112  pid.o(.bss)
    pid_pit_angle                            0x2000417c   Data         112  pid.o(.bss)
    pid_pit_spd                              0x200041ec   Data         112  pid.o(.bss)
    pid_yaw_angle_6020                       0x2000425c   Data         112  pid.o(.bss)
    pid_yaw_spd_6020                         0x200042cc   Data         112  pid.o(.bss)
    pid_yaw_angle_9025                       0x2000433c   Data         112  pid.o(.bss)
    pid_yaw_spd_9025                         0x200043ac   Data         112  pid.o(.bss)
    pid_9025_i                               0x2000441c   Data         112  pid.o(.bss)
    pid_yaw_mecd                             0x2000448c   Data         112  pid.o(.bss)
    pid_yaw_mspd                             0x200044fc   Data         112  pid.o(.bss)
    pid_trigger_hz                           0x2000456c   Data         112  pid.o(.bss)
    pid_trigger_ecd                          0x200045dc   Data         112  pid.o(.bss)
    pid_trigger_spd                          0x2000464c   Data         112  pid.o(.bss)
    pid_vision_yaw                           0x200046bc   Data         112  pid.o(.bss)
    pid_vision_pit                           0x2000472c   Data         112  pid.o(.bss)
    pid_pitch_energy                         0x2000479c   Data         112  pid.o(.bss)
    pid_yaw_energy                           0x2000480c   Data         112  pid.o(.bss)
    pid_shoot_speed                          0x2000487c   Data         112  pid.o(.bss)
    pid_chassis_angle                        0x200048ec   Data         112  pid.o(.bss)
    pid_chassis_cur                          0x2000495c   Data         448  pid.o(.bss)
    pid_chassis_spd                          0x20004b1c   Data         448  pid.o(.bss)
    rc                                       0x20004cdc   Data          23  remote_msg.o(.bss)
    scale                                    0x20004cf4   Data          20  remote_msg.o(.bss)
    kb_status                                0x20004d08   Data          11  remote_msg.o(.bss)
    map_data                                 0x20004d20   Data         101  decode.o(.bss)
    usb_fifo                                 0x20004d88   Data          24  decode.o(.bss)
    usb_fifo_buf                             0x20004da0   Data         512  decode.o(.bss)
    decode_unpack_obj                        0x20004fa0   Data         265  decode.o(.bss)
    send_buf                                 0x200050a9   Data         256  packet.o(.bss)
    chassis_ctrl                             0x200051a9   Data          13  packet.o(.bss)
    chassis_odom                             0x200051b6   Data          52  packet.o(.bss)
    vision_ctrl                              0x200051ea   Data         108  packet.o(.bss)
    Game_Status                              0x20005256   Data          96  packet.o(.bss)
    xQueueRegistry                           0x200052b8   Data          64  queue.o(.bss)
    __heap_base                              0x200090d8   Data           0  startup_stm32f407xx.o(HEAP)
    __heap_limit                             0x2000a0d8   Data           0  startup_stm32f407xx.o(HEAP)
    __initial_sp                             0x2000a6d8   Data           0  startup_stm32f407xx.o(STACK)



==============================================================================

Memory Map of the image

  Image Entry point : 0x08000189

  Load Region LR_IROM1 (Base: 0x08000000, Size: 0x0000f358, Max: 0x00080000, ABSOLUTE, COMPRESSED[0x0000f01c])

    Execution Region ER_IROM1 (Exec base: 0x08000000, Load base: 0x08000000, Size: 0x0000eed0, Max: 0x00080000, ABSOLUTE)

    Exec Addr    Load Addr    Size         Type   Attr      Idx    E Section Name        Object

    0x08000000   0x08000000   0x00000188   Data   RO            3    RESET               startup_stm32f407xx.o
    0x08000188   0x08000188   0x00000000   Code   RO         9603  * .ARM.Collect$$$$00000000  mc_w.l(entry.o)
    0x08000188   0x08000188   0x00000004   Code   RO         9986    .ARM.Collect$$$$00000001  mc_w.l(entry2.o)
    0x0800018c   0x0800018c   0x00000004   Code   RO         9989    .ARM.Collect$$$$00000004  mc_w.l(entry5.o)
    0x08000190   0x08000190   0x00000000   Code   RO         9991    .ARM.Collect$$$$00000008  mc_w.l(entry7b.o)
    0x08000190   0x08000190   0x00000000   Code   RO         9993    .ARM.Collect$$$$0000000A  mc_w.l(entry8b.o)
    0x08000190   0x08000190   0x00000008   Code   RO         9994    .ARM.Collect$$$$0000000B  mc_w.l(entry9a.o)
    0x08000198   0x08000198   0x00000000   Code   RO         9996    .ARM.Collect$$$$0000000D  mc_w.l(entry10a.o)
    0x08000198   0x08000198   0x00000000   Code   RO         9998    .ARM.Collect$$$$0000000F  mc_w.l(entry11a.o)
    0x08000198   0x08000198   0x00000004   Code   RO         9987    .ARM.Collect$$$$00002712  mc_w.l(entry2.o)
    0x0800019c   0x0800019c   0x000000be   Code   RO         8840    .emb_text           port.o
    0x0800025a   0x0800025a   0x00000002   PAD
    0x0800025c   0x0800025c   0x00000024   Code   RO            4    .text               startup_stm32f407xx.o
    0x08000280   0x08000280   0x00000062   Code   RO         9606    .text               mc_w.l(uldiv.o)
    0x080002e2   0x080002e2   0x00000024   Code   RO         9613    .text               mc_w.l(memcpya.o)
    0x08000306   0x08000306   0x00000024   Code   RO         9617    .text               mc_w.l(memseta.o)
    0x0800032a   0x0800032a   0x0000001c   Code   RO         9914    .text               mc_w.l(calloc.o)
    0x08000346   0x08000346   0x0000014e   Code   RO         9916    .text               mf_w.l(dadd.o)
    0x08000494   0x08000494   0x000000e4   Code   RO         9918    .text               mf_w.l(dmul.o)
    0x08000578   0x08000578   0x000000de   Code   RO         9920    .text               mf_w.l(ddiv.o)
    0x08000656   0x08000656   0x0000002c   Code   RO         9922    .text               mf_w.l(ffltl.o)
    0x08000682   0x08000682   0x0000001a   Code   RO         9924    .text               mf_w.l(dfltui.o)
    0x0800069c   0x0800069c   0x00000042   Code   RO         9926    .text               mf_w.l(ffixl.o)
    0x080006de   0x080006de   0x00000026   Code   RO         9928    .text               mf_w.l(f2d.o)
    0x08000704   0x08000704   0x00000038   Code   RO         9932    .text               mf_w.l(d2f.o)
    0x0800073c   0x0800073c   0x0000001e   Code   RO        10003    .text               mc_w.l(llshl.o)
    0x0800075a   0x0800075a   0x00000020   Code   RO        10005    .text               mc_w.l(llushr.o)
    0x0800077a   0x0800077a   0x00000024   Code   RO        10007    .text               mc_w.l(llsshr.o)
    0x0800079e   0x0800079e   0x00000000   Code   RO        10018    .text               mc_w.l(iusefp.o)
    0x0800079e   0x0800079e   0x0000006e   Code   RO        10019    .text               mf_w.l(fepilogue.o)
    0x0800080c   0x0800080c   0x000000ba   Code   RO        10023    .text               mf_w.l(depilogue.o)
    0x080008c6   0x080008c6   0x00000022   Code   RO        10031    .text               mf_w.l(dflti.o)
    0x080008e8   0x080008e8   0x00000024   Code   RO        10037    .text               mc_w.l(init.o)
    0x0800090c   0x0800090c   0x0000003e   Code   RO        10039    .text               mf_w.l(dfixi.o)
    0x0800094a   0x0800094a   0x00000056   Code   RO        10049    .text               mc_w.l(__dczerorl2.o)
    0x080009a0   0x080009a0   0x00000004   Code   RO         1121    i.BusFault_Handler  stm32f4xx_it.o
    0x080009a4   0x080009a4   0x00000026   Code   RO         2476    i.CAN1_FilterEnd_Config  bsp_can.o
    0x080009ca   0x080009ca   0x0000008c   Code   RO         2477    i.CAN1_IDList_Config  bsp_can.o
    0x08000a56   0x08000a56   0x00000002   PAD
    0x08000a58   0x08000a58   0x00000010   Code   RO         1122    i.CAN1_RX0_IRQHandler  stm32f4xx_it.o
    0x08000a68   0x08000a68   0x00000010   Code   RO         1123    i.CAN1_RX1_IRQHandler  stm32f4xx_it.o
    0x08000a78   0x08000a78   0x00000010   Code   RO         1124    i.CAN1_SCE_IRQHandler  stm32f4xx_it.o
    0x08000a88   0x08000a88   0x00000010   Code   RO         1125    i.CAN1_TX_IRQHandler  stm32f4xx_it.o
    0x08000a98   0x08000a98   0x00000026   Code   RO         2478    i.CAN2_FilterEnd_Config  bsp_can.o
    0x08000abe   0x08000abe   0x0000008c   Code   RO         2479    i.CAN2_IDList_Config  bsp_can.o
    0x08000b4a   0x08000b4a   0x00000002   PAD
    0x08000b4c   0x08000b4c   0x00000010   Code   RO         1126    i.CAN2_RX0_IRQHandler  stm32f4xx_it.o
    0x08000b5c   0x08000b5c   0x00000010   Code   RO         1127    i.CAN2_RX1_IRQHandler  stm32f4xx_it.o
    0x08000b6c   0x08000b6c   0x00000010   Code   RO         1128    i.CAN2_SCE_IRQHandler  stm32f4xx_it.o
    0x08000b7c   0x08000b7c   0x00000010   Code   RO         1129    i.CAN2_TX_IRQHandler  stm32f4xx_it.o
    0x08000b8c   0x08000b8c   0x00000048   Code   RO         2480    i.CAN_Filter_IDList_Config  bsp_can.o
    0x08000bd4   0x08000bd4   0x00000044   Code   RO         1064    i.CDC_Control_FS    usbd_cdc_if.o
    0x08000c18   0x08000c18   0x00000004   Code   RO         1065    i.CDC_DeInit_FS     usbd_cdc_if.o
    0x08000c1c   0x08000c1c   0x00000024   Code   RO         1066    i.CDC_Init_FS       usbd_cdc_if.o
    0x08000c40   0x08000c40   0x00000024   Code   RO         1067    i.CDC_Receive_FS    usbd_cdc_if.o
    0x08000c64   0x08000c64   0x0000000c   Code   RO         1068    i.CDC_TransmitCplt_FS  usbd_cdc_if.o
    0x08000c70   0x08000c70   0x00000038   Code   RO         1069    i.CDC_Transmit_FS   usbd_cdc_if.o
    0x08000ca8   0x08000ca8   0x00000288   Code   RO         1507    i.CHASSIS_MODE_AUTO_callback  chassis_task.o
    0x08000f30   0x08000f30   0x000002c4   Code   RO         1508    i.CHASSIS_MODE_FOLL_ROTA_callback  chassis_task.o
    0x080011f4   0x080011f4   0x00000078   Code   RO         1509    i.CHASSIS_MODE_PROTECT_callback  chassis_task.o
    0x0800126c   0x0800126c   0x00000098   Code   RO         1510    i.ChassisOdom_calc  chassis_task.o
    0x08001304   0x08001304   0x00000024   Code   RO         1511    i.Chassis_queue_send  chassis_task.o
    0x08001328   0x08001328   0x00000014   Code   RO          603    i.ConfigureTimerForRunTimeStates  tim.o
    0x0800133c   0x0800133c   0x00000010   Code   RO         1130    i.DMA1_Stream0_IRQHandler  stm32f4xx_it.o
    0x0800134c   0x0800134c   0x00000010   Code   RO         1131    i.DMA1_Stream1_IRQHandler  stm32f4xx_it.o
    0x0800135c   0x0800135c   0x00000010   Code   RO         1132    i.DMA1_Stream3_IRQHandler  stm32f4xx_it.o
    0x0800136c   0x0800136c   0x00000010   Code   RO         1133    i.DMA1_Stream5_IRQHandler  stm32f4xx_it.o
    0x0800137c   0x0800137c   0x00000010   Code   RO         1134    i.DMA1_Stream6_IRQHandler  stm32f4xx_it.o
    0x0800138c   0x0800138c   0x00000010   Code   RO         1135    i.DMA1_Stream7_IRQHandler  stm32f4xx_it.o
    0x0800139c   0x0800139c   0x00000010   Code   RO         1136    i.DMA2_Stream2_IRQHandler  stm32f4xx_it.o
    0x080013ac   0x080013ac   0x00000034   Code   RO         5028    i.DMA_CalcBaseAndBitshift  stm32f4xx_hal_dma.o
    0x080013e0   0x080013e0   0x0000007e   Code   RO         5029    i.DMA_CheckFifoParam  stm32f4xx_hal_dma.o
    0x0800145e   0x0800145e   0x00000022   Code   RO         4987    i.DMA_MultiBufferSetConfig  stm32f4xx_hal_dma_ex.o
    0x08001480   0x08001480   0x00000038   Code   RO         5030    i.DMA_SetConfig     stm32f4xx_hal_dma.o
    0x080014b8   0x080014b8   0x00000002   Code   RO         1137    i.DebugMon_Handler  stm32f4xx_it.o
    0x080014ba   0x080014ba   0x00000002   Code   RO          155    i.Error_Handler     main.o
    0x080014bc   0x080014bc   0x00000060   Code   RO         2254    i.FricMotor_init    bsp_fricmotor.o
    0x0800151c   0x0800151c   0x00000080   Code   RO         2255    i.FricMotor_speed_set  bsp_fricmotor.o
    0x0800159c   0x0800159c   0x000000a0   Code   RO         2256    i.Fric_protect      bsp_fricmotor.o
    0x0800163c   0x0800163c   0x000000a0   Code   RO         2257    i.Fric_unprotect    bsp_fricmotor.o
    0x080016dc   0x080016dc   0x00000034   Code   RO          974    i.Get_SerialNum     usbd_desc.o
    0x08001710   0x08001710   0x000000ac   Code   RO         2983    i.GildeAverageValueFilter  math_calcu.o
    0x080017bc   0x080017bc   0x0000000c   Code   RO         1630    i.Gimbal_MODE_AUTO_callback  gimbal_task.o
    0x080017c8   0x080017c8   0x00000078   Code   RO         1631    i.Gimbal_MODE_PROTECT_callback  gimbal_task.o
    0x08001840   0x08001840   0x00000070   Code   RO         1632    i.Gimbal_MODE_REMOTER_callback  gimbal_task.o
    0x080018b0   0x080018b0   0x000000cc   Code   RO         1633    i.Gimbal_data_calc  gimbal_task.o
    0x0800197c   0x0800197c   0x00000048   Code   RO         1634    i.Gimbal_mode_check  gimbal_task.o
    0x080019c4   0x080019c4   0x00000024   Code   RO         5697    i.HAL_CAN_ActivateNotification  stm32f4xx_hal_can.o
    0x080019e8   0x080019e8   0x00000104   Code   RO         5698    i.HAL_CAN_AddTxMessage  stm32f4xx_hal_can.o
    0x08001aec   0x08001aec   0x00000128   Code   RO         5699    i.HAL_CAN_ConfigFilter  stm32f4xx_hal_can.o
    0x08001c14   0x08001c14   0x00000002   Code   RO         5702    i.HAL_CAN_ErrorCallback  stm32f4xx_hal_can.o
    0x08001c16   0x08001c16   0x0000016c   Code   RO         5705    i.HAL_CAN_GetRxMessage  stm32f4xx_hal_can.o
    0x08001d82   0x08001d82   0x00000032   Code   RO         5707    i.HAL_CAN_GetTxMailboxesFreeLevel  stm32f4xx_hal_can.o
    0x08001db4   0x08001db4   0x00000234   Code   RO         5709    i.HAL_CAN_IRQHandler  stm32f4xx_hal_can.o
    0x08001fe8   0x08001fe8   0x00000168   Code   RO         5710    i.HAL_CAN_Init      stm32f4xx_hal_can.o
    0x08002150   0x08002150   0x000001c4   Code   RO          489    i.HAL_CAN_MspInit   can.o
    0x08002314   0x08002314   0x00000002   Code   RO         5717    i.HAL_CAN_RxFifo0FullCallback  stm32f4xx_hal_can.o
    0x08002316   0x08002316   0x00000002   PAD
    0x08002318   0x08002318   0x00000038   Code   RO         2481    i.HAL_CAN_RxFifo0MsgPendingCallback  bsp_can.o
    0x08002350   0x08002350   0x00000002   Code   RO         5719    i.HAL_CAN_RxFifo1FullCallback  stm32f4xx_hal_can.o
    0x08002352   0x08002352   0x00000002   PAD
    0x08002354   0x08002354   0x00000038   Code   RO         2482    i.HAL_CAN_RxFifo1MsgPendingCallback  bsp_can.o
    0x0800238c   0x0800238c   0x00000002   Code   RO         5721    i.HAL_CAN_SleepCallback  stm32f4xx_hal_can.o
    0x0800238e   0x0800238e   0x00000064   Code   RO         5722    i.HAL_CAN_Start     stm32f4xx_hal_can.o
    0x080023f2   0x080023f2   0x00000002   Code   RO         5724    i.HAL_CAN_TxMailbox0AbortCallback  stm32f4xx_hal_can.o
    0x080023f4   0x080023f4   0x00000002   Code   RO         5725    i.HAL_CAN_TxMailbox0CompleteCallback  stm32f4xx_hal_can.o
    0x080023f6   0x080023f6   0x00000002   Code   RO         5726    i.HAL_CAN_TxMailbox1AbortCallback  stm32f4xx_hal_can.o
    0x080023f8   0x080023f8   0x00000002   Code   RO         5727    i.HAL_CAN_TxMailbox1CompleteCallback  stm32f4xx_hal_can.o
    0x080023fa   0x080023fa   0x00000002   Code   RO         5728    i.HAL_CAN_TxMailbox2AbortCallback  stm32f4xx_hal_can.o
    0x080023fc   0x080023fc   0x00000002   Code   RO         5729    i.HAL_CAN_TxMailbox2CompleteCallback  stm32f4xx_hal_can.o
    0x080023fe   0x080023fe   0x00000002   Code   RO         5731    i.HAL_CAN_WakeUpFromRxMsgCallback  stm32f4xx_hal_can.o
    0x08002400   0x08002400   0x00000024   Code   RO         5934    i.HAL_CRC_Init      stm32f4xx_hal_crc.o
    0x08002424   0x08002424   0x00000034   Code   RO          538    i.HAL_CRC_MspInit   crc.o
    0x08002458   0x08002458   0x00000062   Code   RO         4989    i.HAL_DMAEx_MultiBufferStart  stm32f4xx_hal_dma_ex.o
    0x080024ba   0x080024ba   0x000000a2   Code   RO         5031    i.HAL_DMA_Abort     stm32f4xx_hal_dma.o
    0x0800255c   0x0800255c   0x00000024   Code   RO         5032    i.HAL_DMA_Abort_IT  stm32f4xx_hal_dma.o
    0x08002580   0x08002580   0x000001ec   Code   RO         5036    i.HAL_DMA_IRQHandler  stm32f4xx_hal_dma.o
    0x0800276c   0x0800276c   0x000000ec   Code   RO         5037    i.HAL_DMA_Init      stm32f4xx_hal_dma.o
    0x08002858   0x08002858   0x00000070   Code   RO         5041    i.HAL_DMA_Start_IT  stm32f4xx_hal_dma.o
    0x080028c8   0x080028c8   0x00000028   Code   RO         5445    i.HAL_Delay         stm32f4xx_hal.o
    0x080028f0   0x080028f0   0x0000022c   Code   RO         4924    i.HAL_GPIO_Init     stm32f4xx_hal_gpio.o
    0x08002b1c   0x08002b1c   0x0000000e   Code   RO         4928    i.HAL_GPIO_WritePin  stm32f4xx_hal_gpio.o
    0x08002b2a   0x08002b2a   0x00000002   PAD
    0x08002b2c   0x08002b2c   0x0000000c   Code   RO         5451    i.HAL_GetTick       stm32f4xx_hal.o
    0x08002b38   0x08002b38   0x00000010   Code   RO         5457    i.HAL_IncTick       stm32f4xx_hal.o
    0x08002b48   0x08002b48   0x00000034   Code   RO         5458    i.HAL_Init          stm32f4xx_hal.o
    0x08002b7c   0x08002b7c   0x0000008c   Code   RO         1341    i.HAL_InitTick      stm32f4xx_hal_timebase_tim.o
    0x08002c08   0x08002c08   0x00000054   Code   RO         1317    i.HAL_MspInit       stm32f4xx_hal_msp.o
    0x08002c5c   0x08002c5c   0x0000001c   Code   RO         5313    i.HAL_NVIC_EnableIRQ  stm32f4xx_hal_cortex.o
    0x08002c78   0x08002c78   0x00000068   Code   RO         5319    i.HAL_NVIC_SetPriority  stm32f4xx_hal_cortex.o
    0x08002ce0   0x08002ce0   0x00000024   Code   RO         5320    i.HAL_NVIC_SetPriorityGrouping  stm32f4xx_hal_cortex.o
    0x08002d04   0x08002d04   0x00000002   Code   RO         4172    i.HAL_PCDEx_LPM_Callback  stm32f4xx_hal_pcd_ex.o
    0x08002d06   0x08002d06   0x00000008   Code   RO         4173    i.HAL_PCDEx_SetRxFiFo  stm32f4xx_hal_pcd_ex.o
    0x08002d0e   0x08002d0e   0x0000004a   Code   RO         4174    i.HAL_PCDEx_SetTxFiFo  stm32f4xx_hal_pcd_ex.o
    0x08002d58   0x08002d58   0x0000000e   Code   RO          767    i.HAL_PCD_ConnectCallback  usbd_conf.o
    0x08002d66   0x08002d66   0x00000020   Code   RO          768    i.HAL_PCD_DataInStageCallback  usbd_conf.o
    0x08002d86   0x08002d86   0x00000020   Code   RO          769    i.HAL_PCD_DataOutStageCallback  usbd_conf.o
    0x08002da6   0x08002da6   0x0000000e   Code   RO          770    i.HAL_PCD_DisconnectCallback  usbd_conf.o
    0x08002db4   0x08002db4   0x00000020   Code   RO         3937    i.HAL_PCD_EP_Abort  stm32f4xx_hal_pcd.o
    0x08002dd4   0x08002dd4   0x0000004a   Code   RO         3938    i.HAL_PCD_EP_Close  stm32f4xx_hal_pcd.o
    0x08002e1e   0x08002e1e   0x0000005c   Code   RO         3939    i.HAL_PCD_EP_ClrStall  stm32f4xx_hal_pcd.o
    0x08002e7a   0x08002e7a   0x00000012   Code   RO         3941    i.HAL_PCD_EP_GetRxCount  stm32f4xx_hal_pcd.o
    0x08002e8c   0x08002e8c   0x0000005c   Code   RO         3942    i.HAL_PCD_EP_Open   stm32f4xx_hal_pcd.o
    0x08002ee8   0x08002ee8   0x00000046   Code   RO         3943    i.HAL_PCD_EP_Receive  stm32f4xx_hal_pcd.o
    0x08002f2e   0x08002f2e   0x00000074   Code   RO         3944    i.HAL_PCD_EP_SetStall  stm32f4xx_hal_pcd.o
    0x08002fa2   0x08002fa2   0x00000046   Code   RO         3945    i.HAL_PCD_EP_Transmit  stm32f4xx_hal_pcd.o
    0x08002fe8   0x08002fe8   0x00000564   Code   RO         3947    i.HAL_PCD_IRQHandler  stm32f4xx_hal_pcd.o
    0x0800354c   0x0800354c   0x00000012   Code   RO          771    i.HAL_PCD_ISOINIncompleteCallback  usbd_conf.o
    0x0800355e   0x0800355e   0x00000012   Code   RO          772    i.HAL_PCD_ISOOUTIncompleteCallback  usbd_conf.o
    0x08003570   0x08003570   0x00000140   Code   RO         3950    i.HAL_PCD_Init      stm32f4xx_hal_pcd.o
    0x080036b0   0x080036b0   0x000000a8   Code   RO          774    i.HAL_PCD_MspInit   usbd_conf.o
    0x08003758   0x08003758   0x00000030   Code   RO          775    i.HAL_PCD_ResetCallback  usbd_conf.o
    0x08003788   0x08003788   0x0000000e   Code   RO          776    i.HAL_PCD_ResumeCallback  usbd_conf.o
    0x08003796   0x08003796   0x0000000e   Code   RO          777    i.HAL_PCD_SOFCallback  usbd_conf.o
    0x080037a4   0x080037a4   0x00000028   Code   RO         3956    i.HAL_PCD_SetAddress  stm32f4xx_hal_pcd.o
    0x080037cc   0x080037cc   0x00000012   Code   RO          778    i.HAL_PCD_SetupStageCallback  usbd_conf.o
    0x080037de   0x080037de   0x00000042   Code   RO         3959    i.HAL_PCD_Start     stm32f4xx_hal_pcd.o
    0x08003820   0x08003820   0x00000034   Code   RO          779    i.HAL_PCD_SuspendCallback  usbd_conf.o
    0x08003854   0x08003854   0x0000017c   Code   RO         4525    i.HAL_RCC_ClockConfig  stm32f4xx_hal_rcc.o
    0x080039d0   0x080039d0   0x0000003c   Code   RO         4529    i.HAL_RCC_GetClockConfig  stm32f4xx_hal_rcc.o
    0x08003a0c   0x08003a0c   0x0000000c   Code   RO         4530    i.HAL_RCC_GetHCLKFreq  stm32f4xx_hal_rcc.o
    0x08003a18   0x08003a18   0x00000020   Code   RO         4532    i.HAL_RCC_GetPCLK1Freq  stm32f4xx_hal_rcc.o
    0x08003a38   0x08003a38   0x00000020   Code   RO         4533    i.HAL_RCC_GetPCLK2Freq  stm32f4xx_hal_rcc.o
    0x08003a58   0x08003a58   0x00000064   Code   RO         4534    i.HAL_RCC_GetSysClockFreq  stm32f4xx_hal_rcc.o
    0x08003abc   0x08003abc   0x00000482   Code   RO         4537    i.HAL_RCC_OscConfig  stm32f4xx_hal_rcc.o
    0x08003f3e   0x08003f3e   0x00000002   Code   RO         6707    i.HAL_TIMEx_BreakCallback  stm32f4xx_hal_tim_ex.o
    0x08003f40   0x08003f40   0x00000002   Code   RO         6708    i.HAL_TIMEx_CommutCallback  stm32f4xx_hal_tim_ex.o
    0x08003f42   0x08003f42   0x0000009a   Code   RO         6726    i.HAL_TIMEx_MasterConfigSynchronization  stm32f4xx_hal_tim_ex.o
    0x08003fdc   0x08003fdc   0x0000005c   Code   RO         5992    i.HAL_TIM_Base_Init  stm32f4xx_hal_tim.o
    0x08004038   0x08004038   0x000000d4   Code   RO          605    i.HAL_TIM_Base_MspInit  tim.o
    0x0800410c   0x0800410c   0x0000008a   Code   RO         5997    i.HAL_TIM_Base_Start_IT  stm32f4xx_hal_tim.o
    0x08004196   0x08004196   0x000000ea   Code   RO         6001    i.HAL_TIM_ConfigClockSource  stm32f4xx_hal_tim.o
    0x08004280   0x08004280   0x00000002   Code   RO         6026    i.HAL_TIM_IC_CaptureCallback  stm32f4xx_hal_tim.o
    0x08004282   0x08004282   0x00000174   Code   RO         6040    i.HAL_TIM_IRQHandler  stm32f4xx_hal_tim.o
    0x080043f6   0x080043f6   0x00000002   Code   RO         6043    i.HAL_TIM_OC_DelayElapsedCallback  stm32f4xx_hal_tim.o
    0x080043f8   0x080043f8   0x00000002   Code   RO         6070    i.HAL_TIM_PWM_PulseFinishedCallback  stm32f4xx_hal_tim.o
    0x080043fa   0x080043fa   0x00000002   PAD
    0x080043fc   0x080043fc   0x00000018   Code   RO          156    i.HAL_TIM_PeriodElapsedCallback  main.o
    0x08004414   0x08004414   0x00000002   Code   RO         6083    i.HAL_TIM_TriggerCallback  stm32f4xx_hal_tim.o
    0x08004416   0x08004416   0x00000002   Code   RO         6985    i.HAL_UARTEx_RxEventCallback  stm32f4xx_hal_uart.o
    0x08004418   0x08004418   0x00000002   Code   RO         6999    i.HAL_UART_ErrorCallback  stm32f4xx_hal_uart.o
    0x0800441a   0x0800441a   0x00000002   PAD
    0x0800441c   0x0800441c   0x00000260   Code   RO         7002    i.HAL_UART_IRQHandler  stm32f4xx_hal_uart.o
    0x0800467c   0x0800467c   0x00000064   Code   RO         7003    i.HAL_UART_Init     stm32f4xx_hal_uart.o
    0x080046e0   0x080046e0   0x00000438   Code   RO          659    i.HAL_UART_MspInit  usart.o
    0x08004b18   0x08004b18   0x00000002   Code   RO         7009    i.HAL_UART_RxCpltCallback  stm32f4xx_hal_uart.o
    0x08004b1a   0x08004b1a   0x00000002   PAD
    0x08004b1c   0x08004b1c   0x000000a0   Code   RO         7012    i.HAL_UART_Transmit_DMA  stm32f4xx_hal_uart.o
    0x08004bbc   0x08004bbc   0x00000002   Code   RO         7014    i.HAL_UART_TxCpltCallback  stm32f4xx_hal_uart.o
    0x08004bbe   0x08004bbe   0x00000002   Code   RO         7015    i.HAL_UART_TxHalfCpltCallback  stm32f4xx_hal_uart.o
    0x08004bc0   0x08004bc0   0x00000004   Code   RO         1138    i.HardFault_Handler  stm32f4xx_it.o
    0x08004bc4   0x08004bc4   0x0000003e   Code   RO          975    i.IntToUnicode      usbd_desc.o
    0x08004c02   0x08004c02   0x00000086   Code   RO         2844    i.Kalman1FilterCalc  kalmanfilter.o
    0x08004c88   0x08004c88   0x00000036   Code   RO         2845    i.Kalman1FilterCreate  kalmanfilter.o
    0x08004cbe   0x08004cbe   0x00000002   PAD
    0x08004cc0   0x08004cc0   0x00000040   Code   RO         2846    i.Kalman1FilterDeinit  kalmanfilter.o
    0x08004d00   0x08004d00   0x0000000a   Code   RO         2847    i.Kalman1FilterReinit  kalmanfilter.o
    0x08004d0a   0x08004d0a   0x00000002   PAD
    0x08004d0c   0x08004d0c   0x00000048   Code   RO          490    i.MX_CAN1_Init      can.o
    0x08004d54   0x08004d54   0x00000048   Code   RO          491    i.MX_CAN2_Init      can.o
    0x08004d9c   0x08004d9c   0x00000020   Code   RO          539    i.MX_CRC_Init       crc.o
    0x08004dbc   0x08004dbc   0x000000b8   Code   RO          579    i.MX_DMA_Init       dma.o
    0x08004e74   0x08004e74   0x000001b0   Code   RO          399    i.MX_FREERTOS_Init  freertos.o
    0x08005024   0x08005024   0x00000180   Code   RO          375    i.MX_GPIO_Init      gpio.o
    0x080051a4   0x080051a4   0x0000006c   Code   RO          606    i.MX_TIM3_Init      tim.o
    0x08005210   0x08005210   0x0000006c   Code   RO          607    i.MX_TIM5_Init      tim.o
    0x0800527c   0x0800527c   0x00000038   Code   RO          660    i.MX_UART5_Init     usart.o
    0x080052b4   0x080052b4   0x0000003c   Code   RO          661    i.MX_USART1_UART_Init  usart.o
    0x080052f0   0x080052f0   0x00000038   Code   RO          662    i.MX_USART2_UART_Init  usart.o
    0x08005328   0x08005328   0x00000038   Code   RO          663    i.MX_USART3_UART_Init  usart.o
    0x08005360   0x08005360   0x0000004c   Code   RO          719    i.MX_USB_DEVICE_Init  usb_device.o
    0x080053ac   0x080053ac   0x00000004   Code   RO         1139    i.MemManage_Handler  stm32f4xx_it.o
    0x080053b0   0x080053b0   0x00000094   Code   RO         2619    i.Memory_change     bsp_usart.o
    0x08005444   0x08005444   0x00000002   Code   RO         1140    i.NMI_Handler       stm32f4xx_it.o
    0x08005446   0x08005446   0x00000002   PAD
    0x08005448   0x08005448   0x00000010   Code   RO         1141    i.OTG_FS_IRQHandler  stm32f4xx_it.o
    0x08005458   0x08005458   0x00000048   Code   RO         3963    i.PCD_EP_OutSetupPacket_int  stm32f4xx_hal_pcd.o
    0x080054a0   0x080054a0   0x000000e8   Code   RO         3964    i.PCD_EP_OutXfrComplete_int  stm32f4xx_hal_pcd.o
    0x08005588   0x08005588   0x000000a2   Code   RO         3965    i.PCD_WriteEmptyTxFifo  stm32f4xx_hal_pcd.o
    0x0800562a   0x0800562a   0x00000002   PAD
    0x0800562c   0x0800562c   0x00000050   Code   RO         2780    i.PID_struct_init   pid.o
    0x0800567c   0x0800567c   0x00000044   Code   RO         2377    i.PowerControl_Init  bsp_powerlimit.o
    0x080056c0   0x080056c0   0x00000248   Code   RO         2378    i.PowerParam_Update  bsp_powerlimit.o
    0x08005908   0x08005908   0x000000d0   Code   RO         2380    i.Power_data_handler  bsp_powerlimit.o
    0x080059d8   0x080059d8   0x00000078   Code   RO         1512    i.ROTATE_State_Check  chassis_task.o
    0x08005a50   0x08005a50   0x0000007c   Code   RO         1702    i.ShootParam_Update  shoot_task .o
    0x08005acc   0x08005acc   0x00000038   Code   RO         1703    i.Shoot_power_check  shoot_task .o
    0x08005b04   0x08005b04   0x0000000a   Code   RO          400    i.StartDefaultTask  freertos.o
    0x08005b0e   0x08005b0e   0x00000002   PAD
    0x08005b10   0x08005b10   0x0000002c   Code   RO         8841    i.SysTick_Handler   port.o
    0x08005b3c   0x08005b3c   0x000000b4   Code   RO          157    i.SystemClock_Config  main.o
    0x08005bf0   0x08005bf0   0x00000064   Code   RO           14    i.SystemInit        system_stm32f4xx.o
    0x08005c54   0x08005c54   0x00000010   Code   RO         1142    i.TIM1_UP_TIM10_IRQHandler  stm32f4xx_it.o
    0x08005c64   0x08005c64   0x00000010   Code   RO         1143    i.TIM3_IRQHandler   stm32f4xx_it.o
    0x08005c74   0x08005c74   0x00000010   Code   RO         1144    i.TIM5_IRQHandler   stm32f4xx_it.o
    0x08005c84   0x08005c84   0x000000cc   Code   RO         6085    i.TIM_Base_SetConfig  stm32f4xx_hal_tim.o
    0x08005d50   0x08005d50   0x00000016   Code   RO         6096    i.TIM_ETR_SetConfig  stm32f4xx_hal_tim.o
    0x08005d66   0x08005d66   0x00000010   Code   RO         6097    i.TIM_ITRx_SetConfig  stm32f4xx_hal_tim.o
    0x08005d76   0x08005d76   0x00000026   Code   RO         6103    i.TIM_TI1_ConfigInputStage  stm32f4xx_hal_tim.o
    0x08005d9c   0x08005d9c   0x00000024   Code   RO         6105    i.TIM_TI2_ConfigInputStage  stm32f4xx_hal_tim.o
    0x08005dc0   0x08005dc0   0x000000b0   Code   RO         2445    i.T_imu_calcu       bsp_t_imu.o
    0x08005e70   0x08005e70   0x00000050   Code   RO         2320    i.TriggerMotor_init  bsp_triggermotor.o
    0x08005ec0   0x08005ec0   0x00000058   Code   RO         2321    i.TriggerMotor_pidcal  bsp_triggermotor.o
    0x08005f18   0x08005f18   0x000001b4   Code   RO         2322    i.Trigger_SINGLE_or_SERIES  bsp_triggermotor.o
    0x080060cc   0x080060cc   0x00000034   Code   RO         2323    i.Trigger_STOP_or_PROTECT  bsp_triggermotor.o
    0x08006100   0x08006100   0x00000010   Code   RO         1145    i.UART5_IRQHandler  stm32f4xx_it.o
    0x08006110   0x08006110   0x00000010   Code   RO         7016    i.UART_DMAAbortOnError  stm32f4xx_hal_uart.o
    0x08006120   0x08006120   0x0000004a   Code   RO         7017    i.UART_DMAError     stm32f4xx_hal_uart.o
    0x0800616a   0x0800616a   0x00000044   Code   RO         7022    i.UART_DMATransmitCplt  stm32f4xx_hal_uart.o
    0x080061ae   0x080061ae   0x0000000a   Code   RO         7024    i.UART_DMATxHalfCplt  stm32f4xx_hal_uart.o
    0x080061b8   0x080061b8   0x0000004e   Code   RO         7026    i.UART_EndRxTransfer  stm32f4xx_hal_uart.o
    0x08006206   0x08006206   0x0000001a   Code   RO         7027    i.UART_EndTransmit_IT  stm32f4xx_hal_uart.o
    0x08006220   0x08006220   0x0000001c   Code   RO         7028    i.UART_EndTxTransfer  stm32f4xx_hal_uart.o
    0x0800623c   0x0800623c   0x000000c8   Code   RO         7029    i.UART_Receive_IT   stm32f4xx_hal_uart.o
    0x08006304   0x08006304   0x000000fc   Code   RO         7030    i.UART_SetConfig    stm32f4xx_hal_uart.o
    0x08006400   0x08006400   0x0000005e   Code   RO         7033    i.UART_Transmit_IT  stm32f4xx_hal_uart.o
    0x0800645e   0x0800645e   0x00000014   Code   RO         2017    i.UART_fifo_init    uart_decode.o
    0x08006472   0x08006472   0x00000002   PAD
    0x08006474   0x08006474   0x00000010   Code   RO         1146    i.USART1_IRQHandler  stm32f4xx_it.o
    0x08006484   0x08006484   0x00000014   Code   RO         1147    i.USART2_IRQHandler  stm32f4xx_it.o
    0x08006498   0x08006498   0x00000010   Code   RO         1148    i.USART3_IRQHandler  stm32f4xx_it.o
    0x080064a8   0x080064a8   0x00000054   Code   RO         2620    i.USARTRegister     bsp_usart.o
    0x080064fc   0x080064fc   0x00000056   Code   RO         2621    i.USARTServiceInit  bsp_usart.o
    0x08006552   0x08006552   0x0000001a   Code   RO         2622    i.USART_Init_Configc_Create  bsp_usart.o
    0x0800656c   0x0800656c   0x00000078   Code   RO         9240    i.USBD_CDC_DataIn   usbd_cdc.o
    0x080065e4   0x080065e4   0x0000003e   Code   RO         9241    i.USBD_CDC_DataOut  usbd_cdc.o
    0x08006622   0x08006622   0x00000002   PAD
    0x08006624   0x08006624   0x00000094   Code   RO         9242    i.USBD_CDC_DeInit   usbd_cdc.o
    0x080066b8   0x080066b8   0x00000038   Code   RO         9243    i.USBD_CDC_EP0_RxReady  usbd_cdc.o
    0x080066f0   0x080066f0   0x0000000c   Code   RO         9244    i.USBD_CDC_GetDeviceQualifierDescriptor  usbd_cdc.o
    0x080066fc   0x080066fc   0x0000003c   Code   RO         9245    i.USBD_CDC_GetFSCfgDesc  usbd_cdc.o
    0x08006738   0x08006738   0x00000040   Code   RO         9246    i.USBD_CDC_GetHSCfgDesc  usbd_cdc.o
    0x08006778   0x08006778   0x0000003c   Code   RO         9247    i.USBD_CDC_GetOtherSpeedCfgDesc  usbd_cdc.o
    0x080067b4   0x080067b4   0x00000160   Code   RO         9248    i.USBD_CDC_Init     usbd_cdc.o
    0x08006914   0x08006914   0x00000048   Code   RO         9249    i.USBD_CDC_ReceivePacket  usbd_cdc.o
    0x0800695c   0x0800695c   0x00000018   Code   RO         9250    i.USBD_CDC_RegisterInterface  usbd_cdc.o
    0x08006974   0x08006974   0x0000001c   Code   RO         9251    i.USBD_CDC_SetRxBuffer  usbd_cdc.o
    0x08006990   0x08006990   0x00000020   Code   RO         9252    i.USBD_CDC_SetTxBuffer  usbd_cdc.o
    0x080069b0   0x080069b0   0x00000110   Code   RO         9253    i.USBD_CDC_Setup    usbd_cdc.o
    0x08006ac0   0x08006ac0   0x00000054   Code   RO         9254    i.USBD_CDC_TransmitPacket  usbd_cdc.o
    0x08006b14   0x08006b14   0x00000014   Code   RO         8920    i.USBD_ClrClassConfig  usbd_core.o
    0x08006b28   0x08006b28   0x00000026   Code   RO         9082    i.USBD_ClrFeature   usbd_ctlreq.o
    0x08006b4e   0x08006b4e   0x00000004   Code   RO         8921    i.USBD_CoreFindEP   usbd_core.o
    0x08006b52   0x08006b52   0x00000004   Code   RO         8922    i.USBD_CoreFindIF   usbd_core.o
    0x08006b56   0x08006b56   0x00000010   Code   RO         9180    i.USBD_CtlContinueRx  usbd_ioreq.o
    0x08006b66   0x08006b66   0x00000010   Code   RO         9181    i.USBD_CtlContinueSendData  usbd_ioreq.o
    0x08006b76   0x08006b76   0x00000018   Code   RO         9083    i.USBD_CtlError     usbd_ctlreq.o
    0x08006b8e   0x08006b8e   0x0000001e   Code   RO         9182    i.USBD_CtlPrepareRx  usbd_ioreq.o
    0x08006bac   0x08006bac   0x00000016   Code   RO         9183    i.USBD_CtlReceiveStatus  usbd_ioreq.o
    0x08006bc2   0x08006bc2   0x0000001a   Code   RO         9184    i.USBD_CtlSendData  usbd_ioreq.o
    0x08006bdc   0x08006bdc   0x00000016   Code   RO         9185    i.USBD_CtlSendStatus  usbd_ioreq.o
    0x08006bf2   0x08006bf2   0x00000002   PAD
    0x08006bf4   0x08006bf4   0x00000034   Code   RO          976    i.USBD_FS_ConfigStrDescriptor  usbd_desc.o
    0x08006c28   0x08006c28   0x00000010   Code   RO          977    i.USBD_FS_DeviceDescriptor  usbd_desc.o
    0x08006c38   0x08006c38   0x00000038   Code   RO          978    i.USBD_FS_InterfaceStrDescriptor  usbd_desc.o
    0x08006c70   0x08006c70   0x00000010   Code   RO          979    i.USBD_FS_LangIDStrDescriptor  usbd_desc.o
    0x08006c80   0x08006c80   0x0000002c   Code   RO          980    i.USBD_FS_ManufacturerStrDescriptor  usbd_desc.o
    0x08006cac   0x08006cac   0x00000040   Code   RO          981    i.USBD_FS_ProductStrDescriptor  usbd_desc.o
    0x08006cec   0x08006cec   0x00000018   Code   RO          982    i.USBD_FS_SerialStrDescriptor  usbd_desc.o
    0x08006d04   0x08006d04   0x00000034   Code   RO         9084    i.USBD_GetConfig    usbd_ctlreq.o
    0x08006d38   0x08006d38   0x000001b4   Code   RO         9085    i.USBD_GetDescriptor  usbd_ctlreq.o
    0x08006eec   0x08006eec   0x0000003c   Code   RO         8924    i.USBD_GetEpDesc    usbd_core.o
    0x08006f28   0x08006f28   0x00000018   Code   RO         9086    i.USBD_GetLen       usbd_ctlreq.o
    0x08006f40   0x08006f40   0x0000000e   Code   RO         8925    i.USBD_GetNextDesc  usbd_core.o
    0x08006f4e   0x08006f4e   0x00000036   Code   RO         9087    i.USBD_GetStatus    usbd_ctlreq.o
    0x08006f84   0x08006f84   0x00000044   Code   RO         9088    i.USBD_GetString    usbd_ctlreq.o
    0x08006fc8   0x08006fc8   0x0000002c   Code   RO          780    i.USBD_Get_USB_Status  usbd_conf.o
    0x08006ff4   0x08006ff4   0x00000028   Code   RO         8926    i.USBD_Init         usbd_core.o
    0x0800701c   0x0800701c   0x00000026   Code   RO          781    i.USBD_LL_ClearStallEP  usbd_conf.o
    0x08007042   0x08007042   0x00000026   Code   RO          782    i.USBD_LL_CloseEP   usbd_conf.o
    0x08007068   0x08007068   0x000000dc   Code   RO         8927    i.USBD_LL_DataInStage  usbd_core.o
    0x08007144   0x08007144   0x000000d0   Code   RO         8928    i.USBD_LL_DataOutStage  usbd_core.o
    0x08007214   0x08007214   0x00000004   Code   RO         8929    i.USBD_LL_DevConnected  usbd_core.o
    0x08007218   0x08007218   0x00000020   Code   RO         8930    i.USBD_LL_DevDisconnected  usbd_core.o
    0x08007238   0x08007238   0x00000012   Code   RO          786    i.USBD_LL_GetRxDataSize  usbd_conf.o
    0x0800724a   0x0800724a   0x00000002   PAD
    0x0800724c   0x0800724c   0x00000068   Code   RO          787    i.USBD_LL_Init      usbd_conf.o
    0x080072b4   0x080072b4   0x00000038   Code   RO          788    i.USBD_LL_IsStallEP  usbd_conf.o
    0x080072ec   0x080072ec   0x0000002a   Code   RO         8931    i.USBD_LL_IsoINIncomplete  usbd_core.o
    0x08007316   0x08007316   0x0000002a   Code   RO         8932    i.USBD_LL_IsoOUTIncomplete  usbd_core.o
    0x08007340   0x08007340   0x00000030   Code   RO          789    i.USBD_LL_OpenEP    usbd_conf.o
    0x08007370   0x08007370   0x00000030   Code   RO          790    i.USBD_LL_PrepareReceive  usbd_conf.o
    0x080073a0   0x080073a0   0x00000060   Code   RO         8933    i.USBD_LL_Reset     usbd_core.o
    0x08007400   0x08007400   0x00000014   Code   RO         8934    i.USBD_LL_Resume    usbd_core.o
    0x08007414   0x08007414   0x0000001a   Code   RO         8935    i.USBD_LL_SOF       usbd_core.o
    0x0800742e   0x0800742e   0x00000006   Code   RO         8936    i.USBD_LL_SetSpeed  usbd_core.o
    0x08007434   0x08007434   0x00000026   Code   RO          791    i.USBD_LL_SetUSBAddress  usbd_conf.o
    0x0800745a   0x0800745a   0x00000064   Code   RO         8937    i.USBD_LL_SetupStage  usbd_core.o
    0x080074be   0x080074be   0x00000026   Code   RO          792    i.USBD_LL_StallEP   usbd_conf.o
    0x080074e4   0x080074e4   0x0000001e   Code   RO          793    i.USBD_LL_Start     usbd_conf.o
    0x08007502   0x08007502   0x00000012   Code   RO         8938    i.USBD_LL_Suspend   usbd_core.o
    0x08007514   0x08007514   0x00000030   Code   RO          795    i.USBD_LL_Transmit  usbd_conf.o
    0x08007544   0x08007544   0x00000032   Code   RO         9089    i.USBD_ParseSetupRequest  usbd_ctlreq.o
    0x08007576   0x08007576   0x0000003a   Code   RO         8939    i.USBD_RegisterClass  usbd_core.o
    0x080075b0   0x080075b0   0x00000004   Code   RO         8940    i.USBD_RunTestMode  usbd_core.o
    0x080075b4   0x080075b4   0x00000058   Code   RO         9090    i.USBD_SetAddress   usbd_ctlreq.o
    0x0800760c   0x0800760c   0x00000014   Code   RO         8941    i.USBD_SetClassConfig  usbd_core.o
    0x08007620   0x08007620   0x000000dc   Code   RO         9091    i.USBD_SetConfig    usbd_ctlreq.o
    0x080076fc   0x080076fc   0x00000024   Code   RO         9092    i.USBD_SetFeature   usbd_ctlreq.o
    0x08007720   0x08007720   0x00000004   Code   RO         8942    i.USBD_Start        usbd_core.o
    0x08007724   0x08007724   0x00000076   Code   RO         9093    i.USBD_StdDevReq    usbd_ctlreq.o
    0x0800779a   0x0800779a   0x0000022e   Code   RO         9094    i.USBD_StdEPReq     usbd_ctlreq.o
    0x080079c8   0x080079c8   0x0000008e   Code   RO         9095    i.USBD_StdItfReq    usbd_ctlreq.o
    0x08007a56   0x08007a56   0x00000002   Code   RO          796    i.USBD_static_free  usbd_conf.o
    0x08007a58   0x08007a58   0x0000000c   Code   RO          797    i.USBD_static_malloc  usbd_conf.o
    0x08007a64   0x08007a64   0x0000009c   Code   RO         4214    i.USB_ActivateEndpoint  stm32f4xx_ll_usb.o
    0x08007b00   0x08007b00   0x0000001c   Code   RO         4216    i.USB_ActivateSetup  stm32f4xx_ll_usb.o
    0x08007b1c   0x08007b1c   0x0000007e   Code   RO         4218    i.USB_CoreInit      stm32f4xx_ll_usb.o
    0x08007b9a   0x08007b9a   0x00000002   PAD
    0x08007b9c   0x08007b9c   0x00000050   Code   RO         4219    i.USB_CoreReset     stm32f4xx_ll_usb.o
    0x08007bec   0x08007bec   0x000000dc   Code   RO         4222    i.USB_DeactivateEndpoint  stm32f4xx_ll_usb.o
    0x08007cc8   0x08007cc8   0x0000001c   Code   RO         4223    i.USB_DevConnect    stm32f4xx_ll_usb.o
    0x08007ce4   0x08007ce4   0x0000001c   Code   RO         4224    i.USB_DevDisconnect  stm32f4xx_ll_usb.o
    0x08007d00   0x08007d00   0x00000178   Code   RO         4225    i.USB_DevInit       stm32f4xx_ll_usb.o
    0x08007e78   0x08007e78   0x0000000c   Code   RO         4226    i.USB_DisableGlobalInt  stm32f4xx_ll_usb.o
    0x08007e84   0x08007e84   0x0000012e   Code   RO         4229    i.USB_EP0StartXfer  stm32f4xx_ll_usb.o
    0x08007fb2   0x08007fb2   0x00000002   PAD
    0x08007fb4   0x08007fb4   0x00000060   Code   RO         4230    i.USB_EP0_OutStart  stm32f4xx_ll_usb.o
    0x08008014   0x08008014   0x00000058   Code   RO         4231    i.USB_EPClearStall  stm32f4xx_ll_usb.o
    0x0800806c   0x0800806c   0x0000005e   Code   RO         4232    i.USB_EPSetStall    stm32f4xx_ll_usb.o
    0x080080ca   0x080080ca   0x0000022c   Code   RO         4233    i.USB_EPStartXfer   stm32f4xx_ll_usb.o
    0x080082f6   0x080082f6   0x000000b4   Code   RO         4234    i.USB_EPStopXfer    stm32f4xx_ll_usb.o
    0x080083aa   0x080083aa   0x0000000c   Code   RO         4235    i.USB_EnableGlobalInt  stm32f4xx_ll_usb.o
    0x080083b6   0x080083b6   0x00000002   PAD
    0x080083b8   0x080083b8   0x0000004c   Code   RO         4236    i.USB_FlushRxFifo   stm32f4xx_ll_usb.o
    0x08008404   0x08008404   0x00000058   Code   RO         4237    i.USB_FlushTxFifo   stm32f4xx_ll_usb.o
    0x0800845c   0x0800845c   0x00000020   Code   RO         4239    i.USB_GetDevSpeed   stm32f4xx_ll_usb.o
    0x0800847c   0x0800847c   0x00000008   Code   RO         4241    i.USB_GetMode       stm32f4xx_ll_usb.o
    0x08008484   0x08008484   0x0000000e   Code   RO         4248    i.USB_ReadDevAllInEpInterrupt  stm32f4xx_ll_usb.o
    0x08008492   0x08008492   0x0000000e   Code   RO         4249    i.USB_ReadDevAllOutEpInterrupt  stm32f4xx_ll_usb.o
    0x080084a0   0x080084a0   0x00000024   Code   RO         4250    i.USB_ReadDevInEPInterrupt  stm32f4xx_ll_usb.o
    0x080084c4   0x080084c4   0x00000010   Code   RO         4251    i.USB_ReadDevOutEPInterrupt  stm32f4xx_ll_usb.o
    0x080084d4   0x080084d4   0x00000008   Code   RO         4252    i.USB_ReadInterrupts  stm32f4xx_ll_usb.o
    0x080084dc   0x080084dc   0x00000048   Code   RO         4253    i.USB_ReadPacket    stm32f4xx_ll_usb.o
    0x08008524   0x08008524   0x0000006c   Code   RO          158    i.USB_Reset         main.o
    0x08008590   0x08008590   0x00000060   Code   RO         4255    i.USB_SetCurrentMode  stm32f4xx_ll_usb.o
    0x080085f0   0x080085f0   0x00000022   Code   RO         4256    i.USB_SetDevAddress  stm32f4xx_ll_usb.o
    0x08008612   0x08008612   0x0000000e   Code   RO         4257    i.USB_SetDevSpeed   stm32f4xx_ll_usb.o
    0x08008620   0x08008620   0x000000f4   Code   RO         4258    i.USB_SetTurnaroundTime  stm32f4xx_ll_usb.o
    0x08008714   0x08008714   0x00000034   Code   RO         4261    i.USB_WritePacket   stm32f4xx_ll_usb.o
    0x08008748   0x08008748   0x00000078   Code   RO         2623    i.USER_HAL_UARTEx_RxEventCallback  bsp_usart.o
    0x080087c0   0x080087c0   0x00000058   Code   RO         2624    i.USER_UART_IDLECallback  bsp_usart.o
    0x08008818   0x08008818   0x00000060   Code   RO         2625    i.USER_UART_Init    bsp_usart.o
    0x08008878   0x08008878   0x00000004   Code   RO         1149    i.UsageFault_Handler  stm32f4xx_it.o
    0x0800887c   0x0800887c   0x0000004c   Code   RO         2483    i.User_can1_callback  bsp_can.o
    0x080088c8   0x080088c8   0x00000124   Code   RO         2484    i.User_can2_callback  bsp_can.o
    0x080089ec   0x080089ec   0x00000030   Code   RO         9951    i.__ARM_fpclassify  m_wm.l(fpclassify.o)
    0x08008a1c   0x08008a1c   0x00000006   Code   RO         3268    i.__get_PRIMASK     fifo.o
    0x08008a22   0x08008a22   0x00000006   PAD
    0x08008a28   0x08008a28   0x000000c8   Code   RO         9509    i.__hardfp_cos      m_wm.l(cos.o)
    0x08008af0   0x08008af0   0x000000c8   Code   RO         9567    i.__hardfp_sin      m_wm.l(sin.o)
    0x08008bb8   0x08008bb8   0x00000438   Code   RO         9972    i.__ieee754_rem_pio2  m_wm.l(rred.o)
    0x08008ff0   0x08008ff0   0x00000170   Code   RO         9934    i.__kernel_cos      m_wm.l(cos_i.o)
    0x08009160   0x08009160   0x000000f8   Code   RO         9969    i.__kernel_poly     m_wm.l(poly.o)
    0x08009258   0x08009258   0x00000130   Code   RO         9980    i.__kernel_sin      m_wm.l(sin_i.o)
    0x08009388   0x08009388   0x00000014   Code   RO         9938    i.__mathlib_dbl_infnan  m_wm.l(dunder.o)
    0x0800939c   0x0800939c   0x00000004   PAD
    0x080093a0   0x080093a0   0x00000020   Code   RO         9940    i.__mathlib_dbl_invalid  m_wm.l(dunder.o)
    0x080093c0   0x080093c0   0x00000020   Code   RO         9943    i.__mathlib_dbl_underflow  m_wm.l(dunder.o)
    0x080093e0   0x080093e0   0x0000000e   Code   RO        10043    i.__scatterload_copy  mc_w.l(handlers.o)
    0x080093ee   0x080093ee   0x00000002   Code   RO        10044    i.__scatterload_null  mc_w.l(handlers.o)
    0x080093f0   0x080093f0   0x0000000e   Code   RO        10045    i.__scatterload_zeroinit  mc_w.l(handlers.o)
    0x080093fe   0x080093fe   0x00000006   Code   RO         3269    i.__set_PRIMASK     fifo.o
    0x08009404   0x08009404   0x0000000c   Code   RO        10013    i.__set_errno       mc_w.l(errno.o)
    0x08009410   0x08009410   0x0000003e   Code   RO         2781    i.abs_limit         pid.o
    0x0800944e   0x0800944e   0x00000002   PAD
    0x08009450   0x08009450   0x00000030   Code   RO         3207    i.append_CRC16_check_sum  crc8_crc16.o
    0x08009480   0x08009480   0x00000024   Code   RO         3208    i.append_CRC8_check_sum  crc8_crc16.o
    0x080094a4   0x080094a4   0x0000007c   Code   RO         2485    i.can1_send_chassis_message  bsp_can.o
    0x08009520   0x08009520   0x000000c4   Code   RO         2487    i.can2_send_message  bsp_can.o
    0x080095e4   0x080095e4   0x00000048   Code   RO         2488    i.can_device_init   bsp_can.o
    0x0800962c   0x0800962c   0x00000100   Code   RO         1513    i.can_msg_read      chassis_task.o
    0x0800972c   0x0800972c   0x000001a8   Code   RO         2148    i.can_msg_send_task  comm_task.o
    0x080098d4   0x080098d4   0x0000006c   Code   RO         2489    i.canx_init         bsp_can.o
    0x08009940   0x08009940   0x000000d0   Code   RO         1514    i.chassis_init      chassis_task.o
    0x08009a10   0x08009a10   0x000000c8   Code   RO         1515    i.chassis_mode_switch  chassis_task.o
    0x08009ad8   0x08009ad8   0x0000003c   Code   RO         1516    i.chassis_task      chassis_task.o
    0x08009b14   0x08009b14   0x00000078   Code   RO         2986    i.circle_error      math_calcu.o
    0x08009b8c   0x08009b8c   0x0000002a   Code   RO         2988    i.data_limit        math_calcu.o
    0x08009bb6   0x08009bb6   0x00000002   PAD
    0x08009bb8   0x08009bb8   0x0000007c   Code   RO         3690    i.decode_data_solve  decode.o
    0x08009c34   0x08009c34   0x00000018   Code   RO         3691    i.decode_task       decode.o
    0x08009c4c   0x08009c4c   0x00000148   Code   RO         3692    i.decode_unpack_fifo_data  decode.o
    0x08009d94   0x08009d94   0x0000008c   Code   RO         3859    i.encode_send_data  packet.o
    0x08009e20   0x08009e20   0x0000005e   Code   RO         2490    i.encoder_data_handler  bsp_can.o
    0x08009e7e   0x08009e7e   0x00000002   PAD
    0x08009e80   0x08009e80   0x00000234   Code   RO         2722    i.encoder_data_receive  bsp_mf_motor.o
    0x0800a0b4   0x0800a0b4   0x00000018   Code   RO         9523    i.fabs              m_wm.l(fabs.o)
    0x0800a0cc   0x0800a0cc   0x0000003a   Code   RO         3287    i.fifo_s_get        fifo.o
    0x0800a106   0x0800a106   0x0000009a   Code   RO         3288    i.fifo_s_gets       fifo.o
    0x0800a1a0   0x0800a1a0   0x00000016   Code   RO         3290    i.fifo_s_init       fifo.o
    0x0800a1b6   0x0800a1b6   0x000000a0   Code   RO         3296    i.fifo_s_puts       fifo.o
    0x0800a256   0x0800a256   0x00000006   Code   RO         3298    i.fifo_s_used       fifo.o
    0x0800a25c   0x0800a25c   0x000001c4   Code   RO         2491    i.game_data_handler  bsp_can.o
    0x0800a420   0x0800a420   0x00000034   Code   RO         3209    i.get_CRC16_check_sum  crc8_crc16.o
    0x0800a454   0x0800a454   0x00000024   Code   RO         3210    i.get_CRC8_check_sum  crc8_crc16.o
    0x0800a478   0x0800a478   0x00000012   Code   RO         2492    i.get_moto_offset   bsp_can.o
    0x0800a48a   0x0800a48a   0x00000002   PAD
    0x0800a48c   0x0800a48c   0x00000144   Code   RO         1635    i.gimbal_param_init  gimbal_task.o
    0x0800a5d0   0x0800a5d0   0x000002f8   Code   RO         1636    i.gimbal_pid_calcu  gimbal_task.o
    0x0800a8c8   0x0800a8c8   0x00000044   Code   RO         1637    i.gimbal_task       gimbal_task.o
    0x0800a90c   0x0800a90c   0x00000100   Code   RO         2120    i.gimbal_to_chassic_task  gimbal_to_chassis_task.o
    0x0800aa0c   0x0800aa0c   0x00000010   Code   RO         8416    i.inHandlerMode     cmsis_os.o
    0x0800aa1c   0x0800aa1c   0x00000258   Code   RO         2682    i.judge_data_handler  bsp_judge.o
    0x0800ac74   0x0800ac74   0x00000048   Code   RO         2180    i.judge_get_basedata  judgesend_task.o
    0x0800acbc   0x0800acbc   0x00000012   Code   RO         2181    i.judge_send_task   judgesend_task.o
    0x0800acce   0x0800acce   0x00000040   Code   RO          159    i.main              main.o
    0x0800ad0e   0x0800ad0e   0x0000000c   Code   RO         8418    i.makeFreeRtosPriority  cmsis_os.o
    0x0800ad1a   0x0800ad1a   0x00000002   PAD
    0x0800ad1c   0x0800ad1c   0x0000006c   Code   RO         9887    i.malloc            mc_w.l(malloc.o)
    0x0800ad88   0x0800ad88   0x00000034   Code   RO         1380    i.mode_switch_task  modeswitch_task.o
    0x0800adbc   0x0800adbc   0x00000010   Code   RO         8420    i.osDelay           cmsis_os.o
    0x0800adcc   0x0800adcc   0x00000010   Code   RO         8421    i.osDelayUntil      cmsis_os.o
    0x0800addc   0x0800addc   0x0000000a   Code   RO         8423    i.osKernelStart     cmsis_os.o
    0x0800ade6   0x0800ade6   0x00000018   Code   RO         8424    i.osKernelSysTick   cmsis_os.o
    0x0800adfe   0x0800adfe   0x00000002   PAD
    0x0800ae00   0x0800ae00   0x00000068   Code   RO         8454    i.osSignalSet       cmsis_os.o
    0x0800ae68   0x0800ae68   0x00000066   Code   RO         8455    i.osSignalWait      cmsis_os.o
    0x0800aece   0x0800aece   0x0000005c   Code   RO         8457    i.osThreadCreate    cmsis_os.o
    0x0800af2a   0x0800af2a   0x00000002   PAD
    0x0800af2c   0x0800af2c   0x00000234   Code   RO         2782    i.pid_calc          pid.o
    0x0800b160   0x0800b160   0x00000014   Code   RO         2783    i.pid_param_init    pid.o
    0x0800b174   0x0800b174   0x0000000e   Code   RO         2784    i.pid_reset         pid.o
    0x0800b182   0x0800b182   0x00000002   PAD
    0x0800b184   0x0800b184   0x00000078   Code   RO         7850    i.prvAddCurrentTaskToDelayedList  tasks.o
    0x0800b1fc   0x0800b1fc   0x0000008c   Code   RO         7851    i.prvAddNewTaskToReadyList  tasks.o
    0x0800b288   0x0800b288   0x0000005c   Code   RO         8250    i.prvCheckForValidListAndQueue  timers.o
    0x0800b2e4   0x0800b2e4   0x00000040   Code   RO         7852    i.prvCheckTasksWaitingTermination  tasks.o
    0x0800b324   0x0800b324   0x00000024   Code   RO         7482    i.prvCopyDataFromQueue  queue.o
    0x0800b348   0x0800b348   0x0000006e   Code   RO         7483    i.prvCopyDataToQueue  queue.o
    0x0800b3b6   0x0800b3b6   0x00000040   Code   RO         7853    i.prvDeleteTCB      tasks.o
    0x0800b3f6   0x0800b3f6   0x00000002   PAD
    0x0800b3f8   0x0800b3f8   0x00000024   Code   RO         8251    i.prvGetNextExpireTime  timers.o
    0x0800b41c   0x0800b41c   0x00000050   Code   RO         8785    i.prvHeapInit       heap_4.o
    0x0800b46c   0x0800b46c   0x00000028   Code   RO         7854    i.prvIdleTask       tasks.o
    0x0800b494   0x0800b494   0x00000022   Code   RO         7486    i.prvInitialiseNewQueue  queue.o
    0x0800b4b6   0x0800b4b6   0x00000098   Code   RO         7855    i.prvInitialiseNewTask  tasks.o
    0x0800b54e   0x0800b54e   0x00000002   PAD
    0x0800b550   0x0800b550   0x00000060   Code   RO         7856    i.prvInitialiseTaskLists  tasks.o
    0x0800b5b0   0x0800b5b0   0x0000005c   Code   RO         8786    i.prvInsertBlockIntoFreeList  heap_4.o
    0x0800b60c   0x0800b60c   0x00000048   Code   RO         8253    i.prvInsertTimerInActiveList  timers.o
    0x0800b654   0x0800b654   0x0000001a   Code   RO         7487    i.prvIsQueueEmpty   queue.o
    0x0800b66e   0x0800b66e   0x0000001e   Code   RO         7488    i.prvIsQueueFull    queue.o
    0x0800b68c   0x0800b68c   0x00000068   Code   RO         8254    i.prvProcessExpiredTimer  timers.o
    0x0800b6f4   0x0800b6f4   0x00000104   Code   RO         8255    i.prvProcessReceivedCommands  timers.o
    0x0800b7f8   0x0800b7f8   0x0000006c   Code   RO         8256    i.prvProcessTimerOrBlockTask  timers.o
    0x0800b864   0x0800b864   0x00000024   Code   RO         7858    i.prvResetNextTaskUnblockTime  tasks.o
    0x0800b888   0x0800b888   0x0000002c   Code   RO         8257    i.prvSampleTimeNow  timers.o
    0x0800b8b4   0x0800b8b4   0x00000078   Code   RO         8258    i.prvSwitchTimerLists  timers.o
    0x0800b92c   0x0800b92c   0x00000030   Code   RO         8842    i.prvTaskExitError  port.o
    0x0800b95c   0x0800b95c   0x00000014   Code   RO         8259    i.prvTimerTask      timers.o
    0x0800b970   0x0800b970   0x00000068   Code   RO         7489    i.prvUnlockQueue    queue.o
    0x0800b9d8   0x0800b9d8   0x000000e8   Code   RO         8787    i.pvPortMalloc      heap_4.o
    0x0800bac0   0x0800bac0   0x0000002c   Code   RO         8843    i.pxPortInitialiseStack  port.o
    0x0800baec   0x0800baec   0x0000005c   Code   RO         2991    i.ramp_calc         math_calcu.o
    0x0800bb48   0x0800bb48   0x00000014   Code   RO         2921    i.rc_FSM_check      remote_msg.o
    0x0800bb5c   0x0800bb5c   0x00000014   Code   RO         1381    i.rc_abnormal_proess  modeswitch_task.o
    0x0800bb70   0x0800bb70   0x0000013c   Code   RO         2922    i.rc_callback_handler  remote_msg.o
    0x0800bcac   0x0800bcac   0x00000014   Code   RO         1382    i.rc_normal_check   modeswitch_task.o
    0x0800bcc0   0x0800bcc0   0x00000036   Code   RO         3860    i.rm_dequeue_send_data  packet.o
    0x0800bcf6   0x0800bcf6   0x00000002   PAD
    0x0800bcf8   0x0800bcf8   0x0000003c   Code   RO         3861    i.rm_queue_data     packet.o
    0x0800bd34   0x0800bd34   0x00000130   Code   RO         2683    i.robot_judge_msg_copy  bsp_judge.o
    0x0800be64   0x0800be64   0x000000a8   Code   RO         1937    i.rotation_direction_judge  vision_predict.o
    0x0800bf0c   0x0800bf0c   0x000000c4   Code   RO         2494    i.send_judge_msg    bsp_can.o
    0x0800bfd0   0x0800bfd0   0x000000f8   Code   RO         2495    i.send_message_mf   bsp_can.o
    0x0800c0c8   0x0800c0c8   0x0000003c   Code   RO         1704    i.shoot_init        shoot_task .o
    0x0800c104   0x0800c104   0x0000010c   Code   RO         1705    i.shoot_mode_check  shoot_task .o
    0x0800c210   0x0800c210   0x0000004c   Code   RO         1706    i.shoot_task        shoot_task .o
    0x0800c25c   0x0800c25c   0x0000002c   Code   RO         1456    i.status_task       status_task.o
    0x0800c288   0x0800c288   0x00000038   Code   RO         1383    i.sw1_mode_handler  modeswitch_task.o
    0x0800c2c0   0x0800c2c0   0x00000068   Code   RO         2064    i.sys_init_task     sys_init.o
    0x0800c328   0x0800c328   0x0000006c   Code   RO         2018    i.uart_decode_task  uart_decode.o
    0x0800c394   0x0800c394   0x00000024   Code   RO         3533    i.ubf_clear         ubf.o
    0x0800c3b8   0x0800c3b8   0x00000040   Code   RO         3534    i.ubf_create        ubf.o
    0x0800c3f8   0x0800c3f8   0x00000014   Code   RO         3536    i.ubf_get_stock     ubf.o
    0x0800c40c   0x0800c40c   0x00000038   Code   RO         3540    i.ubf_pop           ubf.o
    0x0800c444   0x0800c444   0x00000058   Code   RO         3541    i.ubf_pop_into_array_new2old  ubf.o
    0x0800c49c   0x0800c49c   0x00000038   Code   RO         3543    i.ubf_push          ubf.o
    0x0800c4d4   0x0800c4d4   0x000000b4   Code   RO         2182    i.ui_sendmessage    judgesend_task.o
    0x0800c588   0x0800c588   0x00000038   Code   RO         1384    i.unlock_init       modeswitch_task.o
    0x0800c5c0   0x0800c5c0   0x00000018   Code   RO         3693    i.usb_fifo_init     decode.o
    0x0800c5d8   0x0800c5d8   0x00000018   Code   RO         3694    i.usb_receiver      decode.o
    0x0800c5f0   0x0800c5f0   0x0000002c   Code   RO         1774    i.usb_task          usb_task.o
    0x0800c61c   0x0800c61c   0x00000026   Code   RO         7445    i.uxListRemove      list.o
    0x0800c642   0x0800c642   0x00000002   PAD
    0x0800c644   0x0800c644   0x00000018   Code   RO          401    i.vApplicationGetIdleTaskMemory  freertos.o
    0x0800c65c   0x0800c65c   0x00000018   Code   RO          402    i.vApplicationGetTimerTaskMemory  freertos.o
    0x0800c674   0x0800c674   0x00000016   Code   RO         7446    i.vListInitialise   list.o
    0x0800c68a   0x0800c68a   0x00000006   Code   RO         7447    i.vListInitialiseItem  list.o
    0x0800c690   0x0800c690   0x00000036   Code   RO         7448    i.vListInsert       list.o
    0x0800c6c6   0x0800c6c6   0x00000018   Code   RO         7449    i.vListInsertEnd    list.o
    0x0800c6de   0x0800c6de   0x00000002   PAD
    0x0800c6e0   0x0800c6e0   0x00000040   Code   RO         8845    i.vPortEnterCritical  port.o
    0x0800c720   0x0800c720   0x0000002c   Code   RO         8846    i.vPortExitCritical  port.o
    0x0800c74c   0x0800c74c   0x00000064   Code   RO         8788    i.vPortFree         heap_4.o
    0x0800c7b0   0x0800c7b0   0x00000024   Code   RO         8847    i.vPortSetupTimerInterrupt  port.o
    0x0800c7d4   0x0800c7d4   0x00000054   Code   RO         8848    i.vPortValidateInterruptPriority  port.o
    0x0800c828   0x0800c828   0x00000028   Code   RO         7495    i.vQueueAddToRegistry  queue.o
    0x0800c850   0x0800c850   0x0000004a   Code   RO         7499    i.vQueueWaitForMessageRestricted  queue.o
    0x0800c89a   0x0800c89a   0x00000002   PAD
    0x0800c89c   0x0800c89c   0x00000050   Code   RO         7871    i.vTaskDelay        tasks.o
    0x0800c8ec   0x0800c8ec   0x0000009c   Code   RO         7872    i.vTaskDelayUntil   tasks.o
    0x0800c988   0x0800c988   0x000000b0   Code   RO         7873    i.vTaskDelete       tasks.o
    0x0800ca38   0x0800ca38   0x00000010   Code   RO         7877    i.vTaskInternalSetTimeOutState  tasks.o
    0x0800ca48   0x0800ca48   0x0000000c   Code   RO         7879    i.vTaskMissedYield  tasks.o
    0x0800ca54   0x0800ca54   0x00000034   Code   RO         7881    i.vTaskPlaceOnEventList  tasks.o
    0x0800ca88   0x0800ca88   0x0000003c   Code   RO         7882    i.vTaskPlaceOnEventListRestricted  tasks.o
    0x0800cac4   0x0800cac4   0x00000094   Code   RO         7890    i.vTaskStartScheduler  tasks.o
    0x0800cb58   0x0800cb58   0x00000010   Code   RO         7892    i.vTaskSuspendAll   tasks.o
    0x0800cb68   0x0800cb68   0x00000080   Code   RO         7893    i.vTaskSwitchContext  tasks.o
    0x0800cbe8   0x0800cbe8   0x00000040   Code   RO         3211    i.verify_CRC16_check_sum  crc8_crc16.o
    0x0800cc28   0x0800cc28   0x0000002e   Code   RO         3212    i.verify_CRC8_check_sum  crc8_crc16.o
    0x0800cc56   0x0800cc56   0x00000002   PAD
    0x0800cc58   0x0800cc58   0x000000a0   Code   RO         2224    i.vision_send_task  vision_send_task.o
    0x0800ccf8   0x0800ccf8   0x0000005c   Code   RO         1938    i.vsn_auto_aiming_calc  vision_predict.o
    0x0800cd54   0x0800cd54   0x000000e8   Code   RO         1939    i.vsn_calc          vision_predict.o
    0x0800ce3c   0x0800ce3c   0x000000b8   Code   RO         1940    i.vsn_deinit        vision_predict.o
    0x0800cef4   0x0800cef4   0x000002ec   Code   RO         1941    i.vsn_gimbal_ref_calc  vision_predict.o
    0x0800d1e0   0x0800d1e0   0x000000a8   Code   RO         1942    i.vsn_gradual_deduction  vision_predict.o
    0x0800d288   0x0800d288   0x00000164   Code   RO         1943    i.vsn_init          vision_predict.o
    0x0800d3ec   0x0800d3ec   0x000000ec   Code   RO         1944    i.vsn_kal_reinit    vision_predict.o
    0x0800d4d8   0x0800d4d8   0x000003d0   Code   RO         1945    i.vsn_predict_angle_calc  vision_predict.o
    0x0800d8a8   0x0800d8a8   0x000001fc   Code   RO         1946    i.vsn_shoot_enable  vision_predict.o
    0x0800daa4   0x0800daa4   0x00000104   Code   RO         8849    i.xPortStartScheduler  port.o
    0x0800dba8   0x0800dba8   0x00000044   Code   RO         7502    i.xQueueGenericCreate  queue.o
    0x0800dbec   0x0800dbec   0x00000070   Code   RO         7503    i.xQueueGenericCreateStatic  queue.o
    0x0800dc5c   0x0800dc5c   0x00000090   Code   RO         7504    i.xQueueGenericReset  queue.o
    0x0800dcec   0x0800dcec   0x00000170   Code   RO         7505    i.xQueueGenericSend  queue.o
    0x0800de5c   0x0800de5c   0x000000be   Code   RO         7506    i.xQueueGenericSendFromISR  queue.o
    0x0800df1a   0x0800df1a   0x00000002   PAD
    0x0800df1c   0x0800df1c   0x00000148   Code   RO         7512    i.xQueueReceive     queue.o
    0x0800e064   0x0800e064   0x00000080   Code   RO         7895    i.xTaskCheckForTimeOut  tasks.o
    0x0800e0e4   0x0800e0e4   0x0000006c   Code   RO         7896    i.xTaskCreate       tasks.o
    0x0800e150   0x0800e150   0x00000060   Code   RO         7897    i.xTaskCreateStatic  tasks.o
    0x0800e1b0   0x0800e1b0   0x000000ec   Code   RO         7898    i.xTaskGenericNotify  tasks.o
    0x0800e29c   0x0800e29c   0x00000114   Code   RO         7899    i.xTaskGenericNotifyFromISR  tasks.o
    0x0800e3b0   0x0800e3b0   0x0000001c   Code   RO         7901    i.xTaskGetSchedulerState  tasks.o
    0x0800e3cc   0x0800e3cc   0x0000000c   Code   RO         7902    i.xTaskGetTickCount  tasks.o
    0x0800e3d8   0x0800e3d8   0x00000010   Code   RO         7903    i.xTaskGetTickCountFromISR  tasks.o
    0x0800e3e8   0x0800e3e8   0x000000d4   Code   RO         7904    i.xTaskIncrementTick  tasks.o
    0x0800e4bc   0x0800e4bc   0x00000090   Code   RO         7906    i.xTaskNotifyWait   tasks.o
    0x0800e54c   0x0800e54c   0x0000009c   Code   RO         7907    i.xTaskPriorityDisinherit  tasks.o
    0x0800e5e8   0x0800e5e8   0x00000078   Code   RO         7909    i.xTaskRemoveFromEventList  tasks.o
    0x0800e660   0x0800e660   0x000000cc   Code   RO         7910    i.xTaskResumeAll    tasks.o
    0x0800e72c   0x0800e72c   0x00000068   Code   RO         8268    i.xTimerCreateTimerTask  timers.o
    0x0800e794   0x0800e794   0x00000074   Code   RO         8269    i.xTimerGenericCommand  timers.o
    0x0800e808   0x0800e808   0x00000018   Data   RO           15    .constdata          system_stm32f4xx.o
    0x0800e820   0x0800e820   0x00000188   Data   RO          405    .constdata          freertos.o
    0x0800e9a8   0x0800e9a8   0x00000028   Data   RO         2497    .constdata          bsp_can.o
    0x0800e9d0   0x0800e9d0   0x00000302   Data   RO         3213    .constdata          crc8_crc16.o
    0x0800ecd2   0x0800ecd2   0x00000008   Data   RO         5043    .constdata          stm32f4xx_hal_dma.o
    0x0800ecda   0x0800ecda   0x00000006   PAD
    0x0800ece0   0x0800ece0   0x00000030   Data   RO         9935    .constdata          m_wm.l(cos_i.o)
    0x0800ed10   0x0800ed10   0x000000c8   Data   RO         9974    .constdata          m_wm.l(rred.o)
    0x0800edd8   0x0800edd8   0x00000028   Data   RO         9981    .constdata          m_wm.l(sin_i.o)
    0x0800ee00   0x0800ee00   0x000000ad   Data   RO          406    .conststring        freertos.o
    0x0800eead   0x0800eead   0x00000003   PAD
    0x0800eeb0   0x0800eeb0   0x00000020   Data   RO        10041    Region$$Table       anon$$obj.o


    Execution Region RW_IRAM1 (Exec base: 0x20000000, Load base: 0x0800eed0, Size: 0x0000a6d8, Max: 0x00020000, ABSOLUTE, COMPRESSED[0x0000014c])

    Exec Addr    Load Addr    Size         Type   Attr      Idx    E Section Name        Object

    0x20000000   COMPRESSED   0x00000004   Data   RW           16    .data               system_stm32f4xx.o
    0x20000004   COMPRESSED   0x00000044   Data   RW          407    .data               freertos.o
    0x20000048   COMPRESSED   0x00000004   Data   RW          493    .data               can.o
    0x2000004c   COMPRESSED   0x00000008   Data   RW          540    .data               crc.o
    0x20000054   COMPRESSED   0x00000004   PAD
    0x20000058   COMPRESSED   0x00000008   Data   RW          609    .data               tim.o
    0x20000060   COMPRESSED   0x0000004e   Data   RW          984    .data               usbd_desc.o
    0x200000ae   COMPRESSED   0x00000002   PAD
    0x200000b0   COMPRESSED   0x00000014   Data   RW         1071    .data               usbd_cdc_if.o
    0x200000c4   COMPRESSED   0x00000002   Data   RW         1385    .data               modeswitch_task.o
    0x200000c6   COMPRESSED   0x00000002   PAD
    0x200000c8   COMPRESSED   0x00000021   Data   RW         1519    .data               chassis_task.o
    0x200000e9   COMPRESSED   0x00000003   PAD
    0x200000ec   COMPRESSED   0x00000025   Data   RW         1639    .data               gimbal_task.o
    0x20000111   COMPRESSED   0x00000003   PAD
    0x20000114   COMPRESSED   0x00000012   Data   RW         1708    .data               shoot_task .o
    0x20000126   COMPRESSED   0x00000002   PAD
    0x20000128   COMPRESSED   0x000000c1   Data   RW         1948    .data               vision_predict.o
    0x200001e9   COMPRESSED   0x00000003   PAD
    0x200001ec   COMPRESSED   0x00000014   Data   RW         2150    .data               comm_task.o
    0x20000200   COMPRESSED   0x00000009   Data   RW         2184    .data               judgesend_task.o
    0x20000209   COMPRESSED   0x00000003   PAD
    0x2000020c   COMPRESSED   0x0000002c   Data   RW         2324    .data               bsp_triggermotor.o
    0x20000238   COMPRESSED   0x00000014   Data   RW         2385    .data               bsp_powerlimit.o
    0x2000024c   COMPRESSED   0x0000001c   Data   RW         2447    .data               bsp_t_imu.o
    0x20000268   COMPRESSED   0x0000005e   Data   RW         2498    .data               bsp_can.o
    0x200002c6   COMPRESSED   0x00000002   PAD
    0x200002c8   COMPRESSED   0x0000000c   Data   RW         2627    .data               bsp_usart.o
    0x200002d4   COMPRESSED   0x0000002e   Data   RW         2685    .data               bsp_judge.o
    0x20000302   COMPRESSED   0x00000002   PAD
    0x20000304   COMPRESSED   0x00000008   Data   RW         2724    .data               bsp_mf_motor.o
    0x2000030c   COMPRESSED   0x00000040   Data   RW         2753    .data               bsp_shoot_class.o
    0x2000034c   COMPRESSED   0x00000003   Data   RW         2924    .data               remote_msg.o
    0x2000034f   COMPRESSED   0x00000001   PAD
    0x20000350   COMPRESSED   0x00000002   Data   RW         3214    .data               crc8_crc16.o
    0x20000352   COMPRESSED   0x00000005   Data   RW         3696    .data               decode.o
    0x20000357   COMPRESSED   0x00000002   Data   RW         3863    .data               packet.o
    0x20000359   COMPRESSED   0x00000003   PAD
    0x2000035c   COMPRESSED   0x0000000c   Data   RW         5465    .data               stm32f4xx_hal.o
    0x20000368   COMPRESSED   0x00000044   Data   RW         7913    .data               tasks.o
    0x200003ac   COMPRESSED   0x00000014   Data   RW         8275    .data               timers.o
    0x200003c0   COMPRESSED   0x00000020   Data   RW         8794    .data               heap_4.o
    0x200003e0   COMPRESSED   0x0000000c   Data   RW         8850    .data               port.o
    0x200003ec   COMPRESSED   0x00000001   Data   RW         9096    .data               usbd_ctlreq.o
    0x200003ed   COMPRESSED   0x00000003   PAD
    0x200003f0   COMPRESSED   0x00000053   Data   RW         9255    .data               usbd_cdc.o
    0x20000443   COMPRESSED   0x00000001   PAD
    0x20000444   COMPRESSED   0x00000038   Data   RW         9256    .data               usbd_cdc.o
    0x2000047c   COMPRESSED   0x00000004   Data   RW        10009    .data               mc_w.l(mvars.o)
    0x20000480   COMPRESSED   0x00000004   Data   RW        10010    .data               mc_w.l(mvars.o)
    0x20000484   COMPRESSED   0x00000004   Data   RW        10014    .data               mc_w.l(errno.o)
    0x20000488        -       0x000006c0   Zero   RW          404    .bss                freertos.o
    0x20000b48        -       0x00000050   Zero   RW          492    .bss                can.o
    0x20000b98        -       0x00000090   Zero   RW          608    .bss                tim.o
    0x20000c28        -       0x000003b0   Zero   RW          664    .bss                usart.o
    0x20000fd8        -       0x000002dc   Zero   RW          720    .bss                usb_device.o
    0x200012b4        -       0x0000072c   Zero   RW          798    .bss                usbd_conf.o
    0x200019e0        -       0x00000200   Zero   RW          983    .bss                usbd_desc.o
    0x20001be0        -       0x00001000   Zero   RW         1070    .bss                usbd_cdc_if.o
    0x20002be0        -       0x00000048   Zero   RW         1344    .bss                stm32f4xx_hal_timebase_tim.o
    0x20002c28        -       0x0000000b   Zero   RW         1457    .bss                status_task.o
    0x20002c33   COMPRESSED   0x00000001   PAD
    0x20002c34        -       0x0000008c   Zero   RW         1518    .bss                chassis_task.o
    0x20002cc0        -       0x00000080   Zero   RW         1638    .bss                gimbal_task.o
    0x20002d40        -       0x00000080   Zero   RW         1707    .bss                shoot_task .o
    0x20002dc0        -       0x00000080   Zero   RW         1775    .bss                usb_task.o
    0x20002e40        -       0x00000354   Zero   RW         1947    .bss                vision_predict.o
    0x20003194        -       0x000000ba   Zero   RW         2019    .bss                uart_decode.o
    0x2000324e   COMPRESSED   0x00000002   PAD
    0x20003250        -       0x000005b0   Zero   RW         2065    .bss                sys_init.o
    0x20003800        -       0x00000014   Zero   RW         2149    .bss                comm_task.o
    0x20003814        -       0x00000289   Zero   RW         2183    .bss                judgesend_task.o
    0x20003a9d   COMPRESSED   0x00000003   PAD
    0x20003aa0        -       0x00000124   Zero   RW         2258    .bss                bsp_fricmotor.o
    0x20003bc4        -       0x00000040   Zero   RW         2384    .bss                bsp_powerlimit.o
    0x20003c04        -       0x00000044   Zero   RW         2446    .bss                bsp_t_imu.o
    0x20003c48        -       0x00000164   Zero   RW         2496    .bss                bsp_can.o
    0x20003dac        -       0x0000019c   Zero   RW         2626    .bss                bsp_usart.o
    0x20003f48        -       0x000001a8   Zero   RW         2684    .bss                bsp_judge.o
    0x200040f0        -       0x0000001c   Zero   RW         2723    .bss                bsp_mf_motor.o
    0x2000410c        -       0x00000bd0   Zero   RW         2786    .bss                pid.o
    0x20004cdc        -       0x00000042   Zero   RW         2923    .bss                remote_msg.o
    0x20004d1e   COMPRESSED   0x00000002   PAD
    0x20004d20        -       0x00000389   Zero   RW         3695    .bss                decode.o
    0x200050a9        -       0x0000020d   Zero   RW         3862    .bss                packet.o
    0x200052b6   COMPRESSED   0x00000002   PAD
    0x200052b8        -       0x00000040   Zero   RW         7515    .bss                queue.o
    0x200052f8        -       0x000000f0   Zero   RW         7912    .bss                tasks.o
    0x200053e8        -       0x000000f0   Zero   RW         8274    .bss                timers.o
    0x200054d8        -       0x00003c00   Zero   RW         8793    .bss                heap_4.o
    0x200090d8        -       0x00001000   Zero   RW            2    HEAP                startup_stm32f407xx.o
    0x2000a0d8        -       0x00000600   Zero   RW            1    STACK               startup_stm32f407xx.o


==============================================================================

Image component sizes


      Code (inc. data)   RO Data    RW Data    ZI Data      Debug   Object Name

      2416        218         40         94        356      15982   bsp_can.o
       544         82          0          0        292      10612   bsp_fricmotor.o
       904        174          0         46        424      10035   bsp_judge.o
       564         52          0          8         28       1365   bsp_mf_motor.o
       860        150          0         20         64       4298   bsp_powerlimit.o
         0          0          0         64          0        344   bsp_shoot_class.o
       176         30          0         28         68       2219   bsp_t_imu.o
       656        124          0         44          0       3350   bsp_triggermotor.o
       648         68          0         12        412       5426   bsp_usart.o
       596         42          0          4         80       2418   can.o
      2508        268          0         33        140       9594   chassis_task.o
       392          4          0          0          0      31881   cmsis_os.o
       424         30          0         20         20       2204   comm_task.o
        84         18          0          8          0       1427   crc.o
       282         20        770          2          0       4894   crc8_crc16.o
       524         48          0          5        905     612398   decode.o
       184          6          0          0          0        814   dma.o
         0          0          0          0          0      17464   event_groups.o
       412          0          0          0          0      10821   fifo.o
       490         88        565         68       1728       9418   freertos.o
         0          0          0          0          0       2444   func_generator.o
      1672        294          0         37        128       7359   gimbal_task.o
       256         22          0          0          0        629   gimbal_to_chassis_task.o
       384         20          0          0          0       1091   gpio.o
       504         32          0         32      15360       4971   heap_4.o
       270         30          0          9        649       2868   judgesend_task.o
       262          6          0          0          0       4186   kalmanfilter.o
       144          0          0          0          0       3534   list.o
       378         26          0          0          0      70364   main.o
       426          6          0          0          0       4262   math_calcu.o
       204         38          0          2          0       4682   modeswitch_task.o
       254         16          0          2        525       3083   packet.o
       740         14          0          0       3024       5933   pid.o
       814         92          0         12          0      11897   port.o
      1664         24          0          0         64      18670   queue.o
       336          8          0          3         66       4814   remote_msg.o
       584        104          0         18        128      19438   shoot_task .o
        36          8        392          0       5632        828   startup_stm32f407xx.o
        44          8          0          0         11       4797   status_task.o
       120         20          0         12          0       8650   stm32f4xx_hal.o
      2052          6          0          0          0      14969   stm32f4xx_hal_can.o
       168         12          0          0          0      32810   stm32f4xx_hal_cortex.o
        36          0          0          0          0       1039   stm32f4xx_hal_crc.o
      1272         18          8          0          0       7426   stm32f4xx_hal_dma.o
       132          0          0          0          0       1985   stm32f4xx_hal_dma_ex.o
       570         18          0          0          0       2340   stm32f4xx_hal_gpio.o
        84          6          0          0          0        818   stm32f4xx_hal_msp.o
      2836         12          0          0          0      14356   stm32f4xx_hal_pcd.o
        84          0          0          0          0       2525   stm32f4xx_hal_pcd_ex.o
      1770        106          0          0          0       7025   stm32f4xx_hal_rcc.o
      1160         22          0          0          0       9767   stm32f4xx_hal_tim.o
       158          0          0          0          0       2533   stm32f4xx_hal_tim_ex.o
       140         18          0          0         72       1420   stm32f4xx_hal_timebase_tim.o
      1724         20          0          0          0      13662   stm32f4xx_hal_uart.o
       392        136          0          0          0      13803   stm32f4xx_it.o
      3186        100          0          0          0      24547   stm32f4xx_ll_usb.o
       104         18          0          0       1456       1803   sys_init.o
       100         18         24          4          0     711067   system_stm32f4xx.o
      3292        282          0         68        240      34656   tasks.o
       448         42          0          8        144       3029   tim.o
      1076         96          0         20        240      30907   timers.o
       128         22          0          0        186       6560   uart_decode.o
       320          0          0          0          0       4535   ubf.o
      1308        116          0          0        944       4306   usart.o
        76         16          0          0        732       2531   usb_device.o
        44         10          0          0        128       4946   usb_task.o
      1446         40          0        139          0      14537   usbd_cdc.o
       212         22          0         20       4096       4020   usbd_cdc_if.o
      1004         24          0          0       1836      16592   usbd_conf.o
      1042          0          0          0          0      16197   usbd_core.o
      1908         28          0          1          0      17860   usbd_ctlreq.o
       386        122          0         78        512       7761   usbd_desc.o
       132          0          0          0          0       4464   usbd_ioreq.o
      3668        526          0        193        852      11674   vision_predict.o
       160         22          0          0          0       2376   vision_send_task.o

    ----------------------------------------------------------------------
     54454       4068       1840       1148      41552    1992310   Object Totals
         0          0         32          0          0          0   (incl. Generated)
        80          0          9         34         10          0   (incl. Padding)

    ----------------------------------------------------------------------

      Code (inc. data)   RO Data    RW Data    ZI Data      Debug   Library Member Name

       200         20          0          0          0        164   cos.o
       368         46         48          0          0        200   cos_i.o
        84         16          0          0          0        372   dunder.o
        24          0          0          0          0        124   fabs.o
        48          0          0          0          0        124   fpclassify.o
       248          0          0          0          0        152   poly.o
      1080        142        200          0          0        188   rred.o
       200         20          0          0          0        164   sin.o
       304         24         40          0          0        208   sin_i.o
        86          0          0          0          0          0   __dczerorl2.o
        28          0          0          0          0         76   calloc.o
         0          0          0          0          0          0   entry.o
         0          0          0          0          0          0   entry10a.o
         0          0          0          0          0          0   entry11a.o
         8          4          0          0          0          0   entry2.o
         4          0          0          0          0          0   entry5.o
         0          0          0          0          0          0   entry7b.o
         0          0          0          0          0          0   entry8b.o
         8          4          0          0          0          0   entry9a.o
        12          6          0          4          0         68   errno.o
        30          0          0          0          0          0   handlers.o
        36          8          0          0          0         68   init.o
         0          0          0          0          0          0   iusefp.o
        30          0          0          0          0         68   llshl.o
        36          0          0          0          0         68   llsshr.o
        32          0          0          0          0         68   llushr.o
       108         16          0          0          0         84   malloc.o
        36          0          0          0          0         68   memcpya.o
        36          0          0          0          0        108   memseta.o
         0          0          0          8          0          0   mvars.o
        98          0          0          0          0         92   uldiv.o
        56          0          0          0          0         88   d2f.o
       334          0          0          0          0        148   dadd.o
       222          0          0          0          0        100   ddiv.o
       186          0          0          0          0        176   depilogue.o
        62          0          0          0          0         80   dfixi.o
        34          0          0          0          0         76   dflti.o
        26          0          0          0          0         76   dfltui.o
       228          0          0          0          0         96   dmul.o
        38          0          0          0          0         68   f2d.o
       110          0          0          0          0        168   fepilogue.o
        66          0          0          0          0         76   ffixl.o
        44          0          0          0          0         92   ffltl.o

    ----------------------------------------------------------------------
      4554        306        288         12          0       3708   Library Totals
         4          0          0          0          0          0   (incl. Padding)

    ----------------------------------------------------------------------

      Code (inc. data)   RO Data    RW Data    ZI Data      Debug   Library Name

      2556        268        288          0          0       1696   m_wm.l
       588         38          0         12          0        768   mc_w.l
      1406          0          0          0          0       1244   mf_w.l

    ----------------------------------------------------------------------
      4554        306        288         12          0       3708   Library Totals

    ----------------------------------------------------------------------

==============================================================================


      Code (inc. data)   RO Data    RW Data    ZI Data      Debug   

     59008       4374       2128       1160      41552    1945914   Grand Totals
     59008       4374       2128        332      41552    1945914   ELF Image Totals (compressed)
     59008       4374       2128        332          0          0   ROM Totals

==============================================================================

    Total RO  Size (Code + RO Data)                61136 (  59.70kB)
    Total RW  Size (RW Data + ZI Data)             42712 (  41.71kB)
    Total ROM Size (Code + RO Data + RW Data)      61468 (  60.03kB)

==============================================================================

