Component: ARM Compiler 5.06 update 6 (build 750) Tool: armlink [4d35ed]

==============================================================================

Section Cross References

    startup_stm32f407xx.o(RESET) refers to startup_stm32f407xx.o(STACK) for __initial_sp
    startup_stm32f407xx.o(RESET) refers to startup_stm32f407xx.o(.text) for Reset_Handler
    startup_stm32f407xx.o(RESET) refers to stm32f4xx_it.o(i.NMI_Handler) for NMI_Handler
    startup_stm32f407xx.o(RESET) refers to stm32f4xx_it.o(i.HardFault_Handler) for HardFault_Handler
    startup_stm32f407xx.o(RESET) refers to stm32f4xx_it.o(i.MemManage_Handler) for MemManage_Handler
    startup_stm32f407xx.o(RESET) refers to stm32f4xx_it.o(i.BusFault_Handler) for BusFault_Handler
    startup_stm32f407xx.o(RESET) refers to stm32f4xx_it.o(i.UsageFault_Handler) for UsageFault_Handler
    startup_stm32f407xx.o(RESET) refers to port.o(.emb_text) for SVC_Handler
    startup_stm32f407xx.o(RESET) refers to stm32f4xx_it.o(i.DebugMon_Handler) for DebugMon_Handler
    startup_stm32f407xx.o(RESET) refers to port.o(i.SysTick_Handler) for SysTick_Handler
    startup_stm32f407xx.o(RESET) refers to stm32f4xx_it.o(i.DMA1_Stream0_IRQHandler) for DMA1_Stream0_IRQHandler
    startup_stm32f407xx.o(RESET) refers to stm32f4xx_it.o(i.DMA1_Stream1_IRQHandler) for DMA1_Stream1_IRQHandler
    startup_stm32f407xx.o(RESET) refers to stm32f4xx_it.o(i.DMA1_Stream2_IRQHandler) for DMA1_Stream2_IRQHandler
    startup_stm32f407xx.o(RESET) refers to stm32f4xx_it.o(i.DMA1_Stream3_IRQHandler) for DMA1_Stream3_IRQHandler
    startup_stm32f407xx.o(RESET) refers to stm32f4xx_it.o(i.DMA1_Stream4_IRQHandler) for DMA1_Stream4_IRQHandler
    startup_stm32f407xx.o(RESET) refers to stm32f4xx_it.o(i.DMA1_Stream5_IRQHandler) for DMA1_Stream5_IRQHandler
    startup_stm32f407xx.o(RESET) refers to stm32f4xx_it.o(i.DMA1_Stream6_IRQHandler) for DMA1_Stream6_IRQHandler
    startup_stm32f407xx.o(RESET) refers to stm32f4xx_it.o(i.CAN1_TX_IRQHandler) for CAN1_TX_IRQHandler
    startup_stm32f407xx.o(RESET) refers to stm32f4xx_it.o(i.CAN1_RX0_IRQHandler) for CAN1_RX0_IRQHandler
    startup_stm32f407xx.o(RESET) refers to stm32f4xx_it.o(i.CAN1_RX1_IRQHandler) for CAN1_RX1_IRQHandler
    startup_stm32f407xx.o(RESET) refers to stm32f4xx_it.o(i.CAN1_SCE_IRQHandler) for CAN1_SCE_IRQHandler
    startup_stm32f407xx.o(RESET) refers to stm32f4xx_it.o(i.TIM1_UP_TIM10_IRQHandler) for TIM1_UP_TIM10_IRQHandler
    startup_stm32f407xx.o(RESET) refers to stm32f4xx_it.o(i.USART1_IRQHandler) for USART1_IRQHandler
    startup_stm32f407xx.o(RESET) refers to stm32f4xx_it.o(i.USART2_IRQHandler) for USART2_IRQHandler
    startup_stm32f407xx.o(RESET) refers to stm32f4xx_it.o(i.USART3_IRQHandler) for USART3_IRQHandler
    startup_stm32f407xx.o(RESET) refers to stm32f4xx_it.o(i.DMA1_Stream7_IRQHandler) for DMA1_Stream7_IRQHandler
    startup_stm32f407xx.o(RESET) refers to stm32f4xx_it.o(i.UART4_IRQHandler) for UART4_IRQHandler
    startup_stm32f407xx.o(RESET) refers to stm32f4xx_it.o(i.UART5_IRQHandler) for UART5_IRQHandler
    startup_stm32f407xx.o(RESET) refers to stm32f4xx_it.o(i.DMA2_Stream1_IRQHandler) for DMA2_Stream1_IRQHandler
    startup_stm32f407xx.o(RESET) refers to stm32f4xx_it.o(i.DMA2_Stream2_IRQHandler) for DMA2_Stream2_IRQHandler
    startup_stm32f407xx.o(RESET) refers to stm32f4xx_it.o(i.CAN2_TX_IRQHandler) for CAN2_TX_IRQHandler
    startup_stm32f407xx.o(RESET) refers to stm32f4xx_it.o(i.CAN2_RX0_IRQHandler) for CAN2_RX0_IRQHandler
    startup_stm32f407xx.o(RESET) refers to stm32f4xx_it.o(i.CAN2_RX1_IRQHandler) for CAN2_RX1_IRQHandler
    startup_stm32f407xx.o(RESET) refers to stm32f4xx_it.o(i.CAN2_SCE_IRQHandler) for CAN2_SCE_IRQHandler
    startup_stm32f407xx.o(RESET) refers to stm32f4xx_it.o(i.DMA2_Stream6_IRQHandler) for DMA2_Stream6_IRQHandler
    startup_stm32f407xx.o(RESET) refers to stm32f4xx_it.o(i.DMA2_Stream7_IRQHandler) for DMA2_Stream7_IRQHandler
    startup_stm32f407xx.o(RESET) refers to stm32f4xx_it.o(i.USART6_IRQHandler) for USART6_IRQHandler
    startup_stm32f407xx.o(.text) refers to system_stm32f4xx.o(i.SystemInit) for SystemInit
    startup_stm32f407xx.o(.text) refers to entry.o(.ARM.Collect$$$$00000000) for __main
    main.o(i.HAL_TIM_PeriodElapsedCallback) refers to stm32f4xx_hal.o(i.HAL_IncTick) for HAL_IncTick
    main.o(i.SystemClock_Config) refers to memseta.o(.text) for __aeabi_memclr4
    main.o(i.SystemClock_Config) refers to stm32f4xx_hal_rcc.o(i.HAL_RCC_OscConfig) for HAL_RCC_OscConfig
    main.o(i.SystemClock_Config) refers to stm32f4xx_hal_rcc.o(i.HAL_RCC_ClockConfig) for HAL_RCC_ClockConfig
    main.o(i.main) refers to stm32f4xx_hal.o(i.HAL_Init) for HAL_Init
    main.o(i.main) refers to main.o(i.SystemClock_Config) for SystemClock_Config
    main.o(i.main) refers to gpio.o(i.MX_GPIO_Init) for MX_GPIO_Init
    main.o(i.main) refers to dma.o(i.MX_DMA_Init) for MX_DMA_Init
[...]
    .bss                                     0x20001570   Section      432  pid.o(.bss)
    .bss                                     0x20001720   Section       22  remote_msg.o(.bss)
    .bss                                     0x20001738   Section       64  queue.o(.bss)
    .bss                                     0x20001778   Section      240  tasks.o(.bss)
    pxReadyTasksLists                        0x20001778   Data         140  tasks.o(.bss)
    xDelayedTaskList1                        0x20001804   Data          20  tasks.o(.bss)
    xDelayedTaskList2                        0x20001818   Data          20  tasks.o(.bss)
    xPendingReadyList                        0x2000182c   Data          20  tasks.o(.bss)
    xTasksWaitingTermination                 0x20001840   Data          20  tasks.o(.bss)
    xSuspendedTaskList                       0x20001854   Data          20  tasks.o(.bss)
    .bss                                     0x20001868   Section      232  timers.o(.bss)
    xActiveTimerList1                        0x20001868   Data          20  timers.o(.bss)
    xActiveTimerList2                        0x2000187c   Data          20  timers.o(.bss)
    xStaticTimerQueue                        0x20001890   Data          72  timers.o(.bss)
    ucStaticTimerQueueStorage                0x200018d8   Data         120  timers.o(.bss)
    .bss                                     0x20001950   Section    15360  heap_4.o(.bss)
    ucHeap                                   0x20001950   Data       15360  heap_4.o(.bss)
    STACK                                    0x20005550   Section     1536  startup_stm32f407xx.o(STACK)

    Global Symbols

    Symbol Name                              Value     Ov Type        Size  Object(Section)

    BuildAttributes$$THM_ISAv4$E$P$D$K$B$S$7EM$VFPi3$EXTD16$VFPS$VFMA$PE$A:L22UL41UL21$X:L11$S22US41US21$IEEE1$IW$USESV6$~STKCKD$USESV7$~SHL$OTIME$ROPI$IEEEX$EBA8$MICROLIB$REQ8$PRES8$EABIv2 0x00000000   Number         0  anon$$obj.o ABSOLUTE
    __ARM_use_no_argv                        0x00000000   Number         0  main.o ABSOLUTE
    __cpp_initialize__aeabi_                  - Undefined Weak Reference
    __cxa_finalize                            - Undefined Weak Reference
    __decompress                              - Undefined Weak Reference
    _clock_init                               - Undefined Weak Reference
    _microlib_exit                            - Undefined Weak Reference
    __Vectors_Size                           0x00000188   Number         0  startup_stm32f407xx.o ABSOLUTE
    __Vectors                                0x08000000   Data           4  startup_stm32f407xx.o(RESET)
    __Vectors_End                            0x08000188   Data           0  startup_stm32f407xx.o(RESET)
    __main                                   0x08000189   Thumb Code     0  entry.o(.ARM.Collect$$$$00000000)
    _main_stk                                0x08000189   Thumb Code     0  entry2.o(.ARM.Collect$$$$00000001)
    _main_scatterload                        0x0800018d   Thumb Code     0  entry5.o(.ARM.Collect$$$$00000004)
    __main_after_scatterload                 0x08000191   Thumb Code     0  entry5.o(.ARM.Collect$$$$00000004)
    _main_clock                              0x08000191   Thumb Code     0  entry7b.o(.ARM.Collect$$$$00000008)
    _main_cpp_init                           0x08000191   Thumb Code     0  entry8b.o(.ARM.Collect$$$$0000000A)
    _main_init                               0x08000191   Thumb Code     0  entry9a.o(.ARM.Collect$$$$0000000B)
    __rt_final_cpp                           0x08000199   Thumb Code     0  entry10a.o(.ARM.Collect$$$$0000000D)
    __rt_final_exit                          0x08000199   Thumb Code     0  entry11a.o(.ARM.Collect$$$$0000000F)
    SVC_Handler                              0x0800019d   Thumb Code    28  port.o(.emb_text)
    __asm___6_port_c_39a90d8d__prvStartFirstTask 0x080001bd   Thumb Code    36  port.o(.emb_text)
    __asm___6_port_c_39a90d8d__prvEnableVFP  0x080001e5   Thumb Code    16  port.o(.emb_text)
    PendSV_Handler                           0x080001f9   Thumb Code    88  port.o(.emb_text)
    vPortGetIPSR                             0x08000255   Thumb Code     6  port.o(.emb_text)
    Reset_Handler                            0x0800025d   Thumb Code     8  startup_stm32f407xx.o(.text)
    ADC_IRQHandler                           0x08000277   Thumb Code     0  startup_stm32f407xx.o(.text)
    DCMI_IRQHandler                          0x08000277   Thumb Code     0  startup_stm32f407xx.o(.text)
    DMA2_Stream0_IRQHandler                  0x08000277   Thumb Code     0  startup_stm32f407xx.o(.text)
    DMA2_Stream3_IRQHandler                  0x08000277   Thumb Code     0  startup_stm32f407xx.o(.text)
    DMA2_Stream4_IRQHandler                  0x08000277   Thumb Code     0  startup_stm32f407xx.o(.text)
    DMA2_Stream5_IRQHandler                  0x08000277   Thumb Code     0  startup_stm32f407xx.o(.text)
    ETH_IRQHandler                           0x08000277   Thumb Code     0  startup_stm32f407xx.o(.text)
    ETH_WKUP_IRQHandler                      0x08000277   Thumb Code     0  startup_stm32f407xx.o(.text)
    EXTI0_IRQHandler                         0x08000277   Thumb Code     0  startup_stm32f407xx.o(.text)
    EXTI15_10_IRQHandler                     0x08000277   Thumb Code     0  startup_stm32f407xx.o(.text)
    EXTI1_IRQHandler                         0x08000277   Thumb Code     0  startup_stm32f407xx.o(.text)
    EXTI2_IRQHandler                         0x08000277   Thumb Code     0  startup_stm32f407xx.o(.text)
    EXTI3_IRQHandler                         0x08000277   Thumb Code     0  startup_stm32f407xx.o(.text)
    EXTI4_IRQHandler                         0x08000277   Thumb Code     0  startup_stm32f407xx.o(.text)
    EXTI9_5_IRQHandler                       0x08000277   Thumb Code     0  startup_stm32f407xx.o(.text)
    FLASH_IRQHandler                         0x08000277   Thumb Code     0  startup_stm32f407xx.o(.text)
    FMC_IRQHandler                           0x08000277   Thumb Code     0  startup_stm32f407xx.o(.text)
    FPU_IRQHandler                           0x08000277   Thumb Code     0  startup_stm32f407xx.o(.text)
    HASH_RNG_IRQHandler                      0x08000277   Thumb Code     0  startup_stm32f407xx.o(.text)
    I2C1_ER_IRQHandler                       0x08000277   Thumb Code     0  startup_stm32f407xx.o(.text)
    I2C1_EV_IRQHandler                       0x08000277   Thumb Code     0  startup_stm32f407xx.o(.text)
    I2C2_ER_IRQHandler                       0x08000277   Thumb Code     0  startup_stm32f407xx.o(.text)
    I2C2_EV_IRQHandler                       0x08000277   Thumb Code     0  startup_stm32f407xx.o(.text)
    I2C3_ER_IRQHandler                       0x08000277   Thumb Code     0  startup_stm32f407xx.o(.text)
    I2C3_EV_IRQHandler                       0x08000277   Thumb Code     0  startup_stm32f407xx.o(.text)
    OTG_FS_IRQHandler                        0x08000277   Thumb Code     0  startup_stm32f407xx.o(.text)
    OTG_FS_WKUP_IRQHandler                   0x08000277   Thumb Code     0  startup_stm32f407xx.o(.text)
    OTG_HS_EP1_IN_IRQHandler                 0x08000277   Thumb Code     0  startup_stm32f407xx.o(.text)
    OTG_HS_EP1_OUT_IRQHandler                0x08000277   Thumb Code     0  startup_stm32f407xx.o(.text)
    OTG_HS_IRQHandler                        0x08000277   Thumb Code     0  startup_stm32f407xx.o(.text)
    OTG_HS_WKUP_IRQHandler                   0x08000277   Thumb Code     0  startup_stm32f407xx.o(.text)
    PVD_IRQHandler                           0x08000277   Thumb Code     0  startup_stm32f407xx.o(.text)
    RCC_IRQHandler                           0x08000277   Thumb Code     0  startup_stm32f407xx.o(.text)
    RTC_Alarm_IRQHandler                     0x08000277   Thumb Code     0  startup_stm32f407xx.o(.text)
    RTC_WKUP_IRQHandler                      0x08000277   Thumb Code     0  startup_stm32f407xx.o(.text)
    SDIO_IRQHandler                          0x08000277   Thumb Code     0  startup_stm32f407xx.o(.text)
    SPI1_IRQHandler                          0x08000277   Thumb Code     0  startup_stm32f407xx.o(.text)
    SPI2_IRQHandler                          0x08000277   Thumb Code     0  startup_stm32f407xx.o(.text)
    SPI3_IRQHandler                          0x08000277   Thumb Code     0  startup_stm32f407xx.o(.text)
    TAMP_STAMP_IRQHandler                    0x08000277   Thumb Code     0  startup_stm32f407xx.o(.text)
    TIM1_BRK_TIM9_IRQHandler                 0x08000277   Thumb Code     0  startup_stm32f407xx.o(.text)
    TIM1_CC_IRQHandler                       0x08000277   Thumb Code     0  startup_stm32f407xx.o(.text)
    TIM1_TRG_COM_TIM11_IRQHandler            0x08000277   Thumb Code     0  startup_stm32f407xx.o(.text)
    TIM2_IRQHandler                          0x08000277   Thumb Code     0  startup_stm32f407xx.o(.text)
    TIM3_IRQHandler                          0x08000277   Thumb Code     0  startup_stm32f407xx.o(.text)
    TIM4_IRQHandler                          0x08000277   Thumb Code     0  startup_stm32f407xx.o(.text)
    TIM5_IRQHandler                          0x08000277   Thumb Code     0  startup_stm32f407xx.o(.text)
    TIM6_DAC_IRQHandler                      0x08000277   Thumb Code     0  startup_stm32f407xx.o(.text)
    TIM7_IRQHandler                          0x08000277   Thumb Code     0  startup_stm32f407xx.o(.text)
    TIM8_BRK_TIM12_IRQHandler                0x08000277   Thumb Code     0  startup_stm32f407xx.o(.text)
    TIM8_CC_IRQHandler                       0x08000277   Thumb Code     0  startup_stm32f407xx.o(.text)
    TIM8_TRG_COM_TIM14_IRQHandler            0x08000277   Thumb Code     0  startup_stm32f407xx.o(.text)
    TIM8_UP_TIM13_IRQHandler                 0x08000277   Thumb Code     0  startup_stm32f407xx.o(.text)
    WWDG_IRQHandler                          0x08000277   Thumb Code     0  startup_stm32f407xx.o(.text)
    __aeabi_uldivmod                         0x08000281   Thumb Code    98  uldiv.o(.text)
    __aeabi_memcpy                           0x080002e3   Thumb Code    36  memcpya.o(.text)
    __aeabi_memcpy4                          0x080002e3   Thumb Code     0  memcpya.o(.text)
    __aeabi_memcpy8                          0x080002e3   Thumb Code     0  memcpya.o(.text)
    __aeabi_memset                           0x08000307   Thumb Code    14  memseta.o(.text)
    __aeabi_memset4                          0x08000307   Thumb Code     0  memseta.o(.text)
    __aeabi_memset8                          0x08000307   Thumb Code     0  memseta.o(.text)
    __aeabi_memclr                           0x08000315   Thumb Code     4  memseta.o(.text)
    __aeabi_memclr4                          0x08000315   Thumb Code     0  memseta.o(.text)
    __aeabi_memclr8                          0x08000315   Thumb Code     0  memseta.o(.text)
    memset                                   0x08000319   Thumb Code    18  memseta.o(.text)
    __aeabi_dadd                             0x0800032b   Thumb Code   322  dadd.o(.text)
    __aeabi_dsub                             0x0800046d   Thumb Code     6  dadd.o(.text)
    __aeabi_drsub                            0x08000473   Thumb Code     6  dadd.o(.text)
    __aeabi_dmul                             0x08000479   Thumb Code   228  dmul.o(.text)
    __aeabi_d2iz                             0x0800055d   Thumb Code    62  dfixi.o(.text)
    __aeabi_f2d                              0x0800059b   Thumb Code    38  f2d.o(.text)
    __aeabi_llsl                             0x080005c1   Thumb Code    30  llshl.o(.text)
    _ll_shift_l                              0x080005c1   Thumb Code     0  llshl.o(.text)
    __aeabi_llsr                             0x080005df   Thumb Code    32  llushr.o(.text)
    _ll_ushift_r                             0x080005df   Thumb Code     0  llushr.o(.text)
    __aeabi_lasr                             0x080005ff   Thumb Code    36  llsshr.o(.text)
    _ll_sshift_r                             0x080005ff   Thumb Code     0  llsshr.o(.text)
    __I$use$fp                               0x08000623   Thumb Code     0  iusefp.o(.text)
    _double_round                            0x08000623   Thumb Code    30  depilogue.o(.text)
    _double_epilogue                         0x08000641   Thumb Code   156  depilogue.o(.text)
    __aeabi_ddiv                             0x080006dd   Thumb Code   222  ddiv.o(.text)
    __ARM_scalbn                             0x080007bb   Thumb Code    46  dscalb.o(.text)
    scalbn                                   0x080007bb   Thumb Code     0  dscalb.o(.text)
    _dsqrt                                   0x080007e9   Thumb Code   162  dsqrt.o(.text)
    __aeabi_i2d                              0x0800088b   Thumb Code    34  dflti.o(.text)
    __aeabi_cdrcmple                         0x080008ad   Thumb Code    48  cdrcmple.o(.text)
    __scatterload                            0x080008dd   Thumb Code    28  init.o(.text)
    __scatterload_rt2                        0x080008dd   Thumb Code     0  init.o(.text)
    BusFault_Handler                         0x08000901   Thumb Code     2  stm32f4xx_it.o(i.BusFault_Handler)
    CAN1_RX0_IRQHandler                      0x08000905   Thumb Code     6  stm32f4xx_it.o(i.CAN1_RX0_IRQHandler)
    CAN1_RX1_IRQHandler                      0x08000911   Thumb Code     6  stm32f4xx_it.o(i.CAN1_RX1_IRQHandler)
    CAN1_SCE_IRQHandler                      0x0800091d   Thumb Code     6  stm32f4xx_it.o(i.CAN1_SCE_IRQHandler)
    CAN1_TX_IRQHandler                       0x08000929   Thumb Code     6  stm32f4xx_it.o(i.CAN1_TX_IRQHandler)
    CAN2_RX0_IRQHandler                      0x08000935   Thumb Code     6  stm32f4xx_it.o(i.CAN2_RX0_IRQHandler)
    CAN2_RX1_IRQHandler                      0x08000941   Thumb Code     6  stm32f4xx_it.o(i.CAN2_RX1_IRQHandler)
    CAN2_SCE_IRQHandler                      0x0800094d   Thumb Code     6  stm32f4xx_it.o(i.CAN2_SCE_IRQHandler)
    CAN2_TX_IRQHandler                       0x08000959   Thumb Code     6  stm32f4xx_it.o(i.CAN2_TX_IRQHandler)
    DMA1_Stream0_IRQHandler                  0x08000965   Thumb Code     6  stm32f4xx_it.o(i.DMA1_Stream0_IRQHandler)
    DMA1_Stream1_IRQHandler                  0x08000971   Thumb Code     6  stm32f4xx_it.o(i.DMA1_Stream1_IRQHandler)
    DMA1_Stream2_IRQHandler                  0x0800097d   Thumb Code     6  stm32f4xx_it.o(i.DMA1_Stream2_IRQHandler)
    DMA1_Stream3_IRQHandler                  0x08000989   Thumb Code     6  stm32f4xx_it.o(i.DMA1_Stream3_IRQHandler)
    DMA1_Stream4_IRQHandler                  0x08000995   Thumb Code     6  stm32f4xx_it.o(i.DMA1_Stream4_IRQHandler)
    DMA1_Stream5_IRQHandler                  0x080009a1   Thumb Code     6  stm32f4xx_it.o(i.DMA1_Stream5_IRQHandler)
    DMA1_Stream6_IRQHandler                  0x080009ad   Thumb Code     6  stm32f4xx_it.o(i.DMA1_Stream6_IRQHandler)
    DMA1_Stream7_IRQHandler                  0x080009b9   Thumb Code     6  stm32f4xx_it.o(i.DMA1_Stream7_IRQHandler)
    DMA2_Stream1_IRQHandler                  0x080009c5   Thumb Code     6  stm32f4xx_it.o(i.DMA2_Stream1_IRQHandler)
    DMA2_Stream2_IRQHandler                  0x080009d1   Thumb Code     6  stm32f4xx_it.o(i.DMA2_Stream2_IRQHandler)
    DMA2_Stream6_IRQHandler                  0x080009dd   Thumb Code     6  stm32f4xx_it.o(i.DMA2_Stream6_IRQHandler)
    DMA2_Stream7_IRQHandler                  0x080009e9   Thumb Code     6  stm32f4xx_it.o(i.DMA2_Stream7_IRQHandler)
    DebugMon_Handler                         0x08000adf   Thumb Code     2  stm32f4xx_it.o(i.DebugMon_Handler)
    Error_Handler                            0x08000ae1   Thumb Code     2  main.o(i.Error_Handler)
    HAL_CAN_ActivateNotification             0x08000ae3   Thumb Code    36  stm32f4xx_hal_can.o(i.HAL_CAN_ActivateNotification)
    HAL_CAN_AddTxMessage                     0x08000b07   Thumb Code   260  stm32f4xx_hal_can.o(i.HAL_CAN_AddTxMessage)
    HAL_CAN_ConfigFilter                     0x08000c0d   Thumb Code   290  stm32f4xx_hal_can.o(i.HAL_CAN_ConfigFilter)
    HAL_CAN_ErrorCallback                    0x08000d35   Thumb Code     2  stm32f4xx_hal_can.o(i.HAL_CAN_ErrorCallback)
    HAL_CAN_GetRxMessage                     0x08000d37   Thumb Code   364  stm32f4xx_hal_can.o(i.HAL_CAN_GetRxMessage)
    HAL_CAN_GetTxMailboxesFreeLevel          0x08000ea3   Thumb Code    50  stm32f4xx_hal_can.o(i.HAL_CAN_GetTxMailboxesFreeLevel)
    HAL_CAN_IRQHandler                       0x08000ed5   Thumb Code   564  stm32f4xx_hal_can.o(i.HAL_CAN_IRQHandler)
    HAL_CAN_Init                             0x08001109   Thumb Code   360  stm32f4xx_hal_can.o(i.HAL_CAN_Init)
    HAL_CAN_MspInit                          0x08001271   Thumb Code   324  can.o(i.HAL_CAN_MspInit)
    HAL_CAN_RxFifo0FullCallback              0x080013cd   Thumb Code     2  stm32f4xx_hal_can.o(i.HAL_CAN_RxFifo0FullCallback)
    HAL_CAN_RxFifo0MsgPendingCallback        0x080013d1   Thumb Code   284  bsp_can.o(i.HAL_CAN_RxFifo0MsgPendingCallback)
    HAL_CAN_RxFifo1FullCallback              0x08001509   Thumb Code     2  stm32f4xx_hal_can.o(i.HAL_CAN_RxFifo1FullCallback)
    HAL_CAN_RxFifo1MsgPendingCallback        0x0800150b   Thumb Code     2  stm32f4xx_hal_can.o(i.HAL_CAN_RxFifo1MsgPendingCallback)
    HAL_CAN_SleepCallback                    0x0800150d   Thumb Code     2  stm32f4xx_hal_can.o(i.HAL_CAN_SleepCallback)
    HAL_CAN_Start                            0x0800150f   Thumb Code   100  stm32f4xx_hal_can.o(i.HAL_CAN_Start)
    HAL_CAN_TxMailbox0AbortCallback          0x08001573   Thumb Code     2  stm32f4xx_hal_can.o(i.HAL_CAN_TxMailbox0AbortCallback)
    HAL_CAN_TxMailbox0CompleteCallback       0x08001575   Thumb Code     2  stm32f4xx_hal_can.o(i.HAL_CAN_TxMailbox0CompleteCallback)
    HAL_CAN_TxMailbox1AbortCallback          0x08001577   Thumb Code     2  stm32f4xx_hal_can.o(i.HAL_CAN_TxMailbox1AbortCallback)
    HAL_CAN_TxMailbox1CompleteCallback       0x08001579   Thumb Code     2  stm32f4xx_hal_can.o(i.HAL_CAN_TxMailbox1CompleteCallback)
    HAL_CAN_TxMailbox2AbortCallback          0x0800157b   Thumb Code     2  stm32f4xx_hal_can.o(i.HAL_CAN_TxMailbox2AbortCallback)
    HAL_CAN_TxMailbox2CompleteCallback       0x0800157d   Thumb Code     2  stm32f4xx_hal_can.o(i.HAL_CAN_TxMailbox2CompleteCallback)
    HAL_CAN_WakeUpFromRxMsgCallback          0x0800157f   Thumb Code     2  stm32f4xx_hal_can.o(i.HAL_CAN_WakeUpFromRxMsgCallback)
    HAL_DMA_Abort                            0x08001581   Thumb Code   162  stm32f4xx_hal_dma.o(i.HAL_DMA_Abort)
    HAL_DMA_Abort_IT                         0x08001623   Thumb Code    36  stm32f4xx_hal_dma.o(i.HAL_DMA_Abort_IT)
    HAL_DMA_IRQHandler                       0x08001649   Thumb Code   488  stm32f4xx_hal_dma.o(i.HAL_DMA_IRQHandler)
    HAL_DMA_Init                             0x08001835   Thumb Code   230  stm32f4xx_hal_dma.o(i.HAL_DMA_Init)
    HAL_DMA_Start_IT                         0x08001921   Thumb Code   122  stm32f4xx_hal_dma.o(i.HAL_DMA_Start_IT)
    HAL_Delay                                0x0800199d   Thumb Code    34  stm32f4xx_hal.o(i.HAL_Delay)
    HAL_GPIO_Init                            0x080019c5   Thumb Code   518  stm32f4xx_hal_gpio.o(i.HAL_GPIO_Init)
    HAL_GPIO_WritePin                        0x08001be1   Thumb Code    14  stm32f4xx_hal_gpio.o(i.HAL_GPIO_WritePin)
    HAL_GetTick                              0x08001bf1   Thumb Code     6  stm32f4xx_hal.o(i.HAL_GetTick)
    HAL_IncTick                              0x08001bfd   Thumb Code    12  stm32f4xx_hal.o(i.HAL_IncTick)
    HAL_Init                                 0x08001c0d   Thumb Code    48  stm32f4xx_hal.o(i.HAL_Init)
    HAL_InitTick                             0x08001c41   Thumb Code   100  stm32f4xx_hal_timebase_tim.o(i.HAL_InitTick)
    HAL_MspInit                              0x08001cb5   Thumb Code    52  stm32f4xx_hal_msp.o(i.HAL_MspInit)
    HAL_NVIC_EnableIRQ                       0x08001ced   Thumb Code    28  stm32f4xx_hal_cortex.o(i.HAL_NVIC_EnableIRQ)
    HAL_NVIC_SetPriority                     0x08001d09   Thumb Code    98  stm32f4xx_hal_cortex.o(i.HAL_NVIC_SetPriority)
    HAL_NVIC_SetPriorityGrouping             0x08001d71   Thumb Code    30  stm32f4xx_hal_cortex.o(i.HAL_NVIC_SetPriorityGrouping)
    HAL_RCC_ClockConfig                      0x08001d95   Thumb Code   352  stm32f4xx_hal_rcc.o(i.HAL_RCC_ClockConfig)
    HAL_RCC_GetClockConfig                   0x08001f09   Thumb Code    52  stm32f4xx_hal_rcc.o(i.HAL_RCC_GetClockConfig)
    HAL_RCC_GetHCLKFreq                      0x08001f45   Thumb Code     6  stm32f4xx_hal_rcc.o(i.HAL_RCC_GetHCLKFreq)
    HAL_RCC_GetPCLK1Freq                     0x08001f51   Thumb Code    22  stm32f4xx_hal_rcc.o(i.HAL_RCC_GetPCLK1Freq)
    HAL_RCC_GetPCLK2Freq                     0x08001f71   Thumb Code    22  stm32f4xx_hal_rcc.o(i.HAL_RCC_GetPCLK2Freq)
    HAL_RCC_GetSysClockFreq                  0x08001f91   Thumb Code    88  stm32f4xx_hal_rcc.o(i.HAL_RCC_GetSysClockFreq)
    HAL_RCC_OscConfig                        0x08001ff5   Thumb Code  1078  stm32f4xx_hal_rcc.o(i.HAL_RCC_OscConfig)
    HAL_TIMEx_BreakCallback                  0x0800242b   Thumb Code     2  stm32f4xx_hal_tim_ex.o(i.HAL_TIMEx_BreakCallback)
    HAL_TIMEx_CommutCallback                 0x0800242d   Thumb Code     2  stm32f4xx_hal_tim_ex.o(i.HAL_TIMEx_CommutCallback)
    HAL_TIMEx_MasterConfigSynchronization    0x0800242f   Thumb Code    78  stm32f4xx_hal_tim_ex.o(i.HAL_TIMEx_MasterConfigSynchronization)
    HAL_TIM_Base_Init                        0x0800247d   Thumb Code    56  stm32f4xx_hal_tim.o(i.HAL_TIM_Base_Init)
    HAL_TIM_Base_MspInit                     0x080024b5   Thumb Code    30  tim.o(i.HAL_TIM_Base_MspInit)
    HAL_TIM_Base_Start_IT                    0x080024dd   Thumb Code    34  stm32f4xx_hal_tim.o(i.HAL_TIM_Base_Start_IT)
    HAL_TIM_IC_CaptureCallback               0x080024ff   Thumb Code     2  stm32f4xx_hal_tim.o(i.HAL_TIM_IC_CaptureCallback)
    HAL_TIM_IRQHandler                       0x08002501   Thumb Code   372  stm32f4xx_hal_tim.o(i.HAL_TIM_IRQHandler)
    HAL_TIM_MspPostInit                      0x08002675   Thumb Code   184  tim.o(i.HAL_TIM_MspPostInit)
    HAL_TIM_OC_DelayElapsedCallback          0x08002749   Thumb Code     2  stm32f4xx_hal_tim.o(i.HAL_TIM_OC_DelayElapsedCallback)
    HAL_TIM_PWM_ConfigChannel                0x0800274b   Thumb Code   220  stm32f4xx_hal_tim.o(i.HAL_TIM_PWM_ConfigChannel)
    HAL_TIM_PWM_Init                         0x08002827   Thumb Code    56  stm32f4xx_hal_tim.o(i.HAL_TIM_PWM_Init)
    HAL_TIM_PWM_MspInit                      0x08002861   Thumb Code    96  tim.o(i.HAL_TIM_PWM_MspInit)
    HAL_TIM_PWM_PulseFinishedCallback        0x080028d1   Thumb Code     2  stm32f4xx_hal_tim.o(i.HAL_TIM_PWM_PulseFinishedCallback)
    HAL_TIM_PeriodElapsedCallback            0x080028d5   Thumb Code    14  main.o(i.HAL_TIM_PeriodElapsedCallback)
    HAL_TIM_TriggerCallback                  0x080028e9   Thumb Code     2  stm32f4xx_hal_tim.o(i.HAL_TIM_TriggerCallback)
    HAL_UART_DMAStop                         0x080028eb   Thumb Code    88  stm32f4xx_hal_uart.o(i.HAL_UART_DMAStop)
    HAL_UART_ErrorCallback                   0x08002943   Thumb Code     2  stm32f4xx_hal_uart.o(i.HAL_UART_ErrorCallback)
    HAL_UART_IRQHandler                      0x08002945   Thumb Code   306  stm32f4xx_hal_uart.o(i.HAL_UART_IRQHandler)
    HAL_UART_Init                            0x08002a7d   Thumb Code   100  stm32f4xx_hal_uart.o(i.HAL_UART_Init)
    HAL_UART_MspInit                         0x08002ae1   Thumb Code  1298  usart.o(i.HAL_UART_MspInit)
    HAL_UART_Receive_DMA                     0x08003005   Thumb Code   150  stm32f4xx_hal_uart.o(i.HAL_UART_Receive_DMA)
    HAL_UART_RxCpltCallback                  0x080030a9   Thumb Code     2  stm32f4xx_hal_uart.o(i.HAL_UART_RxCpltCallback)
    HAL_UART_RxHalfCpltCallback              0x080030ab   Thumb Code     2  stm32f4xx_hal_uart.o(i.HAL_UART_RxHalfCpltCallback)
    HAL_UART_TxCpltCallback                  0x080030ad   Thumb Code     2  stm32f4xx_hal_uart.o(i.HAL_UART_TxCpltCallback)
    HardFault_Handler                        0x080030af   Thumb Code     2  stm32f4xx_it.o(i.HardFault_Handler)
    MX_CAN1_Init                             0x080030b1   Thumb Code    60  can.o(i.MX_CAN1_Init)
    MX_CAN2_Init                             0x080030f5   Thumb Code    60  can.o(i.MX_CAN2_Init)
    MX_DMA_Init                              0x08003139   Thumb Code   232  dma.o(i.MX_DMA_Init)
    MX_FREERTOS_Init                         0x08003225   Thumb Code   126  freertos.o(i.MX_FREERTOS_Init)
    MX_GPIO_Init                             0x080032ad   Thumb Code   254  gpio.o(i.MX_GPIO_Init)
    MX_TIM12_Init                            0x080033c1   Thumb Code    98  tim.o(i.MX_TIM12_Init)
    MX_TIM13_Init                            0x0800342d   Thumb Code    44  tim.o(i.MX_TIM13_Init)
    MX_TIM2_Init                             0x08003461   Thumb Code   106  tim.o(i.MX_TIM2_Init)
    MX_TIM3_Init                             0x080034d1   Thumb Code   124  tim.o(i.MX_TIM3_Init)
    MX_TIM4_Init                             0x08003555   Thumb Code   108  tim.o(i.MX_TIM4_Init)
    MX_UART4_Init                            0x080035c9   Thumb Code    48  usart.o(i.MX_UART4_Init)
    MX_UART5_Init                            0x08003601   Thumb Code    48  usart.o(i.MX_UART5_Init)
    MX_USART1_UART_Init                      0x08003639   Thumb Code    54  usart.o(i.MX_USART1_UART_Init)
    MX_USART2_UART_Init                      0x0800367d   Thumb Code    48  usart.o(i.MX_USART2_UART_Init)
    MX_USART3_UART_Init                      0x080036b5   Thumb Code    48  usart.o(i.MX_USART3_UART_Init)
    MX_USART6_UART_Init                      0x080036ed   Thumb Code    48  usart.o(i.MX_USART6_UART_Init)
    MemManage_Handler                        0x08003725   Thumb Code     2  stm32f4xx_it.o(i.MemManage_Handler)
    NMI_Handler                              0x08003727   Thumb Code     2  stm32f4xx_it.o(i.NMI_Handler)
    PID_struct_init                          0x08003729   Thumb Code    16  pid.o(i.PID_struct_init)
    PowerControl_Init                        0x08003741   Thumb Code    38  bsp_powerlimit.o(i.PowerControl_Init)
    Power_Control                            0x08003781   Thumb Code   108  bsp_powerlimit.o(i.Power_Control)
    Power_Data_Update                        0x08003801   Thumb Code   146  bsp_powerlimit.o(i.Power_Data_Update)
    Power_data_handler                       0x080038e5   Thumb Code   140  bsp_powerlimit.o(i.Power_data_handler)
    StartDefaultTask                         0x08003979   Thumb Code    12  freertos.o(i.StartDefaultTask)
    SuperCap_Control                         0x08003985   Thumb Code   140  bsp_powerlimit.o(i.SuperCap_Control)
    SuperCap_Mode_Update                     0x08003a1d   Thumb Code    84  bsp_powerlimit.o(i.SuperCap_Mode_Update)
    SysTick_Handler                          0x08003a89   Thumb Code    38  port.o(i.SysTick_Handler)
    SystemClock_Config                       0x08003ab5   Thumb Code   124  main.o(i.SystemClock_Config)
    SystemInit                               0x08003b39   Thumb Code    66  system_stm32f4xx.o(i.SystemInit)
    TIM1_UP_TIM10_IRQHandler                 0x08003b8d   Thumb Code     6  stm32f4xx_it.o(i.TIM1_UP_TIM10_IRQHandler)
    TIM_Base_SetConfig                       0x08003b99   Thumb Code   182  stm32f4xx_hal_tim.o(i.TIM_Base_SetConfig)
    TIM_OC2_SetConfig                        0x08003cd5   Thumb Code   112  stm32f4xx_hal_tim.o(i.TIM_OC2_SetConfig)
    UART4_IRQHandler                         0x08003e1d   Thumb Code    18  stm32f4xx_it.o(i.UART4_IRQHandler)
    UART5_IRQHandler                         0x08003e35   Thumb Code     6  stm32f4xx_it.o(i.UART5_IRQHandler)
    USART1_IRQHandler                        0x08004371   Thumb Code     6  stm32f4xx_it.o(i.USART1_IRQHandler)
    USART2_IRQHandler                        0x0800437d   Thumb Code    18  stm32f4xx_it.o(i.USART2_IRQHandler)
    USART3_IRQHandler                        0x08004395   Thumb Code    18  stm32f4xx_it.o(i.USART3_IRQHandler)
    USART6_IRQHandler                        0x080043ad   Thumb Code    18  stm32f4xx_it.o(i.USART6_IRQHandler)
    USER_UART_IDLECallback                   0x080043c5   Thumb Code    52  bsp_usart.o(i.USER_UART_IDLECallback)
    USER_UART_IRQHandler                     0x08004405   Thumb Code    38  bsp_usart.o(i.USER_UART_IRQHandler)
    USER_UART_Init                           0x0800442d   Thumb Code    32  bsp_usart.o(i.USER_UART_Init)
    UsageFault_Handler                       0x08004455   Thumb Code     2  stm32f4xx_it.o(i.UsageFault_Handler)
    __ARM_fpclassify                         0x08004457   Thumb Code    48  fpclassify.o(i.__ARM_fpclassify)
    __hardfp_atan                            0x08004489   Thumb Code   622  atan.o(i.__hardfp_atan)
    __hardfp_atan2                           0x08004761   Thumb Code   432  atan2.o(i.__hardfp_atan2)
    __hardfp_pow                             0x08004951   Thumb Code  3072  pow.o(i.__hardfp_pow)
    __hardfp_sqrt                            0x080055a1   Thumb Code   122  sqrt.o(i.__hardfp_sqrt)
    __kernel_poly                            0x0800561b   Thumb Code   248  poly.o(i.__kernel_poly)
    __mathlib_dbl_divzero                    0x08005719   Thumb Code    28  dunder.o(i.__mathlib_dbl_divzero)
    __mathlib_dbl_infnan                     0x08005749   Thumb Code    20  dunder.o(i.__mathlib_dbl_infnan)
    __mathlib_dbl_infnan2                    0x0800575d   Thumb Code    20  dunder.o(i.__mathlib_dbl_infnan2)
    __mathlib_dbl_invalid                    0x08005771   Thumb Code    24  dunder.o(i.__mathlib_dbl_invalid)
    __mathlib_dbl_overflow                   0x08005791   Thumb Code    24  dunder.o(i.__mathlib_dbl_overflow)
    __mathlib_dbl_underflow                  0x080057b1   Thumb Code    24  dunder.o(i.__mathlib_dbl_underflow)
    __scatterload_copy                       0x080057d1   Thumb Code    14  handlers.o(i.__scatterload_copy)
    __scatterload_null                       0x080057df   Thumb Code     2  handlers.o(i.__scatterload_null)
    __scatterload_zeroinit                   0x080057e1   Thumb Code    14  handlers.o(i.__scatterload_zeroinit)
    __set_errno                              0x080057f1   Thumb Code     6  errno.o(i.__set_errno)
    abs_limit                                0x080057fd   Thumb Code    48  math_calcu.o(i.abs_limit)
    atan                                     0x0800582d   Thumb Code    16  atan.o(i.atan)
    can1_send_message                        0x08005851   Thumb Code   110  bsp_can.o(i.can1_send_message)
    can1_send_supercap                       0x080058cd   Thumb Code    60  comm_task.o(i.can1_send_supercap)
    can2_send_message                        0x08005915   Thumb Code   110  bsp_can.o(i.can2_send_message)
    can_device_init                          0x08005991   Thumb Code   110  bsp_can.o(i.can_device_init)
    can_msg_send_task                        0x08005a09   Thumb Code   216  comm_task.o(i.can_msg_send_task)
    chassis_param_init                       0x08005af5   Thumb Code   194  chassis_task.o(i.chassis_param_init)
    chassis_pid_calcu                        0x08005be9   Thumb Code   268  chassis_task.o(i.chassis_pid_calcu)
    chassis_power_calcu                      0x08005d15   Thumb Code   102  chassis_task.o(i.chassis_power_calcu)
    chassis_spd_distribution                 0x08005d8d   Thumb Code   212  chassis_task.o(i.chassis_spd_distribution)
    chassis_task                             0x08005e71   Thumb Code   204  chassis_task.o(i.chassis_task)
    circle_error                             0x08005f59   Thumb Code    86  math_calcu.o(i.circle_error)
    data_limit                               0x08005fb5   Thumb Code    32  math_calcu.o(i.data_limit)
    encoder_data_handler                     0x08005fd5   Thumb Code    58  bsp_can.o(i.encoder_data_handler)
    fabs                                     0x0800600f   Thumb Code    24  fabs.o(i.fabs)
    judge_msg_get                            0x08006039   Thumb Code    24  comm_task.o(i.judge_msg_get)
    main                                     0x08006055   Thumb Code   144  main.o(i.main)
    mode_switch_task                         0x080060f5   Thumb Code    26  modeswitch_task.o(i.mode_switch_task)
    osDelay                                  0x08006115   Thumb Code    16  cmsis_os.o(i.osDelay)
    osDelayUntil                             0x08006125   Thumb Code    16  cmsis_os.o(i.osDelayUntil)
    osKernelStart                            0x08006135   Thumb Code    10  cmsis_os.o(i.osKernelStart)
    osKernelSysTick                          0x0800613f   Thumb Code    24  cmsis_os.o(i.osKernelSysTick)
    osSignalSet                              0x08006159   Thumb Code   100  cmsis_os.o(i.osSignalSet)
    osSignalWait                             0x080061c1   Thumb Code   102  cmsis_os.o(i.osSignalWait)
    osThreadCreate                           0x08006227   Thumb Code    92  cmsis_os.o(i.osThreadCreate)
    pid_calc                                 0x08006285   Thumb Code   490  pid.o(i.pid_calc)
    pvPortMalloc                             0x08006c5d   Thumb Code   218  heap_4.o(i.pvPortMalloc)
    pxPortInitialiseStack                    0x08006d41   Thumb Code    38  port.o(i.pxPortInitialiseStack)
    rc_callback_handler                      0x08006d6d   Thumb Code   180  remote_msg.o(i.rc_callback_handler)
    sqrt                                     0x08006e21   Thumb Code   110  sqrt.o(i.sqrt)
    status_task                              0x08006ed5   Thumb Code   362  status_task.o(i.status_task)
    steering_calc                            0x08007049   Thumb Code   802  chassis_task.o(i.steering_calc)
    sw1_mode_handler                         0x08007389   Thumb Code    32  modeswitch_task.o(i.sw1_mode_handler)
    sw2_mode_handler                         0x080073b1   Thumb Code     2  modeswitch_task.o(i.sw2_mode_handler)
    unlock_init                              0x080073b5   Thumb Code    42  modeswitch_task.o(i.unlock_init)
    uxListRemove                             0x080073e9   Thumb Code    38  list.o(i.uxListRemove)
    vApplicationGetIdleTaskMemory            0x08007411   Thumb Code    16  freertos.o(i.vApplicationGetIdleTaskMemory)
    vApplicationGetTimerTaskMemory           0x08007425   Thumb Code    18  freertos.o(i.vApplicationGetTimerTaskMemory)
    vListInitialise                          0x0800743d   Thumb Code    22  list.o(i.vListInitialise)
    vListInitialiseItem                      0x08007453   Thumb Code     6  list.o(i.vListInitialiseItem)
    vListInsert                              0x08007459   Thumb Code    54  list.o(i.vListInsert)
    vListInsertEnd                           0x0800748f   Thumb Code    24  list.o(i.vListInsertEnd)
    vPortEnterCritical                       0x080074a9   Thumb Code    54  port.o(i.vPortEnterCritical)
    vPortExitCritical                        0x080074e9   Thumb Code    38  port.o(i.vPortExitCritical)
    vPortFree                                0x08007515   Thumb Code    88  heap_4.o(i.vPortFree)
    vPortSetupTimerInterrupt                 0x08007571   Thumb Code    32  port.o(i.vPortSetupTimerInterrupt)
    vPortValidateInterruptPriority           0x08007595   Thumb Code    74  port.o(i.vPortValidateInterruptPriority)
    vQueueAddToRegistry                      0x080075e9   Thumb Code    34  queue.o(i.vQueueAddToRegistry)
    vQueueWaitForMessageRestricted           0x08007611   Thumb Code    74  queue.o(i.vQueueWaitForMessageRestricted)
    vTaskDelay                               0x0800765d   Thumb Code    70  tasks.o(i.vTaskDelay)
    vTaskDelayUntil                          0x080076ad   Thumb Code   146  tasks.o(i.vTaskDelayUntil)
    vTaskInternalSetTimeOutState             0x08007749   Thumb Code    12  tasks.o(i.vTaskInternalSetTimeOutState)
    vTaskMissedYield                         0x08007759   Thumb Code     8  tasks.o(i.vTaskMissedYield)
    vTaskPlaceOnEventList                    0x08007765   Thumb Code    48  tasks.o(i.vTaskPlaceOnEventList)
    vTaskPlaceOnEventListRestricted          0x08007799   Thumb Code    54  tasks.o(i.vTaskPlaceOnEventListRestricted)
    vTaskStartScheduler                      0x080077d5   Thumb Code   128  tasks.o(i.vTaskStartScheduler)
    vTaskSuspendAll                          0x08007865   Thumb Code    10  tasks.o(i.vTaskSuspendAll)
    vTaskSwitchContext                       0x08007875   Thumb Code    86  tasks.o(i.vTaskSwitchContext)
    wdg_user_set_bit                         0x080078d5   Thumb Code    10  status_task.o(i.wdg_user_set_bit)
    xPortStartScheduler                      0x080078e5   Thumb Code   232  port.o(i.xPortStartScheduler)
    xQueueGenericCreateStatic                0x080079e9   Thumb Code   112  queue.o(i.xQueueGenericCreateStatic)
    xQueueGenericReset                       0x08007a59   Thumb Code   138  queue.o(i.xQueueGenericReset)
    xQueueGenericSend                        0x08007ae9   Thumb Code   362  queue.o(i.xQueueGenericSend)
    xQueueGenericSendFromISR                 0x08007c59   Thumb Code   188  queue.o(i.xQueueGenericSendFromISR)
    xQueueReceive                            0x08007d15   Thumb Code   322  queue.o(i.xQueueReceive)
    xTaskCheckForTimeOut                     0x08007e5d   Thumb Code   122  tasks.o(i.xTaskCheckForTimeOut)
    xTaskCreate                              0x08007edd   Thumb Code   108  tasks.o(i.xTaskCreate)
    xTaskCreateStatic                        0x08007f49   Thumb Code    96  tasks.o(i.xTaskCreateStatic)
    xTaskGenericNotify                       0x08007fa9   Thumb Code   196  tasks.o(i.xTaskGenericNotify)
    xTaskGenericNotifyFromISR                0x08008079   Thumb Code   238  tasks.o(i.xTaskGenericNotifyFromISR)
    xTaskGetSchedulerState                   0x08008175   Thumb Code    24  tasks.o(i.xTaskGetSchedulerState)
    xTaskGetTickCount                        0x08008191   Thumb Code     6  tasks.o(i.xTaskGetTickCount)
    xTaskGetTickCountFromISR                 0x0800819d   Thumb Code    12  tasks.o(i.xTaskGetTickCountFromISR)
    xTaskIncrementTick                       0x080081ad   Thumb Code   200  tasks.o(i.xTaskIncrementTick)
    xTaskNotifyWait                          0x0800827d   Thumb Code   136  tasks.o(i.xTaskNotifyWait)
    xTaskPriorityDisinherit                  0x0800830d   Thumb Code   146  tasks.o(i.xTaskPriorityDisinherit)
    xTaskRemoveFromEventList                 0x080083a9   Thumb Code   108  tasks.o(i.xTaskRemoveFromEventList)
    xTaskResumeAll                           0x08008421   Thumb Code   190  tasks.o(i.xTaskResumeAll)
    xTimerCreateTimerTask                    0x080084ed   Thumb Code    86  timers.o(i.xTimerCreateTimerTask)
    xTimerGenericCommand                     0x08008555   Thumb Code   112  timers.o(i.xTimerGenericCommand)
    AHBPrescTable                            0x08008654   Data          16  system_stm32f4xx.o(.constdata)
    APBPrescTable                            0x08008664   Data           8  system_stm32f4xx.o(.constdata)
    __mathlib_zero                           0x08008798   Data           8  qnan.o(.constdata)
    Region$$Table$$Base                      0x080087d8   Number         0  anon$$obj.o(Region$$Table)
    Region$$Table$$Limit                     0x080087f8   Number         0  anon$$obj.o(Region$$Table)
    can_msg_send_task_t                      0x20000000   Data           4  freertos.o(.data)
    chassis_task_t                           0x20000004   Data           4  freertos.o(.data)
    mode_sw_task_t                           0x20000008   Data           4  freertos.o(.data)
    status_task_t                            0x2000000c   Data           4  freertos.o(.data)
    defaultTaskHandle                        0x20000010   Data           4  freertos.o(.data)
    SystemCoreClock                          0x20000018   Data           4  system_stm32f4xx.o(.data)
    CAN1_Rx_data                             0x20000028   Data           8  bsp_can.o(.data)
    CAN1_Tx_data                             0x20000030   Data           8  bsp_can.o(.data)
    CAN2_Rx_data                             0x20000038   Data           8  bsp_can.o(.data)
    CAN2_Tx_data                             0x20000040   Data           8  bsp_can.o(.data)
    test_power_kp_3508                       0x2000004c   Data           4  chassis_task.o(.data)
    test_power_kp_6020                       0x20000050   Data           4  chassis_task.o(.data)
    test_power_static_power                  0x20000054   Data           4  chassis_task.o(.data)
    chassis_power_user                       0x20000058   Data           4  chassis_task.o(.data)
    chassis_power_judge                      0x2000005c   Data           4  chassis_task.o(.data)
    lock_flag                                0x20000060   Data           1  modeswitch_task.o(.data)
    ctrl_mode                                0x20000061   Data           1  modeswitch_task.o(.data)
    status                                   0x20000068   Data           2  status_task.o(.data)
    lost_flag                                0x2000006c   Data           4  status_task.o(.data)
    s                                        0x20000070   Data           4  status_task.o(.data)
    send_time                                0x20000074   Data           4  comm_task.o(.data)
    chassis_rec_msg                          0x20000078   Data           8  comm_task.o(.data)
    uwTickFreq                               0x20000080   Data           1  stm32f4xx_hal.o(.data)
    uwTickPrio                               0x20000084   Data           4  stm32f4xx_hal.o(.data)
    uwTick                                   0x20000088   Data           4  stm32f4xx_hal.o(.data)
    pxCurrentTCB                             0x2000008c   Data           4  tasks.o(.data)
    hcan1                                    0x200007ac   Data          40  can.o(.bss)
    hcan2                                    0x200007d4   Data          40  can.o(.bss)
    htim2                                    0x200007fc   Data          64  tim.o(.bss)
    htim3                                    0x2000083c   Data          64  tim.o(.bss)
    htim4                                    0x2000087c   Data          64  tim.o(.bss)
    htim12                                   0x200008bc   Data          64  tim.o(.bss)
    htim13                                   0x200008fc   Data          64  tim.o(.bss)
    huart4                                   0x2000093c   Data          64  usart.o(.bss)
    huart5                                   0x2000097c   Data          64  usart.o(.bss)
    huart1                                   0x200009bc   Data          64  usart.o(.bss)
    huart2                                   0x200009fc   Data          64  usart.o(.bss)
    huart3                                   0x20000a3c   Data          64  usart.o(.bss)
    huart6                                   0x20000a7c   Data          64  usart.o(.bss)
    hdma_uart4_rx                            0x20000abc   Data          96  usart.o(.bss)
    hdma_uart4_tx                            0x20000b1c   Data          96  usart.o(.bss)
    hdma_uart5_rx                            0x20000b7c   Data          96  usart.o(.bss)
    hdma_uart5_tx                            0x20000bdc   Data          96  usart.o(.bss)
    hdma_usart1_rx                           0x20000c3c   Data          96  usart.o(.bss)
    hdma_usart1_tx                           0x20000c9c   Data          96  usart.o(.bss)
    hdma_usart2_rx                           0x20000cfc   Data          96  usart.o(.bss)
    hdma_usart2_tx                           0x20000d5c   Data          96  usart.o(.bss)
    hdma_usart3_rx                           0x20000dbc   Data          96  usart.o(.bss)
    hdma_usart3_tx                           0x20000e1c   Data          96  usart.o(.bss)
    hdma_usart6_rx                           0x20000e7c   Data          96  usart.o(.bss)
    hdma_usart6_tx                           0x20000edc   Data          96  usart.o(.bss)
    htim10                                   0x20000f3c   Data          64  stm32f4xx_hal_timebase_tim.o(.bss)
    moto_msg                                 0x20000f7c   Data         192  bsp_can.o(.bss)
    Tx1Message                               0x2000103c   Data          24  bsp_can.o(.bss)
    Rx1Message                               0x20001054   Data          28  bsp_can.o(.bss)
    Tx2Message                               0x20001070   Data          24  bsp_can.o(.bss)
    Rx2Message                               0x20001088   Data          28  bsp_can.o(.bss)
    powercontrol                             0x200010a4   Data          44  bsp_powerlimit.o(.bss)
    supercap                                 0x200010d0   Data          24  bsp_powerlimit.o(.bss)
    dma_dbus_buf                             0x200010e8   Data          18  bsp_usart.o(.bss)
    chassis                                  0x200010fc   Data         260  chassis_task.o(.bss)
    motor_cur                                0x20001200   Data          16  comm_task.o(.bss)
    pid_chassis_3508_spd                     0x20001210   Data         432  pid.o(.bss)
    pid_chassis_6020_ecd                     0x200013c0   Data         432  pid.o(.bss)
    pid_chassis_6020_spd                     0x20001570   Data         432  pid.o(.bss)
    rc                                       0x20001720   Data          22  remote_msg.o(.bss)
    xQueueRegistry                           0x20001738   Data          64  queue.o(.bss)
    __initial_sp                             0x20005b50   Data           0  startup_stm32f407xx.o(STACK)



==============================================================================

Memory Map of the image

  Image Entry point : 0x08000189

  Load Region LR_IROM1 (Base: 0x08000000, Size: 0x000088fc, Max: 0x00080000, ABSOLUTE)

    Execution Region ER_IROM1 (Exec base: 0x08000000, Load base: 0x08000000, Size: 0x000087f8, Max: 0x00080000, ABSOLUTE)

    Exec Addr    Load Addr    Size         Type   Attr      Idx    E Section Name        Object

    0x08000000   0x08000000   0x00000188   Data   RO            3    RESET               startup_stm32f407xx.o
    0x08000188   0x08000188   0x00000000   Code   RO         5725  * .ARM.Collect$$$$00000000  mc_w.l(entry.o)
    0x08000188   0x08000188   0x00000004   Code   RO         5817    .ARM.Collect$$$$00000001  mc_w.l(entry2.o)
    0x0800018c   0x0800018c   0x00000004   Code   RO         5820    .ARM.Collect$$$$00000004  mc_w.l(entry5.o)
    0x08000190   0x08000190   0x00000000   Code   RO         5822    .ARM.Collect$$$$00000008  mc_w.l(entry7b.o)
    0x08000190   0x08000190   0x00000000   Code   RO         5824    .ARM.Collect$$$$0000000A  mc_w.l(entry8b.o)
    0x08000190   0x08000190   0x00000008   Code   RO         5825    .ARM.Collect$$$$0000000B  mc_w.l(entry9a.o)
    0x08000198   0x08000198   0x00000000   Code   RO         5827    .ARM.Collect$$$$0000000D  mc_w.l(entry10a.o)
    0x08000198   0x08000198   0x00000000   Code   RO         5829    .ARM.Collect$$$$0000000F  mc_w.l(entry11a.o)
    0x08000198   0x08000198   0x00000004   Code   RO         5818    .ARM.Collect$$$$00002712  mc_w.l(entry2.o)
    0x0800019c   0x0800019c   0x000000be   Code   RO         5610    .emb_text           port.o
    0x0800025a   0x0800025a   0x00000002   PAD
    0x0800025c   0x0800025c   0x00000024   Code   RO            4    .text               startup_stm32f407xx.o
    0x08000280   0x08000280   0x00000062   Code   RO         5728    .text               mc_w.l(uldiv.o)
    0x080002e2   0x080002e2   0x00000024   Code   RO         5730    .text               mc_w.l(memcpya.o)
    0x08000306   0x08000306   0x00000024   Code   RO         5734    .text               mc_w.l(memseta.o)
    0x0800032a   0x0800032a   0x0000014e   Code   RO         5768    .text               mf_w.l(dadd.o)
    0x08000478   0x08000478   0x000000e4   Code   RO         5770    .text               mf_w.l(dmul.o)
    0x0800055c   0x0800055c   0x0000003e   Code   RO         5774    .text               mf_w.l(dfixi.o)
    0x0800059a   0x0800059a   0x00000026   Code   RO         5776    .text               mf_w.l(f2d.o)
    0x080005c0   0x080005c0   0x0000001e   Code   RO         5831    .text               mc_w.l(llshl.o)
    0x080005de   0x080005de   0x00000020   Code   RO         5833    .text               mc_w.l(llushr.o)
    0x080005fe   0x080005fe   0x00000024   Code   RO         5835    .text               mc_w.l(llsshr.o)
    0x08000622   0x08000622   0x00000000   Code   RO         5846    .text               mc_w.l(iusefp.o)
    0x08000622   0x08000622   0x000000ba   Code   RO         5847    .text               mf_w.l(depilogue.o)
    0x080006dc   0x080006dc   0x000000de   Code   RO         5849    .text               mf_w.l(ddiv.o)
    0x080007ba   0x080007ba   0x0000002e   Code   RO         5851    .text               mf_w.l(dscalb.o)
    0x080007e8   0x080007e8   0x000000a2   Code   RO         5853    .text               mf_w.l(dsqrt.o)
    0x0800088a   0x0800088a   0x00000022   Code   RO         5855    .text               mf_w.l(dflti.o)
    0x080008ac   0x080008ac   0x00000030   Code   RO         5859    .text               mf_w.l(cdrcmple.o)
    0x080008dc   0x080008dc   0x00000024   Code   RO         5861    .text               mc_w.l(init.o)
    0x08000900   0x08000900   0x00000002   Code   RO          553    i.BusFault_Handler  stm32f4xx_it.o
    0x08000902   0x08000902   0x00000002   PAD
    0x08000904   0x08000904   0x0000000c   Code   RO          554    i.CAN1_RX0_IRQHandler  stm32f4xx_it.o
    0x08000910   0x08000910   0x0000000c   Code   RO          555    i.CAN1_RX1_IRQHandler  stm32f4xx_it.o
    0x0800091c   0x0800091c   0x0000000c   Code   RO          556    i.CAN1_SCE_IRQHandler  stm32f4xx_it.o
    0x08000928   0x08000928   0x0000000c   Code   RO          557    i.CAN1_TX_IRQHandler  stm32f4xx_it.o
    0x08000934   0x08000934   0x0000000c   Code   RO          558    i.CAN2_RX0_IRQHandler  stm32f4xx_it.o
    0x08000940   0x08000940   0x0000000c   Code   RO          559    i.CAN2_RX1_IRQHandler  stm32f4xx_it.o
    0x0800094c   0x0800094c   0x0000000c   Code   RO          560    i.CAN2_SCE_IRQHandler  stm32f4xx_it.o
    0x08000958   0x08000958   0x0000000c   Code   RO          561    i.CAN2_TX_IRQHandler  stm32f4xx_it.o
    0x08000964   0x08000964   0x0000000c   Code   RO          562    i.DMA1_Stream0_IRQHandler  stm32f4xx_it.o
    0x08000970   0x08000970   0x0000000c   Code   RO          563    i.DMA1_Stream1_IRQHandler  stm32f4xx_it.o
    0x0800097c   0x0800097c   0x0000000c   Code   RO          564    i.DMA1_Stream2_IRQHandler  stm32f4xx_it.o
    0x08000988   0x08000988   0x0000000c   Code   RO          565    i.DMA1_Stream3_IRQHandler  stm32f4xx_it.o
    0x08000994   0x08000994   0x0000000c   Code   RO          566    i.DMA1_Stream4_IRQHandler  stm32f4xx_it.o
    0x080009a0   0x080009a0   0x0000000c   Code   RO          567    i.DMA1_Stream5_IRQHandler  stm32f4xx_it.o
    0x080009ac   0x080009ac   0x0000000c   Code   RO          568    i.DMA1_Stream6_IRQHandler  stm32f4xx_it.o
    0x080009b8   0x080009b8   0x0000000c   Code   RO          569    i.DMA1_Stream7_IRQHandler  stm32f4xx_it.o
    0x080009c4   0x080009c4   0x0000000c   Code   RO          570    i.DMA2_Stream1_IRQHandler  stm32f4xx_it.o
    0x080009d0   0x080009d0   0x0000000c   Code   RO          571    i.DMA2_Stream2_IRQHandler  stm32f4xx_it.o
    0x080009dc   0x080009dc   0x0000000c   Code   RO          572    i.DMA2_Stream6_IRQHandler  stm32f4xx_it.o
    0x080009e8   0x080009e8   0x0000000c   Code   RO          573    i.DMA2_Stream7_IRQHandler  stm32f4xx_it.o
    0x080009f4   0x080009f4   0x00000034   Code   RO         2339    i.DMA_CalcBaseAndBitshift  stm32f4xx_hal_dma.o
    0x08000a28   0x08000a28   0x0000007e   Code   RO         2340    i.DMA_CheckFifoParam  stm32f4xx_hal_dma.o
    0x08000aa6   0x08000aa6   0x00000038   Code   RO         2341    i.DMA_SetConfig     stm32f4xx_hal_dma.o
    0x08000ade   0x08000ade   0x00000002   Code   RO          574    i.DebugMon_Handler  stm32f4xx_it.o
    0x08000ae0   0x08000ae0   0x00000002   Code   RO           13    i.Error_Handler     main.o
    0x08000ae2   0x08000ae2   0x00000024   Code   RO         1602    i.HAL_CAN_ActivateNotification  stm32f4xx_hal_can.o
    0x08000b06   0x08000b06   0x00000104   Code   RO         1603    i.HAL_CAN_AddTxMessage  stm32f4xx_hal_can.o
    0x08000c0a   0x08000c0a   0x00000002   PAD
    0x08000c0c   0x08000c0c   0x00000128   Code   RO         1604    i.HAL_CAN_ConfigFilter  stm32f4xx_hal_can.o
    0x08000d34   0x08000d34   0x00000002   Code   RO         1607    i.HAL_CAN_ErrorCallback  stm32f4xx_hal_can.o
    0x08000d36   0x08000d36   0x0000016c   Code   RO         1610    i.HAL_CAN_GetRxMessage  stm32f4xx_hal_can.o
    0x08000ea2   0x08000ea2   0x00000032   Code   RO         1612    i.HAL_CAN_GetTxMailboxesFreeLevel  stm32f4xx_hal_can.o
    0x08000ed4   0x08000ed4   0x00000234   Code   RO         1614    i.HAL_CAN_IRQHandler  stm32f4xx_hal_can.o
    0x08001108   0x08001108   0x00000168   Code   RO         1615    i.HAL_CAN_Init      stm32f4xx_hal_can.o
    0x08001270   0x08001270   0x0000015c   Code   RO          325    i.HAL_CAN_MspInit   can.o
    0x080013cc   0x080013cc   0x00000002   Code   RO         1622    i.HAL_CAN_RxFifo0FullCallback  stm32f4xx_hal_can.o
    0x080013ce   0x080013ce   0x00000002   PAD
    0x080013d0   0x080013d0   0x00000138   Code   RO          874    i.HAL_CAN_RxFifo0MsgPendingCallback  bsp_can.o
    0x08001508   0x08001508   0x00000002   Code   RO         1624    i.HAL_CAN_RxFifo1FullCallback  stm32f4xx_hal_can.o
    0x0800150a   0x0800150a   0x00000002   Code   RO         1625    i.HAL_CAN_RxFifo1MsgPendingCallback  stm32f4xx_hal_can.o
    0x0800150c   0x0800150c   0x00000002   Code   RO         1626    i.HAL_CAN_SleepCallback  stm32f4xx_hal_can.o
    0x0800150e   0x0800150e   0x00000064   Code   RO         1627    i.HAL_CAN_Start     stm32f4xx_hal_can.o
    0x08001572   0x08001572   0x00000002   Code   RO         1629    i.HAL_CAN_TxMailbox0AbortCallback  stm32f4xx_hal_can.o
    0x08001574   0x08001574   0x00000002   Code   RO         1630    i.HAL_CAN_TxMailbox0CompleteCallback  stm32f4xx_hal_can.o
    0x08001576   0x08001576   0x00000002   Code   RO         1631    i.HAL_CAN_TxMailbox1AbortCallback  stm32f4xx_hal_can.o
    0x08001578   0x08001578   0x00000002   Code   RO         1632    i.HAL_CAN_TxMailbox1CompleteCallback  stm32f4xx_hal_can.o
    0x0800157a   0x0800157a   0x00000002   Code   RO         1633    i.HAL_CAN_TxMailbox2AbortCallback  stm32f4xx_hal_can.o
    0x0800157c   0x0800157c   0x00000002   Code   RO         1634    i.HAL_CAN_TxMailbox2CompleteCallback  stm32f4xx_hal_can.o
    0x0800157e   0x0800157e   0x00000002   Code   RO         1636    i.HAL_CAN_WakeUpFromRxMsgCallback  stm32f4xx_hal_can.o
    0x08001580   0x08001580   0x000000a2   Code   RO         2342    i.HAL_DMA_Abort     stm32f4xx_hal_dma.o
    0x08001622   0x08001622   0x00000024   Code   RO         2343    i.HAL_DMA_Abort_IT  stm32f4xx_hal_dma.o
    0x08001646   0x08001646   0x00000002   PAD
    0x08001648   0x08001648   0x000001ec   Code   RO         2347    i.HAL_DMA_IRQHandler  stm32f4xx_hal_dma.o
    0x08001834   0x08001834   0x000000ec   Code   RO         2348    i.HAL_DMA_Init      stm32f4xx_hal_dma.o
    0x08001920   0x08001920   0x0000007a   Code   RO         2352    i.HAL_DMA_Start_IT  stm32f4xx_hal_dma.o
    0x0800199a   0x0800199a   0x00000002   PAD
    0x0800199c   0x0800199c   0x00000028   Code   RO         2756    i.HAL_Delay         stm32f4xx_hal.o
    0x080019c4   0x080019c4   0x0000021c   Code   RO         2235    i.HAL_GPIO_Init     stm32f4xx_hal_gpio.o
    0x08001be0   0x08001be0   0x0000000e   Code   RO         2239    i.HAL_GPIO_WritePin  stm32f4xx_hal_gpio.o
    0x08001bee   0x08001bee   0x00000002   PAD
    0x08001bf0   0x08001bf0   0x0000000c   Code   RO         2762    i.HAL_GetTick       stm32f4xx_hal.o
    0x08001bfc   0x08001bfc   0x00000010   Code   RO         2768    i.HAL_IncTick       stm32f4xx_hal.o
    0x08001c0c   0x08001c0c   0x00000034   Code   RO         2769    i.HAL_Init          stm32f4xx_hal.o
    0x08001c40   0x08001c40   0x00000074   Code   RO          797    i.HAL_InitTick      stm32f4xx_hal_timebase_tim.o
    0x08001cb4   0x08001cb4   0x00000038   Code   RO          773    i.HAL_MspInit       stm32f4xx_hal_msp.o
    0x08001cec   0x08001cec   0x0000001c   Code   RO         2624    i.HAL_NVIC_EnableIRQ  stm32f4xx_hal_cortex.o
    0x08001d08   0x08001d08   0x00000068   Code   RO         2630    i.HAL_NVIC_SetPriority  stm32f4xx_hal_cortex.o
    0x08001d70   0x08001d70   0x00000024   Code   RO         2631    i.HAL_NVIC_SetPriorityGrouping  stm32f4xx_hal_cortex.o
    0x08001d94   0x08001d94   0x00000174   Code   RO         1836    i.HAL_RCC_ClockConfig  stm32f4xx_hal_rcc.o
    0x08001f08   0x08001f08   0x0000003c   Code   RO         1840    i.HAL_RCC_GetClockConfig  stm32f4xx_hal_rcc.o
    0x08001f44   0x08001f44   0x0000000c   Code   RO         1841    i.HAL_RCC_GetHCLKFreq  stm32f4xx_hal_rcc.o
    0x08001f50   0x08001f50   0x00000020   Code   RO         1843    i.HAL_RCC_GetPCLK1Freq  stm32f4xx_hal_rcc.o
    0x08001f70   0x08001f70   0x00000020   Code   RO         1844    i.HAL_RCC_GetPCLK2Freq  stm32f4xx_hal_rcc.o
    0x08001f90   0x08001f90   0x00000064   Code   RO         1845    i.HAL_RCC_GetSysClockFreq  stm32f4xx_hal_rcc.o
    0x08001ff4   0x08001ff4   0x00000436   Code   RO         1848    i.HAL_RCC_OscConfig  stm32f4xx_hal_rcc.o
    0x0800242a   0x0800242a   0x00000002   Code   RO         3692    i.HAL_TIMEx_BreakCallback  stm32f4xx_hal_tim_ex.o
    0x0800242c   0x0800242c   0x00000002   Code   RO         3693    i.HAL_TIMEx_CommutCallback  stm32f4xx_hal_tim_ex.o
    0x0800242e   0x0800242e   0x0000004e   Code   RO         3710    i.HAL_TIMEx_MasterConfigSynchronization  stm32f4xx_hal_tim_ex.o
    0x0800247c   0x0800247c   0x00000038   Code   RO         3006    i.HAL_TIM_Base_Init  stm32f4xx_hal_tim.o
    0x080024b4   0x080024b4   0x00000028   Code   RO          398    i.HAL_TIM_Base_MspInit  tim.o
    0x080024dc   0x080024dc   0x00000022   Code   RO         3011    i.HAL_TIM_Base_Start_IT  stm32f4xx_hal_tim.o
    0x080024fe   0x080024fe   0x00000002   Code   RO         3035    i.HAL_TIM_IC_CaptureCallback  stm32f4xx_hal_tim.o
    0x08002500   0x08002500   0x00000174   Code   RO         3049    i.HAL_TIM_IRQHandler  stm32f4xx_hal_tim.o
    0x08002674   0x08002674   0x000000d4   Code   RO          399    i.HAL_TIM_MspPostInit  tim.o
    0x08002748   0x08002748   0x00000002   Code   RO         3052    i.HAL_TIM_OC_DelayElapsedCallback  stm32f4xx_hal_tim.o
    0x0800274a   0x0800274a   0x000000dc   Code   RO         3073    i.HAL_TIM_PWM_ConfigChannel  stm32f4xx_hal_tim.o
    0x08002826   0x08002826   0x00000038   Code   RO         3076    i.HAL_TIM_PWM_Init  stm32f4xx_hal_tim.o
    0x0800285e   0x0800285e   0x00000002   PAD
    0x08002860   0x08002860   0x00000070   Code   RO          401    i.HAL_TIM_PWM_MspInit  tim.o
    0x080028d0   0x080028d0   0x00000002   Code   RO         3079    i.HAL_TIM_PWM_PulseFinishedCallback  stm32f4xx_hal_tim.o
    0x080028d2   0x080028d2   0x00000002   PAD
    0x080028d4   0x080028d4   0x00000014   Code   RO           14    i.HAL_TIM_PeriodElapsedCallback  main.o
    0x080028e8   0x080028e8   0x00000002   Code   RO         3092    i.HAL_TIM_TriggerCallback  stm32f4xx_hal_tim.o
    0x080028ea   0x080028ea   0x00000058   Code   RO         3962    i.HAL_UART_DMAStop  stm32f4xx_hal_uart.o
    0x08002942   0x08002942   0x00000002   Code   RO         3964    i.HAL_UART_ErrorCallback  stm32f4xx_hal_uart.o
    0x08002944   0x08002944   0x00000138   Code   RO         3967    i.HAL_UART_IRQHandler  stm32f4xx_hal_uart.o
    0x08002a7c   0x08002a7c   0x00000064   Code   RO         3968    i.HAL_UART_Init     stm32f4xx_hal_uart.o
    0x08002ae0   0x08002ae0   0x00000524   Code   RO          482    i.HAL_UART_MspInit  usart.o
    0x08003004   0x08003004   0x000000a4   Code   RO         3972    i.HAL_UART_Receive_DMA  stm32f4xx_hal_uart.o
    0x080030a8   0x080030a8   0x00000002   Code   RO         3974    i.HAL_UART_RxCpltCallback  stm32f4xx_hal_uart.o
    0x080030aa   0x080030aa   0x00000002   Code   RO         3975    i.HAL_UART_RxHalfCpltCallback  stm32f4xx_hal_uart.o
    0x080030ac   0x080030ac   0x00000002   Code   RO         3979    i.HAL_UART_TxCpltCallback  stm32f4xx_hal_uart.o
    0x080030ae   0x080030ae   0x00000002   Code   RO          575    i.HardFault_Handler  stm32f4xx_it.o
    0x080030b0   0x080030b0   0x00000044   Code   RO          326    i.MX_CAN1_Init      can.o
    0x080030f4   0x080030f4   0x00000044   Code   RO          327    i.MX_CAN2_Init      can.o
    0x08003138   0x08003138   0x000000ec   Code   RO          373    i.MX_DMA_Init       dma.o
    0x08003224   0x08003224   0x00000088   Code   RO          256    i.MX_FREERTOS_Init  freertos.o
    0x080032ac   0x080032ac   0x00000114   Code   RO          232    i.MX_GPIO_Init      gpio.o
    0x080033c0   0x080033c0   0x0000006c   Code   RO          402    i.MX_TIM12_Init     tim.o
    0x0800342c   0x0800342c   0x00000034   Code   RO          403    i.MX_TIM13_Init     tim.o
    0x08003460   0x08003460   0x00000070   Code   RO          404    i.MX_TIM2_Init      tim.o
    0x080034d0   0x080034d0   0x00000084   Code   RO          405    i.MX_TIM3_Init      tim.o
    0x08003554   0x08003554   0x00000074   Code   RO          406    i.MX_TIM4_Init      tim.o
    0x080035c8   0x080035c8   0x00000038   Code   RO          483    i.MX_UART4_Init     usart.o
    0x08003600   0x08003600   0x00000038   Code   RO          484    i.MX_UART5_Init     usart.o
    0x08003638   0x08003638   0x00000044   Code   RO          485    i.MX_USART1_UART_Init  usart.o
    0x0800367c   0x0800367c   0x00000038   Code   RO          486    i.MX_USART2_UART_Init  usart.o
    0x080036b4   0x080036b4   0x00000038   Code   RO          487    i.MX_USART3_UART_Init  usart.o
    0x080036ec   0x080036ec   0x00000038   Code   RO          488    i.MX_USART6_UART_Init  usart.o
    0x08003724   0x08003724   0x00000002   Code   RO          576    i.MemManage_Handler  stm32f4xx_it.o
    0x08003726   0x08003726   0x00000002   Code   RO          577    i.NMI_Handler       stm32f4xx_it.o
    0x08003728   0x08003728   0x00000018   Code   RO         1340    i.PID_struct_init   pid.o
    0x08003740   0x08003740   0x00000040   Code   RO          946    i.PowerControl_Init  bsp_powerlimit.o
    0x08003780   0x08003780   0x00000080   Code   RO          947    i.Power_Control     bsp_powerlimit.o
    0x08003800   0x08003800   0x000000e4   Code   RO          948    i.Power_Data_Update  bsp_powerlimit.o
    0x080038e4   0x080038e4   0x00000094   Code   RO          949    i.Power_data_handler  bsp_powerlimit.o
    0x08003978   0x08003978   0x0000000c   Code   RO          257    i.StartDefaultTask  freertos.o
    0x08003984   0x08003984   0x00000098   Code   RO          950    i.SuperCap_Control  bsp_powerlimit.o
    0x08003a1c   0x08003a1c   0x0000006c   Code   RO          951    i.SuperCap_Mode_Update  bsp_powerlimit.o
    0x08003a88   0x08003a88   0x0000002c   Code   RO         5611    i.SysTick_Handler   port.o
    0x08003ab4   0x08003ab4   0x00000084   Code   RO           15    i.SystemClock_Config  main.o
    0x08003b38   0x08003b38   0x00000054   Code   RO          837    i.SystemInit        system_stm32f4xx.o
    0x08003b8c   0x08003b8c   0x0000000c   Code   RO          578    i.TIM1_UP_TIM10_IRQHandler  stm32f4xx_it.o
    0x08003b98   0x08003b98   0x000000cc   Code   RO         3094    i.TIM_Base_SetConfig  stm32f4xx_hal_tim.o
    0x08003c64   0x08003c64   0x00000070   Code   RO         3107    i.TIM_OC1_SetConfig  stm32f4xx_hal_tim.o
    0x08003cd4   0x08003cd4   0x00000078   Code   RO         3108    i.TIM_OC2_SetConfig  stm32f4xx_hal_tim.o
    0x08003d4c   0x08003d4c   0x00000078   Code   RO         3109    i.TIM_OC3_SetConfig  stm32f4xx_hal_tim.o
    0x08003dc4   0x08003dc4   0x00000058   Code   RO         3110    i.TIM_OC4_SetConfig  stm32f4xx_hal_tim.o
    0x08003e1c   0x08003e1c   0x00000018   Code   RO          579    i.UART4_IRQHandler  stm32f4xx_it.o
    0x08003e34   0x08003e34   0x0000000c   Code   RO          580    i.UART5_IRQHandler  stm32f4xx_it.o
    0x08003e40   0x08003e40   0x00000010   Code   RO         3981    i.UART_DMAAbortOnError  stm32f4xx_hal_uart.o
    0x08003e50   0x08003e50   0x0000004a   Code   RO         3982    i.UART_DMAError     stm32f4xx_hal_uart.o
    0x08003e9a   0x08003e9a   0x0000003e   Code   RO         3983    i.UART_DMAReceiveCplt  stm32f4xx_hal_uart.o
    0x08003ed8   0x08003ed8   0x0000000a   Code   RO         3985    i.UART_DMARxHalfCplt  stm32f4xx_hal_uart.o
    0x08003ee2   0x08003ee2   0x0000001c   Code   RO         3991    i.UART_EndRxTransfer  stm32f4xx_hal_uart.o
    0x08003efe   0x08003efe   0x0000001a   Code   RO         3992    i.UART_EndTransmit_IT  stm32f4xx_hal_uart.o
    0x08003f18   0x08003f18   0x00000012   Code   RO         3993    i.UART_EndTxTransfer  stm32f4xx_hal_uart.o
    0x08003f2a   0x08003f2a   0x0000009c   Code   RO         3994    i.UART_Receive_IT   stm32f4xx_hal_uart.o
    0x08003fc6   0x08003fc6   0x00000002   PAD
    0x08003fc8   0x08003fc8   0x00000340   Code   RO         3995    i.UART_SetConfig    stm32f4xx_hal_uart.o
    0x08004308   0x08004308   0x00000066   Code   RO         3996    i.UART_Transmit_IT  stm32f4xx_hal_uart.o
    0x0800436e   0x0800436e   0x00000002   PAD
    0x08004370   0x08004370   0x0000000c   Code   RO          581    i.USART1_IRQHandler  stm32f4xx_it.o
    0x0800437c   0x0800437c   0x00000018   Code   RO          582    i.USART2_IRQHandler  stm32f4xx_it.o
    0x08004394   0x08004394   0x00000018   Code   RO          583    i.USART3_IRQHandler  stm32f4xx_it.o
    0x080043ac   0x080043ac   0x00000018   Code   RO          584    i.USART6_IRQHandler  stm32f4xx_it.o
    0x080043c4   0x080043c4   0x00000040   Code   RO         1016    i.USER_UART_IDLECallback  bsp_usart.o
    0x08004404   0x08004404   0x00000026   Code   RO         1017    i.USER_UART_IRQHandler  bsp_usart.o
    0x0800442a   0x0800442a   0x00000002   PAD
    0x0800442c   0x0800442c   0x00000028   Code   RO         1018    i.USER_UART_Init    bsp_usart.o
    0x08004454   0x08004454   0x00000002   Code   RO          585    i.UsageFault_Handler  stm32f4xx_it.o
    0x08004456   0x08004456   0x00000030   Code   RO         5812    i.__ARM_fpclassify  m_wm.l(fpclassify.o)
    0x08004486   0x08004486   0x00000002   PAD
    0x08004488   0x08004488   0x000002d8   Code   RO         5778    i.__hardfp_atan     m_wm.l(atan.o)
    0x08004760   0x08004760   0x000001f0   Code   RO         5687    i.__hardfp_atan2    m_wm.l(atan2.o)
    0x08004950   0x08004950   0x00000c50   Code   RO         5699    i.__hardfp_pow      m_wm.l(pow.o)
    0x080055a0   0x080055a0   0x0000007a   Code   RO         5713    i.__hardfp_sqrt     m_wm.l(sqrt.o)
    0x0800561a   0x0800561a   0x000000f8   Code   RO         5814    i.__kernel_poly     m_wm.l(poly.o)
    0x08005712   0x08005712   0x00000006   PAD
    0x08005718   0x08005718   0x00000030   Code   RO         5792    i.__mathlib_dbl_divzero  m_wm.l(dunder.o)
    0x08005748   0x08005748   0x00000014   Code   RO         5793    i.__mathlib_dbl_infnan  m_wm.l(dunder.o)
    0x0800575c   0x0800575c   0x00000014   Code   RO         5794    i.__mathlib_dbl_infnan2  m_wm.l(dunder.o)
    0x08005770   0x08005770   0x00000020   Code   RO         5795    i.__mathlib_dbl_invalid  m_wm.l(dunder.o)
    0x08005790   0x08005790   0x00000020   Code   RO         5796    i.__mathlib_dbl_overflow  m_wm.l(dunder.o)
    0x080057b0   0x080057b0   0x00000020   Code   RO         5798    i.__mathlib_dbl_underflow  m_wm.l(dunder.o)
    0x080057d0   0x080057d0   0x0000000e   Code   RO         5865    i.__scatterload_copy  mc_w.l(handlers.o)
    0x080057de   0x080057de   0x00000002   Code   RO         5866    i.__scatterload_null  mc_w.l(handlers.o)
    0x080057e0   0x080057e0   0x0000000e   Code   RO         5867    i.__scatterload_zeroinit  mc_w.l(handlers.o)
    0x080057ee   0x080057ee   0x00000002   PAD
    0x080057f0   0x080057f0   0x0000000c   Code   RO         5841    i.__set_errno       mc_w.l(errno.o)
    0x080057fc   0x080057fc   0x00000030   Code   RO         1389    i.abs_limit         math_calcu.o
    0x0800582c   0x0800582c   0x00000010   Code   RO         5780    i.atan              m_wm.l(atan.o)
    0x0800583c   0x0800583c   0x00000014   Code   RO         1229    i.bit_check         status_task.o
    0x08005850   0x08005850   0x0000007c   Code   RO          875    i.can1_send_message  bsp_can.o
    0x080058cc   0x080058cc   0x00000048   Code   RO         1290    i.can1_send_supercap  comm_task.o
    0x08005914   0x08005914   0x0000007c   Code   RO          876    i.can2_send_message  bsp_can.o
    0x08005990   0x08005990   0x00000078   Code   RO          877    i.can_device_init   bsp_can.o
    0x08005a08   0x08005a08   0x000000ec   Code   RO         1291    i.can_msg_send_task  comm_task.o
    0x08005af4   0x08005af4   0x000000f4   Code   RO         1062    i.chassis_param_init  chassis_task.o
    0x08005be8   0x08005be8   0x0000012c   Code   RO         1063    i.chassis_pid_calcu  chassis_task.o
    0x08005d14   0x08005d14   0x00000078   Code   RO         1064    i.chassis_power_calcu  chassis_task.o
    0x08005d8c   0x08005d8c   0x000000e4   Code   RO         1065    i.chassis_spd_distribution  chassis_task.o
    0x08005e70   0x08005e70   0x000000e8   Code   RO         1066    i.chassis_task      chassis_task.o
    0x08005f58   0x08005f58   0x0000005c   Code   RO         1390    i.circle_error      math_calcu.o
    0x08005fb4   0x08005fb4   0x00000020   Code   RO         1391    i.data_limit        math_calcu.o
    0x08005fd4   0x08005fd4   0x0000003a   Code   RO          878    i.encoder_data_handler  bsp_can.o
    0x0800600e   0x0800600e   0x00000018   Code   RO         5808    i.fabs              m_wm.l(fabs.o)
    0x08006026   0x08006026   0x00000010   Code   RO         5192    i.inHandlerMode     cmsis_os.o
    0x08006036   0x08006036   0x00000002   PAD
    0x08006038   0x08006038   0x0000001c   Code   RO         1293    i.judge_msg_get     comm_task.o
    0x08006054   0x08006054   0x00000094   Code   RO           16    i.main              main.o
    0x080060e8   0x080060e8   0x0000000c   Code   RO         5194    i.makeFreeRtosPriority  cmsis_os.o
    0x080060f4   0x080060f4   0x00000020   Code   RO         1173    i.mode_switch_task  modeswitch_task.o
    0x08006114   0x08006114   0x00000010   Code   RO         5196    i.osDelay           cmsis_os.o
    0x08006124   0x08006124   0x00000010   Code   RO         5197    i.osDelayUntil      cmsis_os.o
    0x08006134   0x08006134   0x0000000a   Code   RO         5199    i.osKernelStart     cmsis_os.o
    0x0800613e   0x0800613e   0x00000018   Code   RO         5200    i.osKernelSysTick   cmsis_os.o
    0x08006156   0x08006156   0x00000002   PAD
    0x08006158   0x08006158   0x00000068   Code   RO         5230    i.osSignalSet       cmsis_os.o
    0x080061c0   0x080061c0   0x00000066   Code   RO         5231    i.osSignalWait      cmsis_os.o
    0x08006226   0x08006226   0x0000005c   Code   RO         5233    i.osThreadCreate    cmsis_os.o
    0x08006282   0x08006282   0x00000002   PAD
    0x08006284   0x08006284   0x000001f0   Code   RO         1341    i.pid_calc          pid.o
    0x08006474   0x08006474   0x0000000e   Code   RO         1342    i.pid_param_init    pid.o
    0x08006482   0x08006482   0x00000006   Code   RO         1343    i.pid_reset         pid.o
    0x08006488   0x08006488   0x00000078   Code   RO         4737    i.prvAddCurrentTaskToDelayedList  tasks.o
    0x08006500   0x08006500   0x00000088   Code   RO         4738    i.prvAddNewTaskToReadyList  tasks.o
    0x08006588   0x08006588   0x0000005c   Code   RO         5053    i.prvCheckForValidListAndQueue  timers.o
    0x080065e4   0x080065e4   0x00000040   Code   RO         4739    i.prvCheckTasksWaitingTermination  tasks.o
    0x08006624   0x08006624   0x00000024   Code   RO         4415    i.prvCopyDataFromQueue  queue.o
    0x08006648   0x08006648   0x0000006e   Code   RO         4416    i.prvCopyDataToQueue  queue.o
    0x080066b6   0x080066b6   0x00000040   Code   RO         4740    i.prvDeleteTCB      tasks.o
    0x080066f6   0x080066f6   0x00000002   PAD
    0x080066f8   0x080066f8   0x00000024   Code   RO         5054    i.prvGetNextExpireTime  timers.o
    0x0800671c   0x0800671c   0x00000050   Code   RO         5561    i.prvHeapInit       heap_4.o
    0x0800676c   0x0800676c   0x00000028   Code   RO         4741    i.prvIdleTask       tasks.o
    0x08006794   0x08006794   0x00000018   Code   RO         4419    i.prvInitialiseNewQueue  queue.o
    0x080067ac   0x080067ac   0x00000074   Code   RO         4742    i.prvInitialiseNewTask  tasks.o
    0x08006820   0x08006820   0x00000060   Code   RO         4743    i.prvInitialiseTaskLists  tasks.o
    0x08006880   0x08006880   0x0000005c   Code   RO         5562    i.prvInsertBlockIntoFreeList  heap_4.o
    0x080068dc   0x080068dc   0x00000048   Code   RO         5056    i.prvInsertTimerInActiveList  timers.o
    0x08006924   0x08006924   0x0000001a   Code   RO         4420    i.prvIsQueueEmpty   queue.o
    0x0800693e   0x0800693e   0x0000001e   Code   RO         4421    i.prvIsQueueFull    queue.o
    0x0800695c   0x0800695c   0x0000005c   Code   RO         5057    i.prvProcessExpiredTimer  timers.o
    0x080069b8   0x080069b8   0x000000c8   Code   RO         5058    i.prvProcessReceivedCommands  timers.o
    0x08006a80   0x08006a80   0x0000006c   Code   RO         5059    i.prvProcessTimerOrBlockTask  timers.o
    0x08006aec   0x08006aec   0x00000024   Code   RO         4744    i.prvResetNextTaskUnblockTime  tasks.o
    0x08006b10   0x08006b10   0x0000002c   Code   RO         5060    i.prvSampleTimeNow  timers.o
    0x08006b3c   0x08006b3c   0x00000074   Code   RO         5061    i.prvSwitchTimerLists  timers.o
    0x08006bb0   0x08006bb0   0x00000030   Code   RO         5612    i.prvTaskExitError  port.o
    0x08006be0   0x08006be0   0x00000014   Code   RO         5062    i.prvTimerTask      timers.o
    0x08006bf4   0x08006bf4   0x00000068   Code   RO         4422    i.prvUnlockQueue    queue.o
    0x08006c5c   0x08006c5c   0x000000e4   Code   RO         5563    i.pvPortMalloc      heap_4.o
    0x08006d40   0x08006d40   0x0000002c   Code   RO         5613    i.pxPortInitialiseStack  port.o
    0x08006d6c   0x08006d6c   0x000000b4   Code   RO         1438    i.rc_callback_handler  remote_msg.o
    0x08006e20   0x08006e20   0x0000006e   Code   RO         5715    i.sqrt              m_wm.l(sqrt.o)
    0x08006e8e   0x08006e8e   0x00000002   PAD
    0x08006e90   0x08006e90   0x00000044   Code   RO         1230    i.status_init       status_task.o
    0x08006ed4   0x08006ed4   0x00000174   Code   RO         1231    i.status_task       status_task.o
    0x08007048   0x08007048   0x00000340   Code   RO         1068    i.steering_calc     chassis_task.o
    0x08007388   0x08007388   0x00000028   Code   RO         1174    i.sw1_mode_handler  modeswitch_task.o
    0x080073b0   0x080073b0   0x00000002   Code   RO         1175    i.sw2_mode_handler  modeswitch_task.o
    0x080073b2   0x080073b2   0x00000002   PAD
    0x080073b4   0x080073b4   0x00000034   Code   RO         1176    i.unlock_init       modeswitch_task.o
    0x080073e8   0x080073e8   0x00000026   Code   RO         4375    i.uxListRemove      list.o
    0x0800740e   0x0800740e   0x00000002   PAD
    0x08007410   0x08007410   0x00000014   Code   RO          258    i.vApplicationGetIdleTaskMemory  freertos.o
    0x08007424   0x08007424   0x00000018   Code   RO          259    i.vApplicationGetTimerTaskMemory  freertos.o
    0x0800743c   0x0800743c   0x00000016   Code   RO         4376    i.vListInitialise   list.o
    0x08007452   0x08007452   0x00000006   Code   RO         4377    i.vListInitialiseItem  list.o
    0x08007458   0x08007458   0x00000036   Code   RO         4378    i.vListInsert       list.o
    0x0800748e   0x0800748e   0x00000018   Code   RO         4379    i.vListInsertEnd    list.o
    0x080074a6   0x080074a6   0x00000002   PAD
    0x080074a8   0x080074a8   0x00000040   Code   RO         5615    i.vPortEnterCritical  port.o
    0x080074e8   0x080074e8   0x0000002c   Code   RO         5616    i.vPortExitCritical  port.o
    0x08007514   0x08007514   0x0000005c   Code   RO         5564    i.vPortFree         heap_4.o
    0x08007570   0x08007570   0x00000024   Code   RO         5617    i.vPortSetupTimerInterrupt  port.o
    0x08007594   0x08007594   0x00000054   Code   RO         5618    i.vPortValidateInterruptPriority  port.o
    0x080075e8   0x080075e8   0x00000028   Code   RO         4426    i.vQueueAddToRegistry  queue.o
    0x08007610   0x08007610   0x0000004a   Code   RO         4429    i.vQueueWaitForMessageRestricted  queue.o
    0x0800765a   0x0800765a   0x00000002   PAD
    0x0800765c   0x0800765c   0x00000050   Code   RO         4752    i.vTaskDelay        tasks.o
    0x080076ac   0x080076ac   0x0000009c   Code   RO         4753    i.vTaskDelayUntil   tasks.o
    0x08007748   0x08007748   0x00000010   Code   RO         4756    i.vTaskInternalSetTimeOutState  tasks.o
    0x08007758   0x08007758   0x0000000c   Code   RO         4757    i.vTaskMissedYield  tasks.o
    0x08007764   0x08007764   0x00000034   Code   RO         4759    i.vTaskPlaceOnEventList  tasks.o
    0x08007798   0x08007798   0x0000003c   Code   RO         4760    i.vTaskPlaceOnEventListRestricted  tasks.o
    0x080077d4   0x080077d4   0x00000090   Code   RO         4767    i.vTaskStartScheduler  tasks.o
    0x08007864   0x08007864   0x00000010   Code   RO         4769    i.vTaskSuspendAll   tasks.o
    0x08007874   0x08007874   0x00000060   Code   RO         4770    i.vTaskSwitchContext  tasks.o
    0x080078d4   0x080078d4   0x00000010   Code   RO         1232    i.wdg_user_set_bit  status_task.o
    0x080078e4   0x080078e4   0x00000104   Code   RO         5619    i.xPortStartScheduler  port.o
    0x080079e8   0x080079e8   0x00000070   Code   RO         4433    i.xQueueGenericCreateStatic  queue.o
    0x08007a58   0x08007a58   0x00000090   Code   RO         4434    i.xQueueGenericReset  queue.o
    0x08007ae8   0x08007ae8   0x00000170   Code   RO         4435    i.xQueueGenericSend  queue.o
    0x08007c58   0x08007c58   0x000000bc   Code   RO         4436    i.xQueueGenericSendFromISR  queue.o
    0x08007d14   0x08007d14   0x00000148   Code   RO         4442    i.xQueueReceive     queue.o
    0x08007e5c   0x08007e5c   0x00000080   Code   RO         4771    i.xTaskCheckForTimeOut  tasks.o
    0x08007edc   0x08007edc   0x0000006c   Code   RO         4772    i.xTaskCreate       tasks.o
    0x08007f48   0x08007f48   0x00000060   Code   RO         4773    i.xTaskCreateStatic  tasks.o
    0x08007fa8   0x08007fa8   0x000000d0   Code   RO         4774    i.xTaskGenericNotify  tasks.o
    0x08008078   0x08008078   0x000000fc   Code   RO         4775    i.xTaskGenericNotifyFromISR  tasks.o
    0x08008174   0x08008174   0x0000001c   Code   RO         4777    i.xTaskGetSchedulerState  tasks.o
    0x08008190   0x08008190   0x0000000c   Code   RO         4778    i.xTaskGetTickCount  tasks.o
    0x0800819c   0x0800819c   0x00000010   Code   RO         4779    i.xTaskGetTickCountFromISR  tasks.o
    0x080081ac   0x080081ac   0x000000d0   Code   RO         4780    i.xTaskIncrementTick  tasks.o
    0x0800827c   0x0800827c   0x00000090   Code   RO         4782    i.xTaskNotifyWait   tasks.o
    0x0800830c   0x0800830c   0x0000009c   Code   RO         4783    i.xTaskPriorityDisinherit  tasks.o
    0x080083a8   0x080083a8   0x00000078   Code   RO         4785    i.xTaskRemoveFromEventList  tasks.o
    0x08008420   0x08008420   0x000000cc   Code   RO         4786    i.xTaskResumeAll    tasks.o
    0x080084ec   0x080084ec   0x00000068   Code   RO         5067    i.xTimerCreateTimerTask  timers.o
    0x08008554   0x08008554   0x00000074   Code   RO         5068    i.xTimerGenericCommand  timers.o
    0x080085c8   0x080085c8   0x0000008c   Data   RO          261    .constdata          freertos.o
    0x08008654   0x08008654   0x00000010   Data   RO          838    .constdata          system_stm32f4xx.o
    0x08008664   0x08008664   0x00000008   Data   RO          839    .constdata          system_stm32f4xx.o
    0x0800866c   0x0800866c   0x00000008   Data   RO         2354    .constdata          stm32f4xx_hal_dma.o
    0x08008674   0x08008674   0x00000004   PAD
    0x08008678   0x08008678   0x00000088   Data   RO         5702    .constdata          m_wm.l(pow.o)
    0x08008700   0x08008700   0x00000098   Data   RO         5781    .constdata          m_wm.l(atan.o)
    0x08008798   0x08008798   0x00000008   Data   RO         5816    .constdata          m_wm.l(qnan.o)
    0x080087a0   0x080087a0   0x00000037   Data   RO          262    .conststring        freertos.o
    0x080087d7   0x080087d7   0x00000001   PAD
    0x080087d8   0x080087d8   0x00000020   Data   RO         5863    Region$$Table       anon$$obj.o


    Execution Region RW_IRAM1 (Exec base: 0x20000000, Load base: 0x080087f8, Size: 0x00005b50, Max: 0x00020000, ABSOLUTE)

    Exec Addr    Load Addr    Size         Type   Attr      Idx    E Section Name        Object

    0x20000000   0x080087f8   0x00000014   Data   RW          263    .data               freertos.o
    0x20000014   0x0800880c   0x00000004   Data   RW          329    .data               can.o
    0x20000018   0x08008810   0x00000004   Data   RW          840    .data               system_stm32f4xx.o
    0x2000001c   0x08008814   0x0000002c   Data   RW          881    .data               bsp_can.o
    0x20000048   0x08008840   0x00000001   Data   RW          953    .data               bsp_powerlimit.o
    0x20000049   0x08008841   0x00000003   PAD
    0x2000004c   0x08008844   0x00000014   Data   RW         1074    .data               chassis_task.o
    0x20000060   0x08008858   0x00000002   Data   RW         1179    .data               modeswitch_task.o
    0x20000062   0x0800885a   0x00000002   PAD
    0x20000064   0x0800885c   0x00000010   Data   RW         1233    .data               status_task.o
    0x20000074   0x0800886c   0x0000000c   Data   RW         1295    .data               comm_task.o
    0x20000080   0x08008878   0x0000000c   Data   RW         2776    .data               stm32f4xx_hal.o
    0x2000008c   0x08008884   0x0000003c   Data   RW         4789    .data               tasks.o
    0x200000c8   0x080088c0   0x00000014   Data   RW         5074    .data               timers.o
    0x200000dc   0x080088d4   0x00000018   Data   RW         5569    .data               heap_4.o
    0x200000f4   0x080088ec   0x0000000c   Data   RW         5620    .data               port.o
    0x20000100   0x080088f8   0x00000004   Data   RW         5842    .data               mc_w.l(errno.o)
    0x20000104        -       0x000006a8   Zero   RW          260    .bss                freertos.o
    0x200007ac        -       0x00000050   Zero   RW          328    .bss                can.o
    0x200007fc        -       0x00000140   Zero   RW          407    .bss                tim.o
    0x2000093c        -       0x00000600   Zero   RW          489    .bss                usart.o
    0x20000f3c        -       0x00000040   Zero   RW          800    .bss                stm32f4xx_hal_timebase_tim.o
    0x20000f7c        -       0x00000128   Zero   RW          879    .bss                bsp_can.o
    0x200010a4        -       0x00000044   Zero   RW          952    .bss                bsp_powerlimit.o
    0x200010e8        -       0x00000012   Zero   RW         1019    .bss                bsp_usart.o
    0x200010fa   0x080088fc   0x00000002   PAD
    0x200010fc        -       0x00000104   Zero   RW         1070    .bss                chassis_task.o
    0x20001200        -       0x00000010   Zero   RW         1294    .bss                comm_task.o
    0x20001210        -       0x000001b0   Zero   RW         1344    .bss                pid.o
    0x200013c0        -       0x000001b0   Zero   RW         1345    .bss                pid.o
    0x20001570        -       0x000001b0   Zero   RW         1346    .bss                pid.o
    0x20001720        -       0x00000016   Zero   RW         1440    .bss                remote_msg.o
    0x20001736   0x080088fc   0x00000002   PAD
    0x20001738        -       0x00000040   Zero   RW         4445    .bss                queue.o
    0x20001778        -       0x000000f0   Zero   RW         4788    .bss                tasks.o
    0x20001868        -       0x000000e8   Zero   RW         5073    .bss                timers.o
    0x20001950        -       0x00003c00   Zero   RW         5568    .bss                heap_4.o
    0x20005550        -       0x00000600   Zero   RW            1    STACK               startup_stm32f407xx.o


==============================================================================

Image component sizes


      Code (inc. data)   RO Data    RW Data    ZI Data      Debug   Object Name

       738         74          0         44        296       5321   bsp_can.o
       828        172          0          1         68       5332   bsp_powerlimit.o
       142         20          0          0         18       2352   bsp_usart.o
       484         40          0          4         80       2418   can.o
      1956        174          0         20        260       6841   chassis_task.o
       392          4          0          0          0      30969   cmsis_os.o
       336         36          0         12         16       3416   comm_task.o
       236          4          0          0          0        854   dma.o
         0          0          0          0          0      18064   event_groups.o
       192         20        195         20       1704       3660   freertos.o
       276         22          0          0          0       1023   gpio.o
       492         32          0         24      15360       4855   heap_4.o
       144          0          0          0          0       3510   list.o
       302         18          0          0          0     732380   main.o
       172          6          0          0          0       1960   math_calcu.o
       126         24          0          2          0       3376   modeswitch_task.o
       540         14          0          0       1296       4394   pid.o
       814         92          0         12          0      11845   port.o
      1584         24          0          0         64      14832   queue.o
       180          0          0          0         22       2211   remote_msg.o
        36          8        392          0       1536        824   startup_stm32f407xx.o
       476         30          0         16          0       6390   status_task.o
       120         20          0         12          0       3806   stm32f4xx_hal.o
      2054          6          0          0          0      15469   stm32f4xx_hal_can.o
       168         12          0          0          0      32794   stm32f4xx_hal_cortex.o
      1282         18          8          0          0       7394   stm32f4xx_hal_dma.o
       554         22          0          0          0       2492   stm32f4xx_hal_gpio.o
        56          4          0          0          0        814   stm32f4xx_hal_msp.o
      1686        102          0          0          0       6877   stm32f4xx_hal_rcc.o
      1390         46          0          0          0      10366   stm32f4xx_hal_tim.o
        82          0          0          0          0       2473   stm32f4xx_hal_tim_ex.o
       116         16          0          0         64       1360   stm32f4xx_hal_timebase_tim.o
      1996         34          0          0          0      12627   stm32f4xx_hal_uart.o
       384        162          0          0          0      15080   stm32f4xx_it.o
        84         18         24          4          0       1123   system_stm32f4xx.o
      2984        256          0         60        240      30222   tasks.o
       884         94          0          0        320       5466   tim.o
      1000         94          0         20        232      27359   timers.o
      1664        136          0          0       1536       6235   usart.o

    ----------------------------------------------------------------------
     26990       1854        656        256      23116    1048784   Object Totals
         0          0         32          0          0          0   (incl. Generated)
        40          0          5          5          4          0   (incl. Padding)

    ----------------------------------------------------------------------

      Code (inc. data)   RO Data    RW Data    ZI Data      Debug   Library Member Name

       744        106        152          0          0        352   atan.o
       496         64          0          0          0        192   atan2.o
       184         44          0          0          0        744   dunder.o
        24          0          0          0          0        124   fabs.o
        48          0          0          0          0        124   fpclassify.o
       248          0          0          0          0        152   poly.o
      3152        296        136          0          0        352   pow.o
         0          0          8          0          0          0   qnan.o
       232          0          0          0          0        296   sqrt.o
         0          0          0          0          0          0   entry.o
         0          0          0          0          0          0   entry10a.o
         0          0          0          0          0          0   entry11a.o
         8          4          0          0          0          0   entry2.o
         4          0          0          0          0          0   entry5.o
         0          0          0          0          0          0   entry7b.o
         0          0          0          0          0          0   entry8b.o
         8          4          0          0          0          0   entry9a.o
        12          6          0          4          0         68   errno.o
        30          0          0          0          0          0   handlers.o
        36          8          0          0          0         68   init.o
         0          0          0          0          0          0   iusefp.o
        30          0          0          0          0         68   llshl.o
        36          0          0          0          0         68   llsshr.o
        32          0          0          0          0         68   llushr.o
        36          0          0          0          0         68   memcpya.o
        36          0          0          0          0        108   memseta.o
        98          0          0          0          0         92   uldiv.o
        48          0          0          0          0         68   cdrcmple.o
       334          0          0          0          0        148   dadd.o
       222          0          0          0          0        100   ddiv.o
       186          0          0          0          0        176   depilogue.o
        62          0          0          0          0         80   dfixi.o
        34          0          0          0          0         76   dflti.o
       228          0          0          0          0         96   dmul.o
        46          0          0          0          0         80   dscalb.o
       162          0          0          0          0        100   dsqrt.o
        38          0          0          0          0         68   f2d.o

    ----------------------------------------------------------------------
      6866        532        296          4          0       3936   Library Totals
        12          0          0          0          0          0   (incl. Padding)

    ----------------------------------------------------------------------

      Code (inc. data)   RO Data    RW Data    ZI Data      Debug   Library Name

      5128        510        296          0          0       2336   m_wm.l
       366         22          0          4          0        608   mc_w.l
      1360          0          0          0          0        992   mf_w.l

    ----------------------------------------------------------------------
      6866        532        296          4          0       3936   Library Totals

    ----------------------------------------------------------------------

==============================================================================


      Code (inc. data)   RO Data    RW Data    ZI Data      Debug   

     33856       2386        952        260      23116    1026096   Grand Totals
     33856       2386        952        260      23116    1026096   ELF Image Totals
     33856       2386        952        260          0          0   ROM Totals

==============================================================================

    Total RO  Size (Code + RO Data)                34808 (  33.99kB)
    Total RW  Size (RW Data + ZI Data)             23376 (  22.83kB)
    Total ROM Size (Code + RO Data + RW Data)      35068 (  34.25kB)

==============================================================================

